../Core/Src/main.c:116:6:W5500_Select	8	static
../Core/Src/main.c:117:6:W5500_Deselect	8	static
../Core/Src/main.c:118:6:HAL_SPI_TxCpltCallback	16	static
../Core/Src/main.c:119:6:HAL_SPI_RxCpltCallback	16	static
../Core/Src/main.c:120:6:W5500_ReadBuff_OS	16	static
../Core/Src/main.c:124:6:W5500_WriteBuff_OS	16	static
../Core/Src/main.c:128:9:W5500_ReadByte	16	static
../Core/Src/main.c:129:6:W5500_WriteByte	16	static
../Core/Src/main.c:131:6:clarke_transform	32	static
../Core/Src/main.c:135:6:park_transform	40	static
../Core/Src/main.c:142:5:main	208	static
../Core/Src/main.c:197:6:StartTaskRX	64	static
../Core/Src/main.c:249:6:StartTaskDSP	1360	static
../Core/Src/main.c:310:6:StartTaskTX_F411	688	static
../Core/Src/main.c:364:6:StartTaskTX_PC	56	static
../Core/Src/main.c:409:13:enable_fpu	4	static
../Core/Src/main.c:411:6:SystemClock_Config	88	static
../Core/Src/main.c:436:13:MX_SPI1_Init	8	static
../Core/Src/main.c:475:13:MX_DMA_Init	16	static
../Core/Src/main.c:483:13:MX_GPIO_Init	40	static
../Core/Src/main.c:495:6:StartDefaultTask	16	static
../Core/Src/main.c:496:6:HAL_TIM_PeriodElapsedCallback	16	static
../Core/Src/main.c:497:6:Error_Handler	4	static,ignoring_inline_asm
