Archive member included to satisfy reference by file (symbol)

../Middlewares/ST/AI/Lib\NetworkRuntime1020_CM4_GCC.a(ai_platform.o)
                              ./X-CUBE-AI/App/network.o (ai_buffer_array_item_set_address)
../Middlewares/ST/AI/Lib\NetworkRuntime1020_CM4_GCC.a(ai_platform_interface.o)
                              ./X-CUBE-AI/App/network.o (ai_platform_get_weights_map)
../Middlewares/ST/AI/Lib\NetworkRuntime1020_CM4_GCC.a(core_common.o)
                              ../Middlewares/ST/AI/Lib\NetworkRuntime1020_CM4_GCC.a(ai_platform_interface.o) (core_init)
../Middlewares/ST/AI/Lib\NetworkRuntime1020_CM4_GCC.a(core_mem_manager.o)
                              ../Middlewares/ST/AI/Lib\NetworkRuntime1020_CM4_GCC.a(ai_platform_interface.o) (core_mem_alloc)
../Middlewares/ST/AI/Lib\NetworkRuntime1020_CM4_GCC.a(layers.o)
                              ../Middlewares/ST/AI/Lib\NetworkRuntime1020_CM4_GCC.a(ai_platform_interface.o) (ai_check_custom_types)
../Middlewares/ST/AI/Lib\NetworkRuntime1020_CM4_GCC.a(layers_conv2d_generic_float.o)
                              ./X-CUBE-AI/App/network.o (forward_conv2d_if32of32wf32_nl_pool)
../Middlewares/ST/AI/Lib\NetworkRuntime1020_CM4_GCC.a(layers_generic_float.o)
                              ./X-CUBE-AI/App/network.o (forward_concat)
../Middlewares/ST/AI/Lib\NetworkRuntime1020_CM4_GCC.a(layers_nl_generic_float.o)
                              ./X-CUBE-AI/App/network.o (forward_relu)
../Middlewares/ST/AI/Lib\NetworkRuntime1020_CM4_GCC.a(layers_pad_generic.o)
                              ../Middlewares/ST/AI/Lib\NetworkRuntime1020_CM4_GCC.a(layers_generic_float.o) (forward_pad_8bit_ch1st_3x3_constant)
../Middlewares/ST/AI/Lib\NetworkRuntime1020_CM4_GCC.a(layers_resize.o)
                              ../Middlewares/ST/AI/Lib\NetworkRuntime1020_CM4_GCC.a(layers_generic_float.o) (forward_resize_nearest_if32of32)
../Middlewares/ST/AI/Lib\NetworkRuntime1020_CM4_GCC.a(layers_conv2d_integer_scratch.o)
                              ../Middlewares/ST/AI/Lib\NetworkRuntime1020_CM4_GCC.a(layers.o) (get_dense_scratch_size_s8)
../Middlewares/ST/AI/Lib\NetworkRuntime1020_CM4_GCC.a(forward_lite_argminmax.o)
                              ../Middlewares/ST/AI/Lib\NetworkRuntime1020_CM4_GCC.a(layers_generic_float.o) (forward_lite_argmax_if32)
../Middlewares/ST/AI/Lib\NetworkRuntime1020_CM4_GCC.a(forward_lite_conv2d_if32of32wf32.o)
                              ../Middlewares/ST/AI/Lib\NetworkRuntime1020_CM4_GCC.a(layers_conv2d_generic_float.o) (forward_lite_conv2d_if32of32wf32)
../Middlewares/ST/AI/Lib\NetworkRuntime1020_CM4_GCC.a(lite_nl_softmax_if32of32.o)
                              ../Middlewares/ST/AI/Lib\NetworkRuntime1020_CM4_GCC.a(layers_nl_generic_float.o) (forward_lite_nl_softmax_if32of32_kernel)
../Middlewares/ST/AI/Lib\NetworkRuntime1020_CM4_GCC.a(lite_nl_relu_if32of32.o)
                              ../Middlewares/ST/AI/Lib\NetworkRuntime1020_CM4_GCC.a(layers_nl_generic_float.o) (forward_lite_nl_prelu_if32of32_kernel)
../Middlewares/ST/AI/Lib\NetworkRuntime1020_CM4_GCC.a(lite_argminmax_if32_kernel.o)
                              ../Middlewares/ST/AI/Lib\NetworkRuntime1020_CM4_GCC.a(forward_lite_argminmax.o) (forward_lite_argmax_f32_kernel_ch)
../Middlewares/ST/AI/Lib\NetworkRuntime1020_CM4_GCC.a(lite_argminmax_is8_kernel.o)
                              ../Middlewares/ST/AI/Lib\NetworkRuntime1020_CM4_GCC.a(forward_lite_argminmax.o) (forward_lite_argmax_s8_kernel)
../Middlewares/ST/AI/Lib\NetworkRuntime1020_CM4_GCC.a(forward_lite_pool_f32.o)
                              ./X-CUBE-AI/App/network.o (pool_func_mp_array_f32)
../Middlewares/ST/AI/Lib\NetworkRuntime1020_CM4_GCC.a(forward_lite_resize.o)
                              ../Middlewares/ST/AI/Lib\NetworkRuntime1020_CM4_GCC.a(layers_resize.o) (forward_lite_resize_bilinear_if32of32)
../Middlewares/ST/AI/Lib\NetworkRuntime1020_CM4_GCC.a(forward_lite_upsample.o)
                              ../Middlewares/ST/AI/Lib\NetworkRuntime1020_CM4_GCC.a(layers_generic_float.o) (forward_lite_upsample_bilinear_if32of32)
../Middlewares/ST/AI/Lib\NetworkRuntime1020_CM4_GCC.a(forward_lite_upsample_generic.o)
                              ../Middlewares/ST/AI/Lib\NetworkRuntime1020_CM4_GCC.a(layers_generic_float.o) (forward_lite_upsample_nearest)
../Middlewares/ST/AI/Lib\NetworkRuntime1020_CM4_GCC.a(lite_dense_if32.o)
                              ../Middlewares/ST/AI/Lib\NetworkRuntime1020_CM4_GCC.a(layers_conv2d_generic_float.o) (lite_decompress_ilutof32)
../Middlewares/ST/AI/Lib\NetworkRuntime1020_CM4_GCC.a(lite_generic_float.o)
                              ../Middlewares/ST/AI/Lib\NetworkRuntime1020_CM4_GCC.a(layers_generic_float.o) (forward_lite_gather_nd)
../Middlewares/ST/AI/Lib\NetworkRuntime1020_CM4_GCC.a(lite_nl_generic_float.o)
                              ./X-CUBE-AI/App/network.o (forward_lite_nl_relu_if32of32)
../Middlewares/ST/AI/Lib\NetworkRuntime1020_CM4_GCC.a(forward_lite_pad_generic.o)
[...]
Memory Configuration

Name             Origin             Length             Attributes
RAM              0x0000000020000000 0x0000000000020000 xrw
FLASH            0x0000000008000000 0x0000000000080000 xr
*default*        0x0000000000000000 0xffffffffffffffff

Linker script and memory map

LOAD C:/ST/STM32CubeIDE_1.13.1/STM32CubeIDE/plugins/com.st.stm32cube.ide.mcu.externaltools.gnu-tools-for-stm32.11.3.rel1.win32_1.1.100.202309141235/tools/bin/../lib/gcc/arm-none-eabi/11.3.1/thumb/v7e-m+fp/hard/crti.o
LOAD C:/ST/STM32CubeIDE_1.13.1/STM32CubeIDE/plugins/com.st.stm32cube.ide.mcu.externaltools.gnu-tools-for-stm32.11.3.rel1.win32_1.1.100.202309141235/tools/bin/../lib/gcc/arm-none-eabi/11.3.1/thumb/v7e-m+fp/hard/crtbegin.o
LOAD C:/ST/STM32CubeIDE_1.13.1/STM32CubeIDE/plugins/com.st.stm32cube.ide.mcu.externaltools.gnu-tools-for-stm32.11.3.rel1.win32_1.1.100.202309141235/tools/bin/../lib/gcc/arm-none-eabi/11.3.1/../../../../arm-none-eabi/lib/thumb/v7e-m+fp/hard/crt0.o
LOAD ./Core/Src/freertos.o
LOAD ./Core/Src/main.o
LOAD ./Core/Src/stm32f4xx_hal_msp.o
LOAD ./Core/Src/stm32f4xx_hal_timebase_tim.o
LOAD ./Core/Src/stm32f4xx_it.o
LOAD ./Core/Src/syscalls.o
LOAD ./Core/Src/sysmem.o
LOAD ./Core/Src/system_stm32f4xx.o
LOAD ./Core/Startup/startup_stm32f411retx.o
LOAD ./Drivers/Ethernet_w5500/W5500/w5500.o
LOAD ./Drivers/Ethernet_w5500/socket.o
LOAD ./Drivers/Ethernet_w5500/wizchip_conf.o
LOAD ./Drivers/STM32F4xx_HAL_Driver/Src/stm32f4xx_hal.o
LOAD ./Drivers/STM32F4xx_HAL_Driver/Src/stm32f4xx_hal_cortex.o
LOAD ./Drivers/STM32F4xx_HAL_Driver/Src/stm32f4xx_hal_dma.o
LOAD ./Drivers/STM32F4xx_HAL_Driver/Src/stm32f4xx_hal_dma_ex.o
LOAD ./Drivers/STM32F4xx_HAL_Driver/Src/stm32f4xx_hal_exti.o
LOAD ./Drivers/STM32F4xx_HAL_Driver/Src/stm32f4xx_hal_flash.o
LOAD ./Drivers/STM32F4xx_HAL_Driver/Src/stm32f4xx_hal_flash_ex.o
LOAD ./Drivers/STM32F4xx_HAL_Driver/Src/stm32f4xx_hal_flash_ramfunc.o
LOAD ./Drivers/STM32F4xx_HAL_Driver/Src/stm32f4xx_hal_gpio.o
LOAD ./Drivers/STM32F4xx_HAL_Driver/Src/stm32f4xx_hal_pwr.o
LOAD ./Drivers/STM32F4xx_HAL_Driver/Src/stm32f4xx_hal_pwr_ex.o
LOAD ./Drivers/STM32F4xx_HAL_Driver/Src/stm32f4xx_hal_rcc.o
LOAD ./Drivers/STM32F4xx_HAL_Driver/Src/stm32f4xx_hal_rcc_ex.o
LOAD ./Drivers/STM32F4xx_HAL_Driver/Src/stm32f4xx_hal_spi.o
LOAD ./Drivers/STM32F4xx_HAL_Driver/Src/stm32f4xx_hal_tim.o
LOAD ./Drivers/STM32F4xx_HAL_Driver/Src/stm32f4xx_hal_tim_ex.o
LOAD ./Middlewares/Third_Party/FreeRTOS/Source/CMSIS_RTOS/cmsis_os.o
LOAD ./Middlewares/Third_Party/FreeRTOS/Source/croutine.o
LOAD ./Middlewares/Third_Party/FreeRTOS/Source/event_groups.o
LOAD ./Middlewares/Third_Party/FreeRTOS/Source/list.o
LOAD ./Middlewares/Third_Party/FreeRTOS/Source/queue.o
LOAD ./Middlewares/Third_Party/FreeRTOS/Source/stream_buffer.o
LOAD ./Middlewares/Third_Party/FreeRTOS/Source/tasks.o
LOAD ./Middlewares/Third_Party/FreeRTOS/Source/timers.o
LOAD ./Middlewares/Third_Party/FreeRTOS/Source/portable/GCC/ARM_CM4F/port.o
LOAD ./Middlewares/Third_Party/FreeRTOS/Source/portable/MemMang/heap_4.o
LOAD ./X-CUBE-AI/App/network.o
LOAD ./X-CUBE-AI/App/network_data.o
LOAD ./X-CUBE-AI/App/network_data_params.o
LOAD ../Middlewares/ST/AI/Lib\NetworkRuntime1020_CM4_GCC.a
START GROUP
LOAD C:/ST/STM32CubeIDE_1.13.1/STM32CubeIDE/plugins/com.st.stm32cube.ide.mcu.externaltools.gnu-tools-for-stm32.11.3.rel1.win32_1.1.100.202309141235/tools/bin/../lib/gcc/arm-none-eabi/11.3.1/../../../../arm-none-eabi/lib/thumb/v7e-m+fp/hard\libc_nano.a
LOAD C:/ST/STM32CubeIDE_1.13.1/STM32CubeIDE/plugins/com.st.stm32cube.ide.mcu.externaltools.gnu-tools-for-stm32.11.3.rel1.win32_1.1.100.202309141235/tools/bin/../lib/gcc/arm-none-eabi/11.3.1/../../../../arm-none-eabi/lib/thumb/v7e-m+fp/hard\libm.a
END GROUP
START GROUP
LOAD C:/ST/STM32CubeIDE_1.13.1/STM32CubeIDE/plugins/com.st.stm32cube.ide.mcu.externaltools.gnu-tools-for-stm32.11.3.rel1.win32_1.1.100.202309141235/tools/bin/../lib/gcc/arm-none-eabi/11.3.1/thumb/v7e-m+fp/hard\libgcc.a
LOAD C:/ST/STM32CubeIDE_1.13.1/STM32CubeIDE/plugins/com.st.stm32cube.ide.mcu.externaltools.gnu-tools-for-stm32.11.3.rel1.win32_1.1.100.202309141235/tools/bin/../lib/gcc/arm-none-eabi/11.3.1/../../../../arm-none-eabi/lib/thumb/v7e-m+fp/hard\libc_nano.a
END GROUP
START GROUP
LOAD C:/ST/STM32CubeIDE_1.13.1/STM32CubeIDE/plugins/com.st.stm32cube.ide.mcu.externaltools.gnu-tools-for-stm32.11.3.rel1.win32_1.1.100.202309141235/tools/bin/../lib/gcc/arm-none-eabi/11.3.1/thumb/v7e-m+fp/hard\libgcc.a
LOAD C:/ST/STM32CubeIDE_1.13.1/STM32CubeIDE/plugins/com.st.stm32cube.ide.mcu.externaltools.gnu-tools-for-stm32.11.3.rel1.win32_1.1.100.202309141235/tools/bin/../lib/gcc/arm-none-eabi/11.3.1/../../../../arm-none-eabi/lib/thumb/v7e-m+fp/hard\libc_nano.a
LOAD C:/ST/STM32CubeIDE_1.13.1/STM32CubeIDE/plugins/com.st.stm32cube.ide.mcu.externaltools.gnu-tools-for-stm32.11.3.rel1.win32_1.1.100.202309141235/tools/bin/../lib/gcc/arm-none-eabi/11.3.1/../../../../arm-none-eabi/lib/thumb/v7e-m+fp/hard\libnosys.a
END GROUP
START GROUP
LOAD C:/ST/STM32CubeIDE_1.13.1/STM32CubeIDE/plugins/com.st.stm32cube.ide.mcu.externaltools.gnu-tools-for-stm32.11.3.rel1.win32_1.1.100.202309141235/tools/bin/../lib/gcc/arm-none-eabi/11.3.1/thumb/v7e-m+fp/hard\libgcc.a
LOAD C:/ST/STM32CubeIDE_1.13.1/STM32CubeIDE/plugins/com.st.stm32cube.ide.mcu.externaltools.gnu-tools-for-stm32.11.3.rel1.win32_1.1.100.202309141235/tools/bin/../lib/gcc/arm-none-eabi/11.3.1/../../../../arm-none-eabi/lib/thumb/v7e-m+fp/hard\libc_nano.a
LOAD C:/ST/STM32CubeIDE_1.13.1/STM32CubeIDE/plugins/com.st.stm32cube.ide.mcu.externaltools.gnu-tools-for-stm32.11.3.rel1.win32_1.1.100.202309141235/tools/bin/../lib/gcc/arm-none-eabi/11.3.1/../../../../arm-none-eabi/lib/thumb/v7e-m+fp/hard\libnosys.a
END GROUP
LOAD C:/ST/STM32CubeIDE_1.13.1/STM32CubeIDE/plugins/com.st.stm32cube.ide.mcu.externaltools.gnu-tools-for-stm32.11.3.rel1.win32_1.1.100.202309141235/tools/bin/../lib/gcc/arm-none-eabi/11.3.1/thumb/v7e-m+fp/hard/crtend.o
LOAD C:/ST/STM32CubeIDE_1.13.1/STM32CubeIDE/plugins/com.st.stm32cube.ide.mcu.externaltools.gnu-tools-for-stm32.11.3.rel1.win32_1.1.100.202309141235/tools/bin/../lib/gcc/arm-none-eabi/11.3.1/thumb/v7e-m+fp/hard/crtn.o
                0x0000000020020000                _estack = (ORIGIN (RAM) + LENGTH (RAM))
                0x0000000000000800                _Min_Heap_Size = 0x800
                0x0000000000000800                _Min_Stack_Size = 0x800

.isr_vector     0x0000000008000000      0x198
                0x0000000008000000                . = ALIGN (0x4)
 *(.isr_vector)
 .isr_vector    0x0000000008000000      0x198 ./Core/Startup/startup_stm32f411retx.o
                0x0000000008000000                g_pfnVectors
                0x0000000008000198                . = ALIGN (0x4)

.text           0x00000000080001a0     0x8248
                0x00000000080001a0                . = ALIGN (0x4)
 *(.text)
 .text          0x00000000080001a0       0x40 C:/ST/STM32CubeIDE_1.13.1/STM32CubeIDE/plugins/com.st.stm32cube.ide.mcu.externaltools.gnu-tools-for-stm32.11.3.rel1.win32_1.1.100.202309141235/tools/bin/../lib/gcc/arm-none-eabi/11.3.1/thumb/v7e-m+fp/hard/crtbegin.o
 .text          0x00000000080001e0       0x30 C:/ST/STM32CubeIDE_1.13.1/STM32CubeIDE/plugins/com.st.stm32cube.ide.mcu.externaltools.gnu-tools-for-stm32.11.3.rel1.win32_1.1.100.202309141235/tools/bin/../lib/gcc/arm-none-eabi/11.3.1/thumb/v7e-m+fp/hard\libgcc.a(_aeabi_uldivmod.o)
                0x00000000080001e0                __aeabi_uldivmod
 .text          0x0000000008000210      0x2c8 C:/ST/STM32CubeIDE_1.13.1/STM32CubeIDE/plugins/com.st.stm32cube.ide.mcu.externaltools.gnu-tools-for-stm32.11.3.rel1.win32_1.1.100.202309141235/tools/bin/../lib/gcc/arm-none-eabi/11.3.1/thumb/v7e-m+fp/hard\libgcc.a(_udivmoddi4.o)
                0x0000000008000210                __udivmoddi4
 .text          0x00000000080004d8        0x4 C:/ST/STM32CubeIDE_1.13.1/STM32CubeIDE/plugins/com.st.stm32cube.ide.mcu.externaltools.gnu-tools-for-stm32.11.3.rel1.win32_1.1.100.202309141235/tools/bin/../lib/gcc/arm-none-eabi/11.3.1/thumb/v7e-m+fp/hard\libgcc.a(_dvmd_tls.o)
                0x00000000080004d8                __aeabi_idiv0
                0x00000000080004d8                __aeabi_ldiv0
 *(.text*)
 .text.vApplicationGetIdleTaskMemory
                0x00000000080004dc       0x34 ./Core/Src/freertos.o
                0x00000000080004dc                vApplicationGetIdleTaskMemory
 .text.W5500_Select
                0x0000000008000510       0x18 ./Core/Src/main.o
                0x0000000008000510                W5500_Select
 .text.W5500_Deselect
                0x0000000008000528       0x18 ./Core/Src/main.o
                0x0000000008000528                W5500_Deselect
 .text.HAL_SPI_TxCpltCallback
                0x0000000008000540       0x20 ./Core/Src/main.o
                0x0000000008000540                HAL_SPI_TxCpltCallback
 .text.HAL_SPI_RxCpltCallback
                0x0000000008000560       0x20 ./Core/Src/main.o
                0x0000000008000560                HAL_SPI_RxCpltCallback
 .text.W5500_ReadBuff_OS
                0x0000000008000580       0x38 ./Core/Src/main.o
                0x0000000008000580                W5500_ReadBuff_OS
 .text.W5500_WriteBuff_OS
                0x00000000080005b8       0x38 ./Core/Src/main.o
                0x00000000080005b8                W5500_WriteBuff_OS
 .text.W5500_ReadByte
                0x00000000080005f0       0x20 ./Core/Src/main.o
                0x00000000080005f0                W5500_ReadByte
 .text.W5500_WriteByte
                0x0000000008000610       0x24 ./Core/Src/main.o
                0x0000000008000610                W5500_WriteByte
 .text.main     0x0000000008000634      0x110 ./Core/Src/main.o
                0x0000000008000634                main
 .text.StartTaskRouter
                0x0000000008000744      0x224 ./Core/Src/main.o
                0x0000000008000744                StartTaskRouter
 .text.SystemClock_Config
                0x0000000008000968       0xbc ./Core/Src/main.o
                0x0000000008000968                SystemClock_Config
 .text.MX_SPI1_Init
                0x0000000008000a24       0xfc ./Core/Src/main.o
 .text.MX_GPIO_Init
                0x0000000008000b20      0x100 ./Core/Src/main.o
 .text.MX_DMA_Init
                0x0000000008000c20       0x50 ./Core/Src/main.o
 .text.HAL_TIM_PeriodElapsedCallback
                0x0000000008000c70       0x24 ./Core/Src/main.o
                0x0000000008000c70                HAL_TIM_PeriodElapsedCallback
 .text.Error_Handler
                0x0000000008000c94        0xa ./Core/Src/main.o
                0x0000000008000c94                Error_Handler
 *fill*         0x0000000008000c9e        0x2 
 .text.HAL_MspInit
                0x0000000008000ca0       0x58 ./Core/Src/stm32f4xx_hal_msp.o
                0x0000000008000ca0                HAL_MspInit
 .text.HAL_SPI_MspInit
                0x0000000008000cf8      0x15c ./Core/Src/stm32f4xx_hal_msp.o
                0x0000000008000cf8                HAL_SPI_MspInit
 .text.HAL_InitTick
                0x0000000008000e54       0xe4 ./Core/Src/stm32f4xx_hal_timebase_tim.o
                0x0000000008000e54                HAL_InitTick
 .text.NMI_Handler
                0x0000000008000f38        0x6 ./Core/Src/stm32f4xx_it.o
                0x0000000008000f38                NMI_Handler
 .text.HardFault_Handler
                0x0000000008000f3e        0x6 ./Core/Src/stm32f4xx_it.o
                0x0000000008000f3e                HardFault_Handler
 .text.MemManage_Handler
                0x0000000008000f44        0x6 ./Core/Src/stm32f4xx_it.o
                0x0000000008000f44                MemManage_Handler
 .text.BusFault_Handler
                0x0000000008000f4a        0x6 ./Core/Src/stm32f4xx_it.o
                0x0000000008000f4a                BusFault_Handler
 .text.UsageFault_Handler
                0x0000000008000f50        0x6 ./Core/Src/stm32f4xx_it.o
                0x0000000008000f50                UsageFault_Handler
 .text.DebugMon_Handler
                0x0000000008000f56        0xe ./Core/Src/stm32f4xx_it.o
                0x0000000008000f56                DebugMon_Handler
 .text.TIM1_UP_TIM10_IRQHandler
                0x0000000008000f64       0x14 ./Core/Src/stm32f4xx_it.o
                0x0000000008000f64                TIM1_UP_TIM10_IRQHandler
 .text.DMA2_Stream0_IRQHandler
                0x0000000008000f78       0x14 ./Core/Src/stm32f4xx_it.o
                0x0000000008000f78                DMA2_Stream0_IRQHandler
 .text.DMA2_Stream2_IRQHandler
                0x0000000008000f8c       0x14 ./Core/Src/stm32f4xx_it.o
                0x0000000008000f8c                DMA2_Stream2_IRQHandler
 .text.SystemInit
                0x0000000008000fa0       0x24 ./Core/Src/system_stm32f4xx.o
                0x0000000008000fa0                SystemInit
 .text.Reset_Handler
                0x0000000008000fc4       0x50 ./Core/Startup/startup_stm32f411retx.o
                0x0000000008000fc4                Reset_Handler
 .text.Default_Handler
                0x0000000008001014        0x2 ./Core/Startup/startup_stm32f411retx.o
                0x0000000008001014                RTC_Alarm_IRQHandler
                0x0000000008001014                EXTI2_IRQHandler
                0x0000000008001014                SPI4_IRQHandler
                0x0000000008001014                TIM1_CC_IRQHandler
                0x0000000008001014                DMA2_Stream5_IRQHandler
                0x0000000008001014                DMA1_Stream5_IRQHandler
                0x0000000008001014                PVD_IRQHandler
                0x0000000008001014                SDIO_IRQHandler
                0x0000000008001014                TAMP_STAMP_IRQHandler
                0x0000000008001014                EXTI3_IRQHandler
                0x0000000008001014                I2C3_ER_IRQHandler
                0x0000000008001014                EXTI0_IRQHandler
                0x0000000008001014                I2C2_EV_IRQHandler
                0x0000000008001014                DMA1_Stream2_IRQHandler
                0x0000000008001014                FPU_IRQHandler
                0x0000000008001014                SPI1_IRQHandler
                0x0000000008001014                TIM1_BRK_TIM9_IRQHandler
                0x0000000008001014                DMA2_Stream3_IRQHandler
                0x0000000008001014                USART6_IRQHandler
                0x0000000008001014                TIM4_IRQHandler
                0x0000000008001014                I2C1_EV_IRQHandler
                0x0000000008001014                DMA1_Stream6_IRQHandler
                0x0000000008001014                DMA1_Stream1_IRQHandler
                0x0000000008001014                TIM3_IRQHandler
                0x0000000008001014                RCC_IRQHandler
                0x0000000008001014                Default_Handler
                0x0000000008001014                EXTI15_10_IRQHandler
                0x0000000008001014                ADC_IRQHandler
                0x0000000008001014                DMA1_Stream7_IRQHandler
                0x0000000008001014                SPI5_IRQHandler
                0x0000000008001014                TIM5_IRQHandler
                0x0000000008001014                DMA2_Stream7_IRQHandler
                0x0000000008001014                I2C3_EV_IRQHandler
                0x0000000008001014                EXTI9_5_IRQHandler
                0x0000000008001014                RTC_WKUP_IRQHandler
                0x0000000008001014                SPI2_IRQHandler
                0x0000000008001014                DMA1_Stream0_IRQHandler
                0x0000000008001014                EXTI4_IRQHandler
                0x0000000008001014                WWDG_IRQHandler
                0x0000000008001014                TIM2_IRQHandler
                0x0000000008001014                OTG_FS_WKUP_IRQHandler
                0x0000000008001014                TIM1_TRG_COM_TIM11_IRQHandler
                0x0000000008001014                EXTI1_IRQHandler
                0x0000000008001014                USART2_IRQHandler
                0x0000000008001014                I2C2_ER_IRQHandler
                0x0000000008001014                DMA2_Stream1_IRQHandler
                0x0000000008001014                FLASH_IRQHandler
                0x0000000008001014                DMA2_Stream4_IRQHandler
                0x0000000008001014                USART1_IRQHandler
                0x0000000008001014                OTG_FS_IRQHandler
                0x0000000008001014                SPI3_IRQHandler
                0x0000000008001014                DMA1_Stream4_IRQHandler
                0x0000000008001014                I2C1_ER_IRQHandler
                0x0000000008001014                DMA2_Stream6_IRQHandler
                0x0000000008001014                DMA1_Stream3_IRQHandler
 *fill*         0x0000000008001016        0x2 
 .text.WIZCHIP_READ
                0x0000000008001018       0x98 ./Drivers/Ethernet_w5500/W5500/w5500.o
                0x0000000008001018                WIZCHIP_READ
 .text.WIZCHIP_WRITE
                0x00000000080010b0       0x9c ./Drivers/Ethernet_w5500/W5500/w5500.o
                0x00000000080010b0                WIZCHIP_WRITE
 .text.WIZCHIP_READ_BUF
                0x000000000800114c       0xc0 ./Drivers/Ethernet_w5500/W5500/w5500.o
                0x000000000800114c                WIZCHIP_READ_BUF
 .text.WIZCHIP_WRITE_BUF
                0x000000000800120c       0xc0 ./Drivers/Ethernet_w5500/W5500/w5500.o
                0x000000000800120c                WIZCHIP_WRITE_BUF
 .text.getSn_TX_FSR
                0x00000000080012cc       0x96 ./Drivers/Ethernet_w5500/W5500/w5500.o
                0x00000000080012cc                getSn_TX_FSR
 .text.getSn_RX_RSR
                0x0000000008001362       0x96 ./Drivers/Ethernet_w5500/W5500/w5500.o
                0x0000000008001362                getSn_RX_RSR
 .text.wiz_send_data
                0x00000000080013f8       0xb8 ./Drivers/Ethernet_w5500/W5500/w5500.o
                0x00000000080013f8                wiz_send_data
 .text.wiz_recv_data
                0x00000000080014b0       0xb8 ./Drivers/Ethernet_w5500/W5500/w5500.o
                0x00000000080014b0                wiz_recv_data
 .text.socket   0x0000000008001568      0x268 ./Drivers/Ethernet_w5500/socket.o
                0x0000000008001568                socket
 .text.close    0x00000000080017d0       0xdc ./Drivers/Ethernet_w5500/socket.o
                0x00000000080017d0                close
 .text.listen   0x00000000080018ac       0xb2 ./Drivers/Ethernet_w5500/socket.o
                0x00000000080018ac                listen
 .text.connect_W5x00
                0x000000000800195e       0x26 ./Drivers/Ethernet_w5500/socket.o
                0x000000000800195e                connect_W5x00
 .text.connect_IO_6
                0x0000000008001984      0x1e4 ./Drivers/Ethernet_w5500/socket.o
 .text.disconnect
                0x0000000008001b68      0x104 ./Drivers/Ethernet_w5500/socket.o
                0x0000000008001b68                disconnect
 .text.send     0x0000000008001c6c      0x2a8 ./Drivers/Ethernet_w5500/socket.o
                0x0000000008001c6c                send
 .text.recv     0x0000000008001f14      0x164 ./Drivers/Ethernet_w5500/socket.o
                0x0000000008001f14                recv
 .text.wizchip_cris_enter
                0x0000000008002078        0xe ./Drivers/Ethernet_w5500/wizchip_conf.o
                0x0000000008002078                wizchip_cris_enter
 .text.wizchip_cris_exit
                0x0000000008002086        0xe ./Drivers/Ethernet_w5500/wizchip_conf.o
                0x0000000008002086                wizchip_cris_exit
 .text.wizchip_cs_select
                0x0000000008002094        0xe ./Drivers/Ethernet_w5500/wizchip_conf.o
                0x0000000008002094                wizchip_cs_select
 .text.wizchip_cs_deselect
                0x00000000080020a2        0xe ./Drivers/Ethernet_w5500/wizchip_conf.o
                0x00000000080020a2                wizchip_cs_deselect
 .text.wizchip_bus_readdata
                0x00000000080020b0       0x1a ./Drivers/Ethernet_w5500/wizchip_conf.o
                0x00000000080020b0                wizchip_bus_readdata
 .text.wizchip_bus_writedata
                0x00000000080020ca       0x1e ./Drivers/Ethernet_w5500/wizchip_conf.o
                0x00000000080020ca                wizchip_bus_writedata
 .text.wizchip_spi_readbyte
                0x00000000080020e8       0x10 ./Drivers/Ethernet_w5500/wizchip_conf.o
                0x00000000080020e8                wizchip_spi_readbyte
 .text.wizchip_spi_writebyte
                0x00000000080020f8       0x16 ./Drivers/Ethernet_w5500/wizchip_conf.o
                0x00000000080020f8                wizchip_spi_writebyte
 *fill*         0x000000000800210e        0x2 
 .text.wizchip_spi_readburst
                0x0000000008002110       0x40 ./Drivers/Ethernet_w5500/wizchip_conf.o
                0x0000000008002110                wizchip_spi_readburst
 .text.wizchip_spi_writeburst
                0x0000000008002150       0x40 ./Drivers/Ethernet_w5500/wizchip_conf.o
                0x0000000008002150                wizchip_spi_writeburst
 .text.reg_wizchip_cs_cbfunc
                0x0000000008002190       0x4c ./Drivers/Ethernet_w5500/wizchip_conf.o
                0x0000000008002190                reg_wizchip_cs_cbfunc
 .text.reg_wizchip_spi_cbfunc
                0x00000000080021dc       0x58 ./Drivers/Ethernet_w5500/wizchip_conf.o
                0x00000000080021dc                reg_wizchip_spi_cbfunc
 .text.reg_wizchip_spiburst_cbfunc
                0x0000000008002234       0x58 ./Drivers/Ethernet_w5500/wizchip_conf.o
                0x0000000008002234                reg_wizchip_spiburst_cbfunc
 .text.ctlwizchip
                0x000000000800228c      0x1e4 ./Drivers/Ethernet_w5500/wizchip_conf.o
                0x000000000800228c                ctlwizchip
 .text.ctlnetwork
                0x0000000008002470       0x7c ./Drivers/Ethernet_w5500/wizchip_conf.o
                0x0000000008002470                ctlnetwork
 .text.wizchip_sw_reset
                0x00000000080024ec       0x98 ./Drivers/Ethernet_w5500/wizchip_conf.o
                0x00000000080024ec                wizchip_sw_reset
 .text.wizchip_init
                0x0000000008002584      0x118 ./Drivers/Ethernet_w5500/wizchip_conf.o
                0x0000000008002584                wizchip_init
 .text.wizchip_clrinterrupt
                0x000000000800269c       0x68 ./Drivers/Ethernet_w5500/wizchip_conf.o
                0x000000000800269c                wizchip_clrinterrupt
 .text.wizchip_getinterrupt
                0x0000000008002704       0x48 ./Drivers/Ethernet_w5500/wizchip_conf.o
                0x0000000008002704                wizchip_getinterrupt
 .text.wizchip_setinterruptmask
                0x000000000800274c       0x36 ./Drivers/Ethernet_w5500/wizchip_conf.o
                0x000000000800274c                wizchip_setinterruptmask
 .text.wizchip_getinterruptmask
                0x0000000008002782       0x44 ./Drivers/Ethernet_w5500/wizchip_conf.o
                0x0000000008002782                wizchip_getinterruptmask
 .text.wizphy_getphylink
                0x00000000080027c6       0x2c ./Drivers/Ethernet_w5500/wizchip_conf.o
                0x00000000080027c6                wizphy_getphylink
 .text.wizphy_getphypmode
                0x00000000080027f2       0x32 ./Drivers/Ethernet_w5500/wizchip_conf.o
                0x00000000080027f2                wizphy_getphypmode
 .text.wizphy_reset
                0x0000000008002824       0x4e ./Drivers/Ethernet_w5500/wizchip_conf.o
                0x0000000008002824                wizphy_reset
 .text.wizphy_setphyconf
                0x0000000008002872       0x84 ./Drivers/Ethernet_w5500/wizchip_conf.o
                0x0000000008002872                wizphy_setphyconf
 *fill*         0x00000000080028f6        0x2 
 .text.wizphy_getphyconf
                0x00000000080028f8       0xd4 ./Drivers/Ethernet_w5500/wizchip_conf.o
                0x00000000080028f8                wizphy_getphyconf
 .text.wizphy_getphystat
                0x00000000080029cc       0x3c ./Drivers/Ethernet_w5500/wizchip_conf.o
                0x00000000080029cc                wizphy_getphystat
 .text.wizphy_setphypmode
                0x0000000008002a08       0x94 ./Drivers/Ethernet_w5500/wizchip_conf.o
                0x0000000008002a08                wizphy_setphypmode
 .text.wizchip_setnetinfo
                0x0000000008002a9c       0x80 ./Drivers/Ethernet_w5500/wizchip_conf.o
                0x0000000008002a9c                wizchip_setnetinfo
 .text.wizchip_getnetinfo
                0x0000000008002b1c       0x80 ./Drivers/Ethernet_w5500/wizchip_conf.o
                0x0000000008002b1c                wizchip_getnetinfo
 .text.wizchip_setnetmode
                0x0000000008002b9c       0x44 ./Drivers/Ethernet_w5500/wizchip_conf.o
                0x0000000008002b9c                wizchip_setnetmode
 .text.wizchip_getnetmode
                0x0000000008002be0       0x10 ./Drivers/Ethernet_w5500/wizchip_conf.o
                0x0000000008002be0                wizchip_getnetmode
 .text.wizchip_settimeout
                0x0000000008002bf0       0x42 ./Drivers/Ethernet_w5500/wizchip_conf.o
                0x0000000008002bf0                wizchip_settimeout
 .text.wizchip_gettimeout
                0x0000000008002c32       0x44 ./Drivers/Ethernet_w5500/wizchip_conf.o
                0x0000000008002c32                wizchip_gettimeout
 *fill*         0x0000000008002c76        0x2 
 .text.HAL_Init
                0x0000000008002c78       0x44 ./Drivers/STM32F4xx_HAL_Driver/Src/stm32f4xx_hal.o
                0x0000000008002c78                HAL_Init
 .text.HAL_IncTick
                0x0000000008002cbc       0x28 ./Drivers/STM32F4xx_HAL_Driver/Src/stm32f4xx_hal.o
                0x0000000008002cbc                HAL_IncTick
 .text.HAL_GetTick
                0x0000000008002ce4       0x18 ./Drivers/STM32F4xx_HAL_Driver/Src/stm32f4xx_hal.o
                0x0000000008002ce4                HAL_GetTick
 .text.HAL_Delay
                0x0000000008002cfc       0x48 ./Drivers/STM32F4xx_HAL_Driver/Src/stm32f4xx_hal.o
                0x0000000008002cfc                HAL_Delay
 .text.__NVIC_SetPriorityGrouping
                0x0000000008002d44       0x48 ./Drivers/STM32F4xx_HAL_Driver/Src/stm32f4xx_hal_cortex.o
 .text.__NVIC_GetPriorityGrouping
                0x0000000008002d8c       0x1c ./Drivers/STM32F4xx_HAL_Driver/Src/stm32f4xx_hal_cortex.o
 .text.__NVIC_EnableIRQ
                0x0000000008002da8       0x3c ./Drivers/STM32F4xx_HAL_Driver/Src/stm32f4xx_hal_cortex.o
 .text.__NVIC_SetPriority
                0x0000000008002de4       0x54 ./Drivers/STM32F4xx_HAL_Driver/Src/stm32f4xx_hal_cortex.o
 .text.NVIC_EncodePriority
                0x0000000008002e38       0x66 ./Drivers/STM32F4xx_HAL_Driver/Src/stm32f4xx_hal_cortex.o
 .text.HAL_NVIC_SetPriorityGrouping
                0x0000000008002e9e       0x16 ./Drivers/STM32F4xx_HAL_Driver/Src/stm32f4xx_hal_cortex.o
                0x0000000008002e9e                HAL_NVIC_SetPriorityGrouping
 .text.HAL_NVIC_SetPriority
                0x0000000008002eb4       0x38 ./Drivers/STM32F4xx_HAL_Driver/Src/stm32f4xx_hal_cortex.o
                0x0000000008002eb4                HAL_NVIC_SetPriority
 .text.HAL_NVIC_EnableIRQ
                0x0000000008002eec       0x1c ./Drivers/STM32F4xx_HAL_Driver/Src/stm32f4xx_hal_cortex.o
                0x0000000008002eec                HAL_NVIC_EnableIRQ
 .text.HAL_DMA_Init
                0x0000000008002f08      0x15c ./Drivers/STM32F4xx_HAL_Driver/Src/stm32f4xx_hal_dma.o
                0x0000000008002f08                HAL_DMA_Init
 .text.HAL_DMA_Start_IT
                0x0000000008003064       0xb0 ./Drivers/STM32F4xx_HAL_Driver/Src/stm32f4xx_hal_dma.o
                0x0000000008003064                HAL_DMA_Start_IT
 .text.HAL_DMA_IRQHandler
                0x0000000008003114      0x314 ./Drivers/STM32F4xx_HAL_Driver/Src/stm32f4xx_hal_dma.o
                0x0000000008003114                HAL_DMA_IRQHandler
 .text.DMA_SetConfig
                0x0000000008003428       0x5c ./Drivers/STM32F4xx_HAL_Driver/Src/stm32f4xx_hal_dma.o
 .text.DMA_CalcBaseAndBitshift
                0x0000000008003484       0x6c ./Drivers/STM32F4xx_HAL_Driver/Src/stm32f4xx_hal_dma.o
 .text.DMA_CheckFifoParam
                0x00000000080034f0       0xf8 ./Drivers/STM32F4xx_HAL_Driver/Src/stm32f4xx_hal_dma.o
 .text.HAL_GPIO_Init
                0x00000000080035e8      0x308 ./Drivers/STM32F4xx_HAL_Driver/Src/stm32f4xx_hal_gpio.o
                0x00000000080035e8                HAL_GPIO_Init
 .text.HAL_GPIO_WritePin
                0x00000000080038f0       0x32 ./Drivers/STM32F4xx_HAL_Driver/Src/stm32f4xx_hal_gpio.o
                0x00000000080038f0                HAL_GPIO_WritePin
 .text.HAL_GPIO_TogglePin
                0x0000000008003922       0x34 ./Drivers/STM32F4xx_HAL_Driver/Src/stm32f4xx_hal_gpio.o
                0x0000000008003922                HAL_GPIO_TogglePin
 *fill*         0x0000000008003956        0x2 
 .text.HAL_RCC_OscConfig
                0x0000000008003958      0x4f0 ./Drivers/STM32F4xx_HAL_Driver/Src/stm32f4xx_hal_rcc.o
                0x0000000008003958                HAL_RCC_OscConfig
 .text.HAL_RCC_ClockConfig
                0x0000000008003e48      0x1cc ./Drivers/STM32F4xx_HAL_Driver/Src/stm32f4xx_hal_rcc.o
                0x0000000008003e48                HAL_RCC_ClockConfig
 .text.HAL_RCC_GetSysClockFreq
                0x0000000008004014      0x18c ./Drivers/STM32F4xx_HAL_Driver/Src/stm32f4xx_hal_rcc.o
                0x0000000008004014                HAL_RCC_GetSysClockFreq
 .text.HAL_RCC_GetHCLKFreq
                0x00000000080041a0       0x18 ./Drivers/STM32F4xx_HAL_Driver/Src/stm32f4xx_hal_rcc.o
                0x00000000080041a0                HAL_RCC_GetHCLKFreq
 .text.HAL_RCC_GetPCLK2Freq
                0x00000000080041b8       0x28 ./Drivers/STM32F4xx_HAL_Driver/Src/stm32f4xx_hal_rcc.o
                0x00000000080041b8                HAL_RCC_GetPCLK2Freq
 .text.HAL_RCC_GetClockConfig
                0x00000000080041e0       0x64 ./Drivers/STM32F4xx_HAL_Driver/Src/stm32f4xx_hal_rcc.o
                0x00000000080041e0                HAL_RCC_GetClockConfig
 .text.HAL_SPI_Init
                0x0000000008004244      0x112 ./Drivers/STM32F4xx_HAL_Driver/Src/stm32f4xx_hal_spi.o
                0x0000000008004244                HAL_SPI_Init
 .text.HAL_SPI_Transmit
                0x0000000008004356      0x288 ./Drivers/STM32F4xx_HAL_Driver/Src/stm32f4xx_hal_spi.o
                0x0000000008004356                HAL_SPI_Transmit
 .text.HAL_SPI_Receive
                0x00000000080045de      0x232 ./Drivers/STM32F4xx_HAL_Driver/Src/stm32f4xx_hal_spi.o
                0x00000000080045de                HAL_SPI_Receive
 .text.HAL_SPI_TransmitReceive
                0x0000000008004810      0x352 ./Drivers/STM32F4xx_HAL_Driver/Src/stm32f4xx_hal_spi.o
                0x0000000008004810                HAL_SPI_TransmitReceive
 *fill*         0x0000000008004b62        0x2 
 .text.HAL_SPI_Transmit_DMA
                0x0000000008004b64      0x164 ./Drivers/STM32F4xx_HAL_Driver/Src/stm32f4xx_hal_spi.o
                0x0000000008004b64                HAL_SPI_Transmit_DMA
 .text.HAL_SPI_Receive_DMA
                0x0000000008004cc8      0x188 ./Drivers/STM32F4xx_HAL_Driver/Src/stm32f4xx_hal_spi.o
                0x0000000008004cc8                HAL_SPI_Receive_DMA
 .text.HAL_SPI_TransmitReceive_DMA
                0x0000000008004e50      0x1f8 ./Drivers/STM32F4xx_HAL_Driver/Src/stm32f4xx_hal_spi.o
                0x0000000008004e50                HAL_SPI_TransmitReceive_DMA
 .text.HAL_SPI_TxRxCpltCallback
                0x0000000008005048       0x14 ./Drivers/STM32F4xx_HAL_Driver/Src/stm32f4xx_hal_spi.o
                0x0000000008005048                HAL_SPI_TxRxCpltCallback
 .text.HAL_SPI_TxHalfCpltCallback
                0x000000000800505c       0x14 ./Drivers/STM32F4xx_HAL_Driver/Src/stm32f4xx_hal_spi.o
                0x000000000800505c                HAL_SPI_TxHalfCpltCallback
 .text.HAL_SPI_RxHalfCpltCallback
                0x0000000008005070       0x14 ./Drivers/STM32F4xx_HAL_Driver/Src/stm32f4xx_hal_spi.o
                0x0000000008005070                HAL_SPI_RxHalfCpltCallback
 .text.HAL_SPI_TxRxHalfCpltCallback
                0x0000000008005084       0x14 ./Drivers/STM32F4xx_HAL_Driver/Src/stm32f4xx_hal_spi.o
                0x0000000008005084                HAL_SPI_TxRxHalfCpltCallback
 .text.HAL_SPI_ErrorCallback
                0x0000000008005098       0x14 ./Drivers/STM32F4xx_HAL_Driver/Src/stm32f4xx_hal_spi.o
                0x0000000008005098                HAL_SPI_ErrorCallback
 .text.SPI_DMATransmitCplt
                0x00000000080050ac       0xa8 ./Drivers/STM32F4xx_HAL_Driver/Src/stm32f4xx_hal_spi.o
 .text.SPI_DMAReceiveCplt
                0x0000000008005154       0xa8 ./Drivers/STM32F4xx_HAL_Driver/Src/stm32f4xx_hal_spi.o
 .text.SPI_DMATransmitReceiveCplt
                0x00000000080051fc       0x90 ./Drivers/STM32F4xx_HAL_Driver/Src/stm32f4xx_hal_spi.o
 .text.SPI_DMAHalfTransmitCplt
                0x000000000800528c       0x1c ./Drivers/STM32F4xx_HAL_Driver/Src/stm32f4xx_hal_spi.o
 .text.SPI_DMAHalfReceiveCplt
                0x00000000080052a8       0x1c ./Drivers/STM32F4xx_HAL_Driver/Src/stm32f4xx_hal_spi.o
 .text.SPI_DMAHalfTransmitReceiveCplt
                0x00000000080052c4       0x1c ./Drivers/STM32F4xx_HAL_Driver/Src/stm32f4xx_hal_spi.o
 .text.SPI_DMAError
                0x00000000080052e0       0x40 ./Drivers/STM32F4xx_HAL_Driver/Src/stm32f4xx_hal_spi.o
 .text.SPI_WaitFlagStateUntilTimeout
                0x0000000008005320      0x110 ./Drivers/STM32F4xx_HAL_Driver/Src/stm32f4xx_hal_spi.o
 .text.SPI_EndRxTransaction
                0x0000000008005430       0xca ./Drivers/STM32F4xx_HAL_Driver/Src/stm32f4xx_hal_spi.o
 *fill*         0x00000000080054fa        0x2 
 .text.SPI_EndRxTxTransaction
                0x00000000080054fc       0xa8 ./Drivers/STM32F4xx_HAL_Driver/Src/stm32f4xx_hal_spi.o
 .text.HAL_TIM_Base_Init
                0x00000000080055a4       0x9e ./Drivers/STM32F4xx_HAL_Driver/Src/stm32f4xx_hal_tim.o
                0x00000000080055a4                HAL_TIM_Base_Init
 .text.HAL_TIM_Base_MspInit
                0x0000000008005642       0x14 ./Drivers/STM32F4xx_HAL_Driver/Src/stm32f4xx_hal_tim.o
                0x0000000008005642                HAL_TIM_Base_MspInit
 *fill*         0x0000000008005656        0x2 
 .text.HAL_TIM_Base_Start_IT
                0x0000000008005658       0xc4 ./Drivers/STM32F4xx_HAL_Driver/Src/stm32f4xx_hal_tim.o
                0x0000000008005658                HAL_TIM_Base_Start_IT
 .text.HAL_TIM_IRQHandler
                0x000000000800571c      0x1e0 ./Drivers/STM32F4xx_HAL_Driver/Src/stm32f4xx_hal_tim.o
                0x000000000800571c                HAL_TIM_IRQHandler
 .text.HAL_TIM_OC_DelayElapsedCallback
                0x00000000080058fc       0x14 ./Drivers/STM32F4xx_HAL_Driver/Src/stm32f4xx_hal_tim.o
                0x00000000080058fc                HAL_TIM_OC_DelayElapsedCallback
 .text.HAL_TIM_IC_CaptureCallback
                0x0000000008005910       0x14 ./Drivers/STM32F4xx_HAL_Driver/Src/stm32f4xx_hal_tim.o
                0x0000000008005910                HAL_TIM_IC_CaptureCallback
 .text.HAL_TIM_PWM_PulseFinishedCallback
                0x0000000008005924       0x14 ./Drivers/STM32F4xx_HAL_Driver/Src/stm32f4xx_hal_tim.o
                0x0000000008005924                HAL_TIM_PWM_PulseFinishedCallback
 .text.HAL_TIM_TriggerCallback
                0x0000000008005938       0x14 ./Drivers/STM32F4xx_HAL_Driver/Src/stm32f4xx_hal_tim.o
                0x0000000008005938                HAL_TIM_TriggerCallback
 .text.TIM_Base_SetConfig
                0x000000000800594c      0x10c ./Drivers/STM32F4xx_HAL_Driver/Src/stm32f4xx_hal_tim.o
                0x000000000800594c                TIM_Base_SetConfig
 .text.HAL_TIMEx_CommutCallback
                0x0000000008005a58       0x14 ./Drivers/STM32F4xx_HAL_Driver/Src/stm32f4xx_hal_tim_ex.o
                0x0000000008005a58                HAL_TIMEx_CommutCallback
 .text.HAL_TIMEx_BreakCallback
                0x0000000008005a6c       0x14 ./Drivers/STM32F4xx_HAL_Driver/Src/stm32f4xx_hal_tim_ex.o
                0x0000000008005a6c                HAL_TIMEx_BreakCallback
 .text.makeFreeRtosPriority
                0x0000000008005a80       0x30 ./Middlewares/Third_Party/FreeRTOS/Source/CMSIS_RTOS/cmsis_os.o
 .text.inHandlerMode
                0x0000000008005ab0       0x24 ./Middlewares/Third_Party/FreeRTOS/Source/CMSIS_RTOS/cmsis_os.o
 .text.osKernelStart
                0x0000000008005ad4        0xe ./Middlewares/Third_Party/FreeRTOS/Source/CMSIS_RTOS/cmsis_os.o
                0x0000000008005ad4                osKernelStart
 .text.osThreadCreate
                0x0000000008005ae2       0x98 ./Middlewares/Third_Party/FreeRTOS/Source/CMSIS_RTOS/cmsis_os.o
                0x0000000008005ae2                osThreadCreate
 .text.osDelay  0x0000000008005b7a       0x28 ./Middlewares/Third_Party/FreeRTOS/Source/CMSIS_RTOS/cmsis_os.o
                0x0000000008005b7a                osDelay
 .text.osSemaphoreCreate
                0x0000000008005ba2       0x64 ./Middlewares/Third_Party/FreeRTOS/Source/CMSIS_RTOS/cmsis_os.o
                0x0000000008005ba2                osSemaphoreCreate
 *fill*         0x0000000008005c06        0x2 
 .text.osSemaphoreWait
                0x0000000008005c08       0x9c ./Middlewares/Third_Party/FreeRTOS/Source/CMSIS_RTOS/cmsis_os.o
                0x0000000008005c08                osSemaphoreWait
 .text.osSemaphoreRelease
                0x0000000008005ca4       0x6c ./Middlewares/Third_Party/FreeRTOS/Source/CMSIS_RTOS/cmsis_os.o
                0x0000000008005ca4                osSemaphoreRelease
 .text.vListInitialise
                0x0000000008005d10       0x40 ./Middlewares/Third_Party/FreeRTOS/Source/list.o
                0x0000000008005d10                vListInitialise
 .text.vListInitialiseItem
                0x0000000008005d50       0x1a ./Middlewares/Third_Party/FreeRTOS/Source/list.o
                0x0000000008005d50                vListInitialiseItem
 .text.vListInsertEnd
                0x0000000008005d6a       0x48 ./Middlewares/Third_Party/FreeRTOS/Source/list.o
                0x0000000008005d6a                vListInsertEnd
 .text.vListInsert
                0x0000000008005db2       0x72 ./Middlewares/Third_Party/FreeRTOS/Source/list.o
                0x0000000008005db2                vListInsert
 .text.uxListRemove
                0x0000000008005e24       0x54 ./Middlewares/Third_Party/FreeRTOS/Source/list.o
                0x0000000008005e24                uxListRemove
 .text.xQueueGenericReset
                0x0000000008005e78       0xd0 ./Middlewares/Third_Party/FreeRTOS/Source/queue.o
                0x0000000008005e78                xQueueGenericReset
 .text.xQueueGenericCreateStatic
                0x0000000008005f48       0xf0 ./Middlewares/Third_Party/FreeRTOS/Source/queue.o
                0x0000000008005f48                xQueueGenericCreateStatic
 .text.xQueueGenericCreate
                0x0000000008006038       0x74 ./Middlewares/Third_Party/FreeRTOS/Source/queue.o
                0x0000000008006038                xQueueGenericCreate
 .text.prvInitialiseNewQueue
                0x00000000080060ac       0x3e ./Middlewares/Third_Party/FreeRTOS/Source/queue.o
 *fill*         0x00000000080060ea        0x2 
 .text.xQueueGenericSend
                0x00000000080060ec      0x1fc ./Middlewares/Third_Party/FreeRTOS/Source/queue.o
                0x00000000080060ec                xQueueGenericSend
 .text.xQueueGiveFromISR
                0x00000000080062e8      0x11a ./Middlewares/Third_Party/FreeRTOS/Source/queue.o
                0x00000000080062e8                xQueueGiveFromISR
 *fill*         0x0000000008006402        0x2 
 .text.xQueueSemaphoreTake
                0x0000000008006404      0x218 ./Middlewares/Third_Party/FreeRTOS/Source/queue.o
                0x0000000008006404                xQueueSemaphoreTake
 .text.xQueueReceiveFromISR
                0x000000000800661c      0x100 ./Middlewares/Third_Party/FreeRTOS/Source/queue.o
                0x000000000800661c                xQueueReceiveFromISR
 .text.prvGetDisinheritPriorityAfterTimeout
                0x000000000800671c       0x30 ./Middlewares/Third_Party/FreeRTOS/Source/queue.o
 .text.prvCopyDataToQueue
                0x000000000800674c       0xd4 ./Middlewares/Third_Party/FreeRTOS/Source/queue.o
 .text.prvCopyDataFromQueue
                0x0000000008006820       0x4c ./Middlewares/Third_Party/FreeRTOS/Source/queue.o
 .text.prvUnlockQueue
                0x000000000800686c       0xa4 ./Middlewares/Third_Party/FreeRTOS/Source/queue.o
 .text.prvIsQueueEmpty
                0x0000000008006910       0x2c ./Middlewares/Third_Party/FreeRTOS/Source/queue.o
 .text.prvIsQueueFull
                0x000000000800693c       0x30 ./Middlewares/Third_Party/FreeRTOS/Source/queue.o
 .text.xTaskCreateStatic
                0x000000000800696c       0xba ./Middlewares/Third_Party/FreeRTOS/Source/tasks.o
                0x000000000800696c                xTaskCreateStatic
 .text.xTaskCreate
                0x0000000008006a26       0x8a ./Middlewares/Third_Party/FreeRTOS/Source/tasks.o
                0x0000000008006a26                xTaskCreate
 .text.prvInitialiseNewTask
                0x0000000008006ab0      0x13c ./Middlewares/Third_Party/FreeRTOS/Source/tasks.o
 .text.prvAddNewTaskToReadyList
                0x0000000008006bec       0xd4 ./Middlewares/Third_Party/FreeRTOS/Source/tasks.o
 .text.vTaskDelay
                0x0000000008006cc0       0x68 ./Middlewares/Third_Party/FreeRTOS/Source/tasks.o
                0x0000000008006cc0                vTaskDelay
 .text.vTaskStartScheduler
                0x0000000008006d28       0xd4 ./Middlewares/Third_Party/FreeRTOS/Source/tasks.o
                0x0000000008006d28                vTaskStartScheduler
 .text.vTaskSuspendAll
                0x0000000008006dfc       0x1c ./Middlewares/Third_Party/FreeRTOS/Source/tasks.o
                0x0000000008006dfc                vTaskSuspendAll
 .text.xTaskResumeAll
                0x0000000008006e18      0x138 ./Middlewares/Third_Party/FreeRTOS/Source/tasks.o
                0x0000000008006e18                xTaskResumeAll
 .text.xTaskIncrementTick
                0x0000000008006f50      0x170 ./Middlewares/Third_Party/FreeRTOS/Source/tasks.o
                0x0000000008006f50                xTaskIncrementTick
 .text.vTaskSwitchContext
                0x00000000080070c0       0xc4 ./Middlewares/Third_Party/FreeRTOS/Source/tasks.o
                0x00000000080070c0                vTaskSwitchContext
 .text.vTaskPlaceOnEventList
                0x0000000008007184       0x48 ./Middlewares/Third_Party/FreeRTOS/Source/tasks.o
                0x0000000008007184                vTaskPlaceOnEventList
 .text.xTaskRemoveFromEventList
                0x00000000080071cc       0xc4 ./Middlewares/Third_Party/FreeRTOS/Source/tasks.o
                0x00000000080071cc                xTaskRemoveFromEventList
 .text.vTaskInternalSetTimeOutState
                0x0000000008007290       0x2c ./Middlewares/Third_Party/FreeRTOS/Source/tasks.o
                0x0000000008007290                vTaskInternalSetTimeOutState
 .text.xTaskCheckForTimeOut
                0x00000000080072bc       0xc4 ./Middlewares/Third_Party/FreeRTOS/Source/tasks.o
                0x00000000080072bc                xTaskCheckForTimeOut
 .text.vTaskMissedYield
                0x0000000008007380       0x18 ./Middlewares/Third_Party/FreeRTOS/Source/tasks.o
                0x0000000008007380                vTaskMissedYield
 .text.prvIdleTask
                0x0000000008007398       0x30 ./Middlewares/Third_Party/FreeRTOS/Source/tasks.o
 .text.prvInitialiseTaskLists
                0x00000000080073c8       0x80 ./Middlewares/Third_Party/FreeRTOS/Source/tasks.o
 .text.prvCheckTasksWaitingTermination
                0x0000000008007448       0x5c ./Middlewares/Third_Party/FreeRTOS/Source/tasks.o
 .text.prvDeleteTCB
                0x00000000080074a4       0x68 ./Middlewares/Third_Party/FreeRTOS/Source/tasks.o
 .text.prvResetNextTaskUnblockTime
                0x000000000800750c       0x40 ./Middlewares/Third_Party/FreeRTOS/Source/tasks.o
 .text.xTaskGetSchedulerState
                0x000000000800754c       0x3c ./Middlewares/Third_Party/FreeRTOS/Source/tasks.o
                0x000000000800754c                xTaskGetSchedulerState
 .text.xTaskPriorityInherit
                0x0000000008007588       0xec ./Middlewares/Third_Party/FreeRTOS/Source/tasks.o
                0x0000000008007588                xTaskPriorityInherit
 .text.xTaskPriorityDisinherit
                0x0000000008007674      0x10c ./Middlewares/Third_Party/FreeRTOS/Source/tasks.o
                0x0000000008007674                xTaskPriorityDisinherit
 .text.vTaskPriorityDisinheritAfterTimeout
                0x0000000008007780      0x11c ./Middlewares/Third_Party/FreeRTOS/Source/tasks.o
                0x0000000008007780                vTaskPriorityDisinheritAfterTimeout
 .text.pvTaskIncrementMutexHeldCount
                0x000000000800789c       0x28 ./Middlewares/Third_Party/FreeRTOS/Source/tasks.o
                0x000000000800789c                pvTaskIncrementMutexHeldCount
 .text.prvAddCurrentTaskToDelayedList
                0x00000000080078c4       0xcc ./Middlewares/Third_Party/FreeRTOS/Source/tasks.o
 .text.pxPortInitialiseStack
                0x0000000008007990       0x68 ./Middlewares/Third_Party/FreeRTOS/Source/portable/GCC/ARM_CM4F/port.o
                0x0000000008007990                pxPortInitialiseStack
 .text.prvTaskExitError
                0x00000000080079f8       0x58 ./Middlewares/Third_Party/FreeRTOS/Source/portable/GCC/ARM_CM4F/port.o
 .text.SVC_Handler
                0x0000000008007a50       0x28 ./Middlewares/Third_Party/FreeRTOS/Source/portable/GCC/ARM_CM4F/port.o
                0x0000000008007a50                SVC_Handler
 .text.prvPortStartFirstTask
                0x0000000008007a78       0x28 ./Middlewares/Third_Party/FreeRTOS/Source/portable/GCC/ARM_CM4F/port.o
 .text.xPortStartScheduler
                0x0000000008007aa0      0x144 ./Middlewares/Third_Party/FreeRTOS/Source/portable/GCC/ARM_CM4F/port.o
                0x0000000008007aa0                xPortStartScheduler
 .text.vPortEnterCritical
                0x0000000008007be4       0x60 ./Middlewares/Third_Party/FreeRTOS/Source/portable/GCC/ARM_CM4F/port.o
                0x0000000008007be4                vPortEnterCritical
 .text.vPortExitCritical
                0x0000000008007c44       0x54 ./Middlewares/Third_Party/FreeRTOS/Source/portable/GCC/ARM_CM4F/port.o
                0x0000000008007c44                vPortExitCritical
 *fill*         0x0000000008007c98        0x8 
 .text.PendSV_Handler
                0x0000000008007ca0       0x68 ./Middlewares/Third_Party/FreeRTOS/Source/portable/GCC/ARM_CM4F/port.o
                0x0000000008007ca0                PendSV_Handler
 .text.SysTick_Handler
                0x0000000008007d08       0x44 ./Middlewares/Third_Party/FreeRTOS/Source/portable/GCC/ARM_CM4F/port.o
                0x0000000008007d08                SysTick_Handler
 .text.vPortSetupTimerInterrupt
                0x0000000008007d4c       0x48 ./Middlewares/Third_Party/FreeRTOS/Source/portable/GCC/ARM_CM4F/port.o
                0x0000000008007d4c                vPortSetupTimerInterrupt
 .text.vPortEnableVFP
                0x0000000008007d94       0x14 ./Middlewares/Third_Party/FreeRTOS/Source/portable/GCC/ARM_CM4F/port.o
 .text.vPortValidateInterruptPriority
                0x0000000008007da8       0x80 ./Middlewares/Third_Party/FreeRTOS/Source/portable/GCC/ARM_CM4F/port.o
                0x0000000008007da8                vPortValidateInterruptPriority
 .text.pvPortMalloc
                0x0000000008007e28      0x198 ./Middlewares/Third_Party/FreeRTOS/Source/portable/MemMang/heap_4.o
                0x0000000008007e28                pvPortMalloc
 .text.vPortFree
                0x0000000008007fc0       0xc4 ./Middlewares/Third_Party/FreeRTOS/Source/portable/MemMang/heap_4.o
                0x0000000008007fc0                vPortFree
 .text.prvHeapInit
                0x0000000008008084       0xc4 ./Middlewares/Third_Party/FreeRTOS/Source/portable/MemMang/heap_4.o
 .text.prvInsertBlockIntoFreeList
                0x0000000008008148       0xb4 ./Middlewares/Third_Party/FreeRTOS/Source/portable/MemMang/heap_4.o
 .text.__malloc_lock
                0x00000000080081fc        0xc C:/ST/STM32CubeIDE_1.13.1/STM32CubeIDE/plugins/com.st.stm32cube.ide.mcu.externaltools.gnu-tools-for-stm32.11.3.rel1.win32_1.1.100.202309141235/tools/bin/../lib/gcc/arm-none-eabi/11.3.1/../../../../arm-none-eabi/lib/thumb/v7e-m+fp/hard\libc_nano.a(libc_a-mlock.o)
                0x00000000080081fc                __malloc_lock
 .text.__malloc_unlock
                0x0000000008008208        0xc C:/ST/STM32CubeIDE_1.13.1/STM32CubeIDE/plugins/com.st.stm32cube.ide.mcu.externaltools.gnu-tools-for-stm32.11.3.rel1.win32_1.1.100.202309141235/tools/bin/../lib/gcc/arm-none-eabi/11.3.1/../../../../arm-none-eabi/lib/thumb/v7e-m+fp/hard\libc_nano.a(libc_a-mlock.o)
                0x0000000008008208                __malloc_unlock
 .text.memset   0x0000000008008214       0x10 C:/ST/STM32CubeIDE_1.13.1/STM32CubeIDE/plugins/com.st.stm32cube.ide.mcu.externaltools.gnu-tools-for-stm32.11.3.rel1.win32_1.1.100.202309141235/tools/bin/../lib/gcc/arm-none-eabi/11.3.1/../../../../arm-none-eabi/lib/thumb/v7e-m+fp/hard\libc_nano.a(libc_a-memset.o)
                0x0000000008008214                memset
 .text._reclaim_reent
                0x0000000008008224       0xac C:/ST/STM32CubeIDE_1.13.1/STM32CubeIDE/plugins/com.st.stm32cube.ide.mcu.externaltools.gnu-tools-for-stm32.11.3.rel1.win32_1.1.100.202309141235/tools/bin/../lib/gcc/arm-none-eabi/11.3.1/../../../../arm-none-eabi/lib/thumb/v7e-m+fp/hard\libc_nano.a(libc_a-reent.o)
                0x0000000008008224                _reclaim_reent
 .text.__libc_init_array
                0x00000000080082d0       0x48 C:/ST/STM32CubeIDE_1.13.1/STM32CubeIDE/plugins/com.st.stm32cube.ide.mcu.externaltools.gnu-tools-for-stm32.11.3.rel1.win32_1.1.100.202309141235/tools/bin/../lib/gcc/arm-none-eabi/11.3.1/../../../../arm-none-eabi/lib/thumb/v7e-m+fp/hard\libc_nano.a(libc_a-init.o)
                0x00000000080082d0                __libc_init_array
 .text.__retarget_lock_acquire_recursive
                0x0000000008008318        0x2 C:/ST/STM32CubeIDE_1.13.1/STM32CubeIDE/plugins/com.st.stm32cube.ide.mcu.externaltools.gnu-tools-for-stm32.11.3.rel1.win32_1.1.100.202309141235/tools/bin/../lib/gcc/arm-none-eabi/11.3.1/../../../../arm-none-eabi/lib/thumb/v7e-m+fp/hard\libc_nano.a(libc_a-lock.o)
                0x0000000008008318                __retarget_lock_acquire_recursive
 .text.__retarget_lock_release_recursive
                0x000000000800831a        0x2 C:/ST/STM32CubeIDE_1.13.1/STM32CubeIDE/plugins/com.st.stm32cube.ide.mcu.externaltools.gnu-tools-for-stm32.11.3.rel1.win32_1.1.100.202309141235/tools/bin/../lib/gcc/arm-none-eabi/11.3.1/../../../../arm-none-eabi/lib/thumb/v7e-m+fp/hard\libc_nano.a(libc_a-lock.o)
                0x000000000800831a                __retarget_lock_release_recursive
 .text.memcpy   0x000000000800831c       0x1c C:/ST/STM32CubeIDE_1.13.1/STM32CubeIDE/plugins/com.st.stm32cube.ide.mcu.externaltools.gnu-tools-for-stm32.11.3.rel1.win32_1.1.100.202309141235/tools/bin/../lib/gcc/arm-none-eabi/11.3.1/../../../../arm-none-eabi/lib/thumb/v7e-m+fp/hard\libc_nano.a(libc_a-memcpy-stub.o)
                0x000000000800831c                memcpy
 .text._free_r  0x0000000008008338       0x98 C:/ST/STM32CubeIDE_1.13.1/STM32CubeIDE/plugins/com.st.stm32cube.ide.mcu.externaltools.gnu-tools-for-stm32.11.3.rel1.win32_1.1.100.202309141235/tools/bin/../lib/gcc/arm-none-eabi/11.3.1/../../../../arm-none-eabi/lib/thumb/v7e-m+fp/hard\libc_nano.a(libc_a-freer.o)
                0x0000000008008338                _free_r
 *(.glue_7)
 .glue_7        0x00000000080083d0        0x0 linker stubs
 *(.glue_7t)
 .glue_7t       0x00000000080083d0        0x0 linker stubs
 *(.eh_frame)
 .eh_frame      0x00000000080083d0        0x0 C:/ST/STM32CubeIDE_1.13.1/STM32CubeIDE/plugins/com.st.stm32cube.ide.mcu.externaltools.gnu-tools-for-stm32.11.3.rel1.win32_1.1.100.202309141235/tools/bin/../lib/gcc/arm-none-eabi/11.3.1/thumb/v7e-m+fp/hard/crtbegin.o
 *(.init)
 .init          0x00000000080083d0        0x4 C:/ST/STM32CubeIDE_1.13.1/STM32CubeIDE/plugins/com.st.stm32cube.ide.mcu.externaltools.gnu-tools-for-stm32.11.3.rel1.win32_1.1.100.202309141235/tools/bin/../lib/gcc/arm-none-eabi/11.3.1/thumb/v7e-m+fp/hard/crti.o
                0x00000000080083d0                _init
 .init          0x00000000080083d4        0x8 C:/ST/STM32CubeIDE_1.13.1/STM32CubeIDE/plugins/com.st.stm32cube.ide.mcu.externaltools.gnu-tools-for-stm32.11.3.rel1.win32_1.1.100.202309141235/tools/bin/../lib/gcc/arm-none-eabi/11.3.1/thumb/v7e-m+fp/hard/crtn.o
 *(.fini)
 .fini          0x00000000080083dc        0x4 C:/ST/STM32CubeIDE_1.13.1/STM32CubeIDE/plugins/com.st.stm32cube.ide.mcu.externaltools.gnu-tools-for-stm32.11.3.rel1.win32_1.1.100.202309141235/tools/bin/../lib/gcc/arm-none-eabi/11.3.1/thumb/v7e-m+fp/hard/crti.o
                0x00000000080083dc                _fini
 .fini          0x00000000080083e0        0x8 C:/ST/STM32CubeIDE_1.13.1/STM32CubeIDE/plugins/com.st.stm32cube.ide.mcu.externaltools.gnu-tools-for-stm32.11.3.rel1.win32_1.1.100.202309141235/tools/bin/../lib/gcc/arm-none-eabi/11.3.1/thumb/v7e-m+fp/hard/crtn.o
                0x00000000080083e8                . = ALIGN (0x4)
                0x00000000080083e8                _etext = .

.vfp11_veneer   0x00000000080083e8        0x0
 .vfp11_veneer  0x00000000080083e8        0x0 linker stubs

.v4_bx          0x00000000080083e8        0x0
 .v4_bx         0x00000000080083e8        0x0 linker stubs

.iplt           0x00000000080083e8        0x0
 .iplt          0x00000000080083e8        0x0 C:/ST/STM32CubeIDE_1.13.1/STM32CubeIDE/plugins/com.st.stm32cube.ide.mcu.externaltools.gnu-tools-for-stm32.11.3.rel1.win32_1.1.100.202309141235/tools/bin/../lib/gcc/arm-none-eabi/11.3.1/thumb/v7e-m+fp/hard/crtbegin.o

.rodata         0x00000000080083e8       0x5c
                0x00000000080083e8                . = ALIGN (0x4)
 *(.rodata)
 .rodata        0x00000000080083e8       0x34 ./Core/Src/main.o
 .rodata        0x000000000800841c        0x5 ./Middlewares/Third_Party/FreeRTOS/Source/tasks.o
 *(.rodata*)
 *fill*         0x0000000008008421        0x3 
 .rodata.AHBPrescTable
                0x0000000008008424       0x10 ./Core/Src/system_stm32f4xx.o
                0x0000000008008424                AHBPrescTable
 .rodata.APBPrescTable
                0x0000000008008434        0x8 ./Core/Src/system_stm32f4xx.o
                0x0000000008008434                APBPrescTable
 .rodata.flagBitshiftOffset.0
                0x000000000800843c        0x8 ./Drivers/STM32F4xx_HAL_Driver/Src/stm32f4xx_hal_dma.o
                0x0000000008008444                . = ALIGN (0x4)

.ARM.extab      0x0000000008008444        0x0
                0x0000000008008444                . = ALIGN (0x4)
 *(.ARM.extab* .gnu.linkonce.armextab.*)
                0x0000000008008444                . = ALIGN (0x4)

.ARM            0x0000000008008444        0x8
                0x0000000008008444                . = ALIGN (0x4)
                0x0000000008008444                __exidx_start = .
 *(.ARM.exidx*)
 .ARM.exidx     0x0000000008008444        0x8 C:/ST/STM32CubeIDE_1.13.1/STM32CubeIDE/plugins/com.st.stm32cube.ide.mcu.externaltools.gnu-tools-for-stm32.11.3.rel1.win32_1.1.100.202309141235/tools/bin/../lib/gcc/arm-none-eabi/11.3.1/thumb/v7e-m+fp/hard\libgcc.a(_udivmoddi4.o)
                0x000000000800844c                __exidx_end = .
                0x000000000800844c                . = ALIGN (0x4)

.rel.dyn        0x000000000800844c        0x0
 .rel.iplt      0x000000000800844c        0x0 C:/ST/STM32CubeIDE_1.13.1/STM32CubeIDE/plugins/com.st.stm32cube.ide.mcu.externaltools.gnu-tools-for-stm32.11.3.rel1.win32_1.1.100.202309141235/tools/bin/../lib/gcc/arm-none-eabi/11.3.1/thumb/v7e-m+fp/hard/crtbegin.o

.preinit_array  0x000000000800844c        0x0
                0x000000000800844c                . = ALIGN (0x4)
                0x000000000800844c                PROVIDE (__preinit_array_start = .)
 *(.preinit_array*)
                0x000000000800844c                PROVIDE (__preinit_array_end = .)
                0x000000000800844c                . = ALIGN (0x4)

.init_array     0x000000000800844c        0x4
                0x000000000800844c                . = ALIGN (0x4)
                0x000000000800844c                PROVIDE (__init_array_start = .)
 *(SORT_BY_NAME(.init_array.*))
 *(.init_array*)
 .init_array    0x000000000800844c        0x4 C:/ST/STM32CubeIDE_1.13.1/STM32CubeIDE/plugins/com.st.stm32cube.ide.mcu.externaltools.gnu-tools-for-stm32.11.3.rel1.win32_1.1.100.202309141235/tools/bin/../lib/gcc/arm-none-eabi/11.3.1/thumb/v7e-m+fp/hard/crtbegin.o
                0x0000000008008450                PROVIDE (__init_array_end = .)
                0x0000000008008450                . = ALIGN (0x4)

.fini_array     0x0000000008008450        0x4
                0x0000000008008450                . = ALIGN (0x4)
                [!provide]                        PROVIDE (__fini_array_start = .)
 *(SORT_BY_NAME(.fini_array.*))
 *(.fini_array*)
 .fini_array    0x0000000008008450        0x4 C:/ST/STM32CubeIDE_1.13.1/STM32CubeIDE/plugins/com.st.stm32cube.ide.mcu.externaltools.gnu-tools-for-stm32.11.3.rel1.win32_1.1.100.202309141235/tools/bin/../lib/gcc/arm-none-eabi/11.3.1/thumb/v7e-m+fp/hard/crtbegin.o
                [!provide]                        PROVIDE (__fini_array_end = .)
                0x0000000008008454                . = ALIGN (0x4)
                0x0000000008008454                _sidata = LOADADDR (.data)

.data           0x0000000020000000       0xac load address 0x0000000008008454
                0x0000000020000000                . = ALIGN (0x4)
                0x0000000020000000                _sdata = .
 *(.data)
 *(.data*)
 .data.destIP_PC
                0x0000000020000000        0x4 ./Core/Src/main.o
                0x0000000020000000                destIP_PC
 .data.netInfoF411
                0x0000000020000004       0x17 ./Core/Src/main.o
                0x0000000020000004                netInfoF411
 *fill*         0x000000002000001b        0x1 
 .data.SystemCoreClock
                0x000000002000001c        0x4 ./Core/Src/system_stm32f4xx.o
                0x000000002000001c                SystemCoreClock
 .data.sock_any_port
                0x0000000020000020        0x2 ./Drivers/Ethernet_w5500/socket.o
 *fill*         0x0000000020000022        0x2 
 .data.WIZCHIP  0x0000000020000024       0x2c ./Drivers/Ethernet_w5500/wizchip_conf.o
                0x0000000020000024                WIZCHIP
 .data.uwTickPrio
                0x0000000020000050        0x4 ./Drivers/STM32F4xx_HAL_Driver/Src/stm32f4xx_hal.o
                0x0000000020000050                uwTickPrio
 .data.uwTickFreq
                0x0000000020000054        0x1 ./Drivers/STM32F4xx_HAL_Driver/Src/stm32f4xx_hal.o
                0x0000000020000054                uwTickFreq
 *fill*         0x0000000020000055        0x3 
 .data.uxCriticalNesting
                0x0000000020000058        0x4 ./Middlewares/Third_Party/FreeRTOS/Source/portable/GCC/ARM_CM4F/port.o
 .data._impure_data
                0x000000002000005c       0x4c C:/ST/STM32CubeIDE_1.13.1/STM32CubeIDE/plugins/com.st.stm32cube.ide.mcu.externaltools.gnu-tools-for-stm32.11.3.rel1.win32_1.1.100.202309141235/tools/bin/../lib/gcc/arm-none-eabi/11.3.1/../../../../arm-none-eabi/lib/thumb/v7e-m+fp/hard\libc_nano.a(libc_a-impure.o)
                0x000000002000005c                _impure_data
 .data._impure_ptr
                0x00000000200000a8        0x4 C:/ST/STM32CubeIDE_1.13.1/STM32CubeIDE/plugins/com.st.stm32cube.ide.mcu.externaltools.gnu-tools-for-stm32.11.3.rel1.win32_1.1.100.202309141235/tools/bin/../lib/gcc/arm-none-eabi/11.3.1/../../../../arm-none-eabi/lib/thumb/v7e-m+fp/hard\libc_nano.a(libc_a-impure.o)
                0x00000000200000a8                _impure_ptr
 *(.RamFunc)
 *(.RamFunc*)
                0x00000000200000ac                . = ALIGN (0x4)
                0x00000000200000ac                _edata = .

.igot.plt       0x00000000200000ac        0x0 load address 0x0000000008008500
 .igot.plt      0x00000000200000ac        0x0 C:/ST/STM32CubeIDE_1.13.1/STM32CubeIDE/plugins/com.st.stm32cube.ide.mcu.externaltools.gnu-tools-for-stm32.11.3.rel1.win32_1.1.100.202309141235/tools/bin/../lib/gcc/arm-none-eabi/11.3.1/thumb/v7e-m+fp/hard/crtbegin.o
                0x00000000200000ac                . = ALIGN (0x4)

.bss            0x00000000200000ac     0x46e8 load address 0x0000000008008500
                0x00000000200000ac                _sbss = .
                0x00000000200000ac                __bss_start__ = _sbss
 *(.bss)
 .bss           0x00000000200000ac       0x1c C:/ST/STM32CubeIDE_1.13.1/STM32CubeIDE/plugins/com.st.stm32cube.ide.mcu.externaltools.gnu-tools-for-stm32.11.3.rel1.win32_1.1.100.202309141235/tools/bin/../lib/gcc/arm-none-eabi/11.3.1/thumb/v7e-m+fp/hard/crtbegin.o
 *(.bss*)
 .bss.xIdleTaskTCBBuffer
                0x00000000200000c8       0xa0 ./Core/Src/freertos.o
 .bss.xIdleStack
                0x0000000020000168      0x200 ./Core/Src/freertos.o
 .bss.hspi1     0x0000000020000368       0x58 ./Core/Src/main.o
                0x0000000020000368                hspi1
 .bss.hdma_spi1_rx
                0x00000000200003c0       0x60 ./Core/Src/main.o
                0x00000000200003c0                hdma_spi1_rx
 .bss.hdma_spi1_tx
                0x0000000020000420       0x60 ./Core/Src/main.o
                0x0000000020000420                hdma_spi1_tx
 .bss.TaskRouterHandle
                0x0000000020000480        0x4 ./Core/Src/main.o
                0x0000000020000480                TaskRouterHandle
 .bss.spiMutex  0x0000000020000484        0x4 ./Core/Src/main.o
                0x0000000020000484                spiMutex
 .bss.dmaTxSem  0x0000000020000488        0x4 ./Core/Src/main.o
                0x0000000020000488                dmaTxSem
 .bss.dmaRxSem  0x000000002000048c        0x4 ./Core/Src/main.o
                0x000000002000048c                dmaRxSem
 .bss.transfer_buffer
                0x0000000020000490      0x400 ./Core/Src/main.o
                0x0000000020000490                transfer_buffer
 .bss.htim1     0x0000000020000890       0x48 ./Core/Src/stm32f4xx_hal_timebase_tim.o
                0x0000000020000890                htim1
 .bss.sock_io_mode
                0x00000000200008d8        0x2 ./Drivers/Ethernet_w5500/socket.o
 .bss.sock_is_sending
                0x00000000200008da        0x2 ./Drivers/Ethernet_w5500/socket.o
 .bss.sock_remained_size
                0x00000000200008dc       0x10 ./Drivers/Ethernet_w5500/socket.o
 .bss.sock_pack_info
                0x00000000200008ec        0x8 ./Drivers/Ethernet_w5500/socket.o
                0x00000000200008ec                sock_pack_info
 .bss._DNS_     0x00000000200008f4        0x4 ./Drivers/Ethernet_w5500/wizchip_conf.o
 .bss._DHCP_    0x00000000200008f8        0x1 ./Drivers/Ethernet_w5500/wizchip_conf.o
 *fill*         0x00000000200008f9        0x3 
 .bss.uwTick    0x00000000200008fc        0x4 ./Drivers/STM32F4xx_HAL_Driver/Src/stm32f4xx_hal.o
                0x00000000200008fc                uwTick
 .bss.pxCurrentTCB
                0x0000000020000900        0x4 ./Middlewares/Third_Party/FreeRTOS/Source/tasks.o
                0x0000000020000900                pxCurrentTCB
 .bss.pxReadyTasksLists
                0x0000000020000904       0x8c ./Middlewares/Third_Party/FreeRTOS/Source/tasks.o
 .bss.xDelayedTaskList1
                0x0000000020000990       0x14 ./Middlewares/Third_Party/FreeRTOS/Source/tasks.o
 .bss.xDelayedTaskList2
                0x00000000200009a4       0x14 ./Middlewares/Third_Party/FreeRTOS/Source/tasks.o
 .bss.pxDelayedTaskList
                0x00000000200009b8        0x4 ./Middlewares/Third_Party/FreeRTOS/Source/tasks.o
 .bss.pxOverflowDelayedTaskList
                0x00000000200009bc        0x4 ./Middlewares/Third_Party/FreeRTOS/Source/tasks.o
 .bss.xPendingReadyList
                0x00000000200009c0       0x14 ./Middlewares/Third_Party/FreeRTOS/Source/tasks.o
 .bss.xTasksWaitingTermination
                0x00000000200009d4       0x14 ./Middlewares/Third_Party/FreeRTOS/Source/tasks.o
 .bss.uxDeletedTasksWaitingCleanUp
                0x00000000200009e8        0x4 ./Middlewares/Third_Party/FreeRTOS/Source/tasks.o
 .bss.xSuspendedTaskList
                0x00000000200009ec       0x14 ./Middlewares/Third_Party/FreeRTOS/Source/tasks.o
 .bss.uxCurrentNumberOfTasks
                0x0000000020000a00        0x4 ./Middlewares/Third_Party/FreeRTOS/Source/tasks.o
 .bss.xTickCount
                0x0000000020000a04        0x4 ./Middlewares/Third_Party/FreeRTOS/Source/tasks.o
 .bss.uxTopReadyPriority
                0x0000000020000a08        0x4 ./Middlewares/Third_Party/FreeRTOS/Source/tasks.o
 .bss.xSchedulerRunning
                0x0000000020000a0c        0x4 ./Middlewares/Third_Party/FreeRTOS/Source/tasks.o
 .bss.xPendedTicks
                0x0000000020000a10        0x4 ./Middlewares/Third_Party/FreeRTOS/Source/tasks.o
 .bss.xYieldPending
                0x0000000020000a14        0x4 ./Middlewares/Third_Party/FreeRTOS/Source/tasks.o
 .bss.xNumOfOverflows
                0x0000000020000a18        0x4 ./Middlewares/Third_Party/FreeRTOS/Source/tasks.o
 .bss.uxTaskNumber
                0x0000000020000a1c        0x4 ./Middlewares/Third_Party/FreeRTOS/Source/tasks.o
 .bss.xNextTaskUnblockTime
                0x0000000020000a20        0x4 ./Middlewares/Third_Party/FreeRTOS/Source/tasks.o
 .bss.xIdleTaskHandle
                0x0000000020000a24        0x4 ./Middlewares/Third_Party/FreeRTOS/Source/tasks.o
 .bss.uxSchedulerSuspended
                0x0000000020000a28        0x4 ./Middlewares/Third_Party/FreeRTOS/Source/tasks.o
 .bss.ucMaxSysCallPriority
                0x0000000020000a2c        0x1 ./Middlewares/Third_Party/FreeRTOS/Source/portable/GCC/ARM_CM4F/port.o
 *fill*         0x0000000020000a2d        0x3 
 .bss.ulMaxPRIGROUPValue
                0x0000000020000a30        0x4 ./Middlewares/Third_Party/FreeRTOS/Source/portable/GCC/ARM_CM4F/port.o
 .bss.ucHeap    0x0000000020000a34     0x3c00 ./Middlewares/Third_Party/FreeRTOS/Source/portable/MemMang/heap_4.o
 .bss.xStart    0x0000000020004634        0x8 ./Middlewares/Third_Party/FreeRTOS/Source/portable/MemMang/heap_4.o
 .bss.pxEnd     0x000000002000463c        0x4 ./Middlewares/Third_Party/FreeRTOS/Source/portable/MemMang/heap_4.o
 .bss.xFreeBytesRemaining
                0x0000000020004640        0x4 ./Middlewares/Third_Party/FreeRTOS/Source/portable/MemMang/heap_4.o
 .bss.xMinimumEverFreeBytesRemaining
                0x0000000020004644        0x4 ./Middlewares/Third_Party/FreeRTOS/Source/portable/MemMang/heap_4.o
 .bss.xNumberOfSuccessfulAllocations
                0x0000000020004648        0x4 ./Middlewares/Third_Party/FreeRTOS/Source/portable/MemMang/heap_4.o
 .bss.xNumberOfSuccessfulFrees
                0x000000002000464c        0x4 ./Middlewares/Third_Party/FreeRTOS/Source/portable/MemMang/heap_4.o
 .bss.xBlockAllocatedBit
                0x0000000020004650        0x4 ./Middlewares/Third_Party/FreeRTOS/Source/portable/MemMang/heap_4.o
 .bss.__malloc_free_list
                0x0000000020004654        0x4 C:/ST/STM32CubeIDE_1.13.1/STM32CubeIDE/plugins/com.st.stm32cube.ide.mcu.externaltools.gnu-tools-for-stm32.11.3.rel1.win32_1.1.100.202309141235/tools/bin/../lib/gcc/arm-none-eabi/11.3.1/../../../../arm-none-eabi/lib/thumb/v7e-m+fp/hard\libc_nano.a(libc_a-mallocr.o)
                0x0000000020004654                __malloc_free_list
 .bss.__sf      0x0000000020004658      0x138 C:/ST/STM32CubeIDE_1.13.1/STM32CubeIDE/plugins/com.st.stm32cube.ide.mcu.externaltools.gnu-tools-for-stm32.11.3.rel1.win32_1.1.100.202309141235/tools/bin/../lib/gcc/arm-none-eabi/11.3.1/../../../../arm-none-eabi/lib/thumb/v7e-m+fp/hard\libc_nano.a(libc_a-findfp.o)
                0x0000000020004658                __sf
 .bss.__lock___malloc_recursive_mutex
                0x0000000020004790        0x1 C:/ST/STM32CubeIDE_1.13.1/STM32CubeIDE/plugins/com.st.stm32cube.ide.mcu.externaltools.gnu-tools-for-stm32.11.3.rel1.win32_1.1.100.202309141235/tools/bin/../lib/gcc/arm-none-eabi/11.3.1/../../../../arm-none-eabi/lib/thumb/v7e-m+fp/hard\libc_nano.a(libc_a-lock.o)
                0x0000000020004790                __lock___malloc_recursive_mutex
 *(COMMON)
                0x0000000020004794                . = ALIGN (0x4)
 *fill*         0x0000000020004791        0x3 
                0x0000000020004794                _ebss = .
                0x0000000020004794                __bss_end__ = _ebss

._user_heap_stack
                0x0000000020004794     0x1004 load address 0x0000000008008500
                0x0000000020004798                . = ALIGN (0x8)
 *fill*         0x0000000020004794        0x4 
                [!provide]                        PROVIDE (end = .)
                0x0000000020004798                PROVIDE (_end = .)
                0x0000000020004f98                . = (. + _Min_Heap_Size)
 *fill*         0x0000000020004798      0x800 
                0x0000000020005798                . = (. + _Min_Stack_Size)
 *fill*         0x0000000020004f98      0x800 
                0x0000000020005798                . = ALIGN (0x8)

/DISCARD/
 libc.a(*)
 libm.a(*)
 libgcc.a(*)

.ARM.attributes
                0x0000000000000000       0x30
 *(.ARM.attributes)
 .ARM.attributes
                0x0000000000000000       0x1e C:/ST/STM32CubeIDE_1.13.1/STM32CubeIDE/plugins/com.st.stm32cube.ide.mcu.externaltools.gnu-tools-for-stm32.11.3.rel1.win32_1.1.100.202309141235/tools/bin/../lib/gcc/arm-none-eabi/11.3.1/thumb/v7e-m+fp/hard/crti.o
 .ARM.attributes
                0x000000000000001e       0x34 C:/ST/STM32CubeIDE_1.13.1/STM32CubeIDE/plugins/com.st.stm32cube.ide.mcu.externaltools.gnu-tools-for-stm32.11.3.rel1.win32_1.1.100.202309141235/tools/bin/../lib/gcc/arm-none-eabi/11.3.1/thumb/v7e-m+fp/hard/crtbegin.o
 .ARM.attributes
                0x0000000000000052       0x34 ./Core/Src/freertos.o
 .ARM.attributes
                0x0000000000000086       0x34 ./Core/Src/main.o
 .ARM.attributes
                0x00000000000000ba       0x34 ./Core/Src/stm32f4xx_hal_msp.o
 .ARM.attributes
                0x00000000000000ee       0x34 ./Core/Src/stm32f4xx_hal_timebase_tim.o
 .ARM.attributes
                0x0000000000000122       0x34 ./Core/Src/stm32f4xx_it.o
 .ARM.attributes
                0x0000000000000156       0x34 ./Core/Src/system_stm32f4xx.o
 .ARM.attributes
                0x000000000000018a       0x21 ./Core/Startup/startup_stm32f411retx.o
 .ARM.attributes
                0x00000000000001ab       0x34 ./Drivers/Ethernet_w5500/W5500/w5500.o
 .ARM.attributes
                0x00000000000001df       0x34 ./Drivers/Ethernet_w5500/socket.o
 .ARM.attributes
                0x0000000000000213       0x34 ./Drivers/Ethernet_w5500/wizchip_conf.o
 .ARM.attributes
                0x0000000000000247       0x34 ./Drivers/STM32F4xx_HAL_Driver/Src/stm32f4xx_hal.o
 .ARM.attributes
                0x000000000000027b       0x34 ./Drivers/STM32F4xx_HAL_Driver/Src/stm32f4xx_hal_cortex.o
 .ARM.attributes
                0x00000000000002af       0x34 ./Drivers/STM32F4xx_HAL_Driver/Src/stm32f4xx_hal_dma.o
 .ARM.attributes
                0x00000000000002e3       0x34 ./Drivers/STM32F4xx_HAL_Driver/Src/stm32f4xx_hal_gpio.o
 .ARM.attributes
                0x0000000000000317       0x34 ./Drivers/STM32F4xx_HAL_Driver/Src/stm32f4xx_hal_rcc.o
 .ARM.attributes
                0x000000000000034b       0x34 ./Drivers/STM32F4xx_HAL_Driver/Src/stm32f4xx_hal_spi.o
 .ARM.attributes
                0x000000000000037f       0x34 ./Drivers/STM32F4xx_HAL_Driver/Src/stm32f4xx_hal_tim.o
 .ARM.attributes
                0x00000000000003b3       0x34 ./Drivers/STM32F4xx_HAL_Driver/Src/stm32f4xx_hal_tim_ex.o
 .ARM.attributes
                0x00000000000003e7       0x34 ./Middlewares/Third_Party/FreeRTOS/Source/CMSIS_RTOS/cmsis_os.o
 .ARM.attributes
                0x000000000000041b       0x34 ./Middlewares/Third_Party/FreeRTOS/Source/list.o
 .ARM.attributes
                0x000000000000044f       0x34 ./Middlewares/Third_Party/FreeRTOS/Source/queue.o
 .ARM.attributes
                0x0000000000000483       0x34 ./Middlewares/Third_Party/FreeRTOS/Source/tasks.o
 .ARM.attributes
                0x00000000000004b7       0x34 ./Middlewares/Third_Party/FreeRTOS/Source/portable/GCC/ARM_CM4F/port.o
 .ARM.attributes
                0x00000000000004eb       0x34 ./Middlewares/Third_Party/FreeRTOS/Source/portable/MemMang/heap_4.o
 .ARM.attributes
                0x000000000000051f       0x34 C:/ST/STM32CubeIDE_1.13.1/STM32CubeIDE/plugins/com.st.stm32cube.ide.mcu.externaltools.gnu-tools-for-stm32.11.3.rel1.win32_1.1.100.202309141235/tools/bin/../lib/gcc/arm-none-eabi/11.3.1/../../../../arm-none-eabi/lib/thumb/v7e-m+fp/hard\libc_nano.a(libc_a-mallocr.o)
 .ARM.attributes
                0x0000000000000553       0x34 C:/ST/STM32CubeIDE_1.13.1/STM32CubeIDE/plugins/com.st.stm32cube.ide.mcu.externaltools.gnu-tools-for-stm32.11.3.rel1.win32_1.1.100.202309141235/tools/bin/../lib/gcc/arm-none-eabi/11.3.1/../../../../arm-none-eabi/lib/thumb/v7e-m+fp/hard\libc_nano.a(libc_a-mlock.o)
 .ARM.attributes
                0x0000000000000587       0x34 C:/ST/STM32CubeIDE_1.13.1/STM32CubeIDE/plugins/com.st.stm32cube.ide.mcu.externaltools.gnu-tools-for-stm32.11.3.rel1.win32_1.1.100.202309141235/tools/bin/../lib/gcc/arm-none-eabi/11.3.1/../../../../arm-none-eabi/lib/thumb/v7e-m+fp/hard\libc_nano.a(libc_a-findfp.o)
 .ARM.attributes
                0x00000000000005bb       0x34 C:/ST/STM32CubeIDE_1.13.1/STM32CubeIDE/plugins/com.st.stm32cube.ide.mcu.externaltools.gnu-tools-for-stm32.11.3.rel1.win32_1.1.100.202309141235/tools/bin/../lib/gcc/arm-none-eabi/11.3.1/../../../../arm-none-eabi/lib/thumb/v7e-m+fp/hard\libc_nano.a(libc_a-memset.o)
 .ARM.attributes
                0x00000000000005ef       0x34 C:/ST/STM32CubeIDE_1.13.1/STM32CubeIDE/plugins/com.st.stm32cube.ide.mcu.externaltools.gnu-tools-for-stm32.11.3.rel1.win32_1.1.100.202309141235/tools/bin/../lib/gcc/arm-none-eabi/11.3.1/../../../../arm-none-eabi/lib/thumb/v7e-m+fp/hard\libc_nano.a(libc_a-reent.o)
 .ARM.attributes
                0x0000000000000623       0x34 C:/ST/STM32CubeIDE_1.13.1/STM32CubeIDE/plugins/com.st.stm32cube.ide.mcu.externaltools.gnu-tools-for-stm32.11.3.rel1.win32_1.1.100.202309141235/tools/bin/../lib/gcc/arm-none-eabi/11.3.1/../../../../arm-none-eabi/lib/thumb/v7e-m+fp/hard\libc_nano.a(libc_a-impure.o)
 .ARM.attributes
                0x0000000000000657       0x34 C:/ST/STM32CubeIDE_1.13.1/STM32CubeIDE/plugins/com.st.stm32cube.ide.mcu.externaltools.gnu-tools-for-stm32.11.3.rel1.win32_1.1.100.202309141235/tools/bin/../lib/gcc/arm-none-eabi/11.3.1/../../../../arm-none-eabi/lib/thumb/v7e-m+fp/hard\libc_nano.a(libc_a-init.o)
 .ARM.attributes
                0x000000000000068b       0x34 C:/ST/STM32CubeIDE_1.13.1/STM32CubeIDE/plugins/com.st.stm32cube.ide.mcu.externaltools.gnu-tools-for-stm32.11.3.rel1.win32_1.1.100.202309141235/tools/bin/../lib/gcc/arm-none-eabi/11.3.1/../../../../arm-none-eabi/lib/thumb/v7e-m+fp/hard\libc_nano.a(libc_a-lock.o)
 .ARM.attributes
                0x00000000000006bf       0x34 C:/ST/STM32CubeIDE_1.13.1/STM32CubeIDE/plugins/com.st.stm32cube.ide.mcu.externaltools.gnu-tools-for-stm32.11.3.rel1.win32_1.1.100.202309141235/tools/bin/../lib/gcc/arm-none-eabi/11.3.1/../../../../arm-none-eabi/lib/thumb/v7e-m+fp/hard\libc_nano.a(libc_a-memcpy-stub.o)
 .ARM.attributes
                0x00000000000006f3       0x34 C:/ST/STM32CubeIDE_1.13.1/STM32CubeIDE/plugins/com.st.stm32cube.ide.mcu.externaltools.gnu-tools-for-stm32.11.3.rel1.win32_1.1.100.202309141235/tools/bin/../lib/gcc/arm-none-eabi/11.3.1/../../../../arm-none-eabi/lib/thumb/v7e-m+fp/hard\libc_nano.a(libc_a-freer.o)
 .ARM.attributes
                0x0000000000000727       0x1e C:/ST/STM32CubeIDE_1.13.1/STM32CubeIDE/plugins/com.st.stm32cube.ide.mcu.externaltools.gnu-tools-for-stm32.11.3.rel1.win32_1.1.100.202309141235/tools/bin/../lib/gcc/arm-none-eabi/11.3.1/thumb/v7e-m+fp/hard\libgcc.a(_aeabi_uldivmod.o)
 .ARM.attributes
                0x0000000000000745       0x34 C:/ST/STM32CubeIDE_1.13.1/STM32CubeIDE/plugins/com.st.stm32cube.ide.mcu.externaltools.gnu-tools-for-stm32.11.3.rel1.win32_1.1.100.202309141235/tools/bin/../lib/gcc/arm-none-eabi/11.3.1/thumb/v7e-m+fp/hard\libgcc.a(_udivmoddi4.o)
 .ARM.attributes
                0x0000000000000779       0x1e C:/ST/STM32CubeIDE_1.13.1/STM32CubeIDE/plugins/com.st.stm32cube.ide.mcu.externaltools.gnu-tools-for-stm32.11.3.rel1.win32_1.1.100.202309141235/tools/bin/../lib/gcc/arm-none-eabi/11.3.1/thumb/v7e-m+fp/hard\libgcc.a(_dvmd_tls.o)
 .ARM.attributes
                0x0000000000000797       0x1e C:/ST/STM32CubeIDE_1.13.1/STM32CubeIDE/plugins/com.st.stm32cube.ide.mcu.externaltools.gnu-tools-for-stm32.11.3.rel1.win32_1.1.100.202309141235/tools/bin/../lib/gcc/arm-none-eabi/11.3.1/thumb/v7e-m+fp/hard/crtn.o
OUTPUT(ai_1dcnn_mlp.elf elf32-littlearm)
LOAD linker stubs
LOAD C:/ST/STM32CubeIDE_1.13.1/STM32CubeIDE/plugins/com.st.stm32cube.ide.mcu.externaltools.gnu-tools-for-stm32.11.3.rel1.win32_1.1.100.202309141235/tools/bin/../lib/gcc/arm-none-eabi/11.3.1/../../../../arm-none-eabi/lib/thumb/v7e-m+fp/hard\libc.a
LOAD C:/ST/STM32CubeIDE_1.13.1/STM32CubeIDE/plugins/com.st.stm32cube.ide.mcu.externaltools.gnu-tools-for-stm32.11.3.rel1.win32_1.1.100.202309141235/tools/bin/../lib/gcc/arm-none-eabi/11.3.1/../../../../arm-none-eabi/lib/thumb/v7e-m+fp/hard\libm.a
LOAD C:/ST/STM32CubeIDE_1.13.1/STM32CubeIDE/plugins/com.st.stm32cube.ide.mcu.externaltools.gnu-tools-for-stm32.11.3.rel1.win32_1.1.100.202309141235/tools/bin/../lib/gcc/arm-none-eabi/11.3.1/thumb/v7e-m+fp/hard\libgcc.a

.comment        0x0000000000000000       0x43
 .comment       0x0000000000000000       0x43 C:/ST/STM32CubeIDE_1.13.1/STM32CubeIDE/plugins/com.st.stm32cube.ide.mcu.externaltools.gnu-tools-for-stm32.11.3.rel1.win32_1.1.100.202309141235/tools/bin/../lib/gcc/arm-none-eabi/11.3.1/thumb/v7e-m+fp/hard/crtbegin.o
                                         0x44 (size before relaxing)
 .comment       0x0000000000000043       0x44 ./Core/Src/freertos.o
 .comment       0x0000000000000043       0x44 ./Core/Src/main.o
 .comment       0x0000000000000043       0x44 ./Core/Src/stm32f4xx_hal_msp.o
 .comment       0x0000000000000043       0x44 ./Core/Src/stm32f4xx_hal_timebase_tim.o
 .comment       0x0000000000000043       0x44 ./Core/Src/stm32f4xx_it.o
 .comment       0x0000000000000043       0x44 ./Core/Src/system_stm32f4xx.o
 .comment       0x0000000000000043       0x44 ./Drivers/Ethernet_w5500/W5500/w5500.o
 .comment       0x0000000000000043       0x44 ./Drivers/Ethernet_w5500/socket.o
 .comment       0x0000000000000043       0x44 ./Drivers/Ethernet_w5500/wizchip_conf.o
 .comment       0x0000000000000043       0x44 ./Drivers/STM32F4xx_HAL_Driver/Src/stm32f4xx_hal.o
 .comment       0x0000000000000043       0x44 ./Drivers/STM32F4xx_HAL_Driver/Src/stm32f4xx_hal_cortex.o
 .comment       0x0000000000000043       0x44 ./Drivers/STM32F4xx_HAL_Driver/Src/stm32f4xx_hal_dma.o
 .comment       0x0000000000000043       0x44 ./Drivers/STM32F4xx_HAL_Driver/Src/stm32f4xx_hal_gpio.o
 .comment       0x0000000000000043       0x44 ./Drivers/STM32F4xx_HAL_Driver/Src/stm32f4xx_hal_rcc.o
 .comment       0x0000000000000043       0x44 ./Drivers/STM32F4xx_HAL_Driver/Src/stm32f4xx_hal_spi.o
 .comment       0x0000000000000043       0x44 ./Drivers/STM32F4xx_HAL_Driver/Src/stm32f4xx_hal_tim.o
 .comment       0x0000000000000043       0x44 ./Drivers/STM32F4xx_HAL_Driver/Src/stm32f4xx_hal_tim_ex.o
 .comment       0x0000000000000043       0x44 ./Middlewares/Third_Party/FreeRTOS/Source/CMSIS_RTOS/cmsis_os.o
 .comment       0x0000000000000043       0x44 ./Middlewares/Third_Party/FreeRTOS/Source/list.o
 .comment       0x0000000000000043       0x44 ./Middlewares/Third_Party/FreeRTOS/Source/queue.o
 .comment       0x0000000000000043       0x44 ./Middlewares/Third_Party/FreeRTOS/Source/tasks.o
 .comment       0x0000000000000043       0x44 ./Middlewares/Third_Party/FreeRTOS/Source/portable/GCC/ARM_CM4F/port.o
 .comment       0x0000000000000043       0x44 ./Middlewares/Third_Party/FreeRTOS/Source/portable/MemMang/heap_4.o

.debug_info     0x0000000000000000    0x15cad
 .debug_info    0x0000000000000000      0x918 ./Core/Src/freertos.o
 .debug_info    0x0000000000000918     0x252a ./Core/Src/main.o
 .debug_info    0x0000000000002e42      0xb82 ./Core/Src/stm32f4xx_hal_msp.o
 .debug_info    0x00000000000039c4      0xb75 ./Core/Src/stm32f4xx_hal_timebase_tim.o
 .debug_info    0x0000000000004539      0x6e7 ./Core/Src/stm32f4xx_it.o
 .debug_info    0x0000000000004c20      0x53e ./Core/Src/system_stm32f4xx.o
 .debug_info    0x000000000000515e       0x23 ./Core/Startup/startup_stm32f411retx.o
 .debug_info    0x0000000000005181      0x5e6 ./Drivers/Ethernet_w5500/W5500/w5500.o
 .debug_info    0x0000000000005767      0xa1d ./Drivers/Ethernet_w5500/socket.o
 .debug_info    0x0000000000006184      0xf3f ./Drivers/Ethernet_w5500/wizchip_conf.o
 .debug_info    0x00000000000070c3      0x8c4 ./Drivers/STM32F4xx_HAL_Driver/Src/stm32f4xx_hal.o
 .debug_info    0x0000000000007987      0xcfc ./Drivers/STM32F4xx_HAL_Driver/Src/stm32f4xx_hal_cortex.o
 .debug_info    0x0000000000008683      0x8e6 ./Drivers/STM32F4xx_HAL_Driver/Src/stm32f4xx_hal_dma.o
 .debug_info    0x0000000000008f69      0x6f9 ./Drivers/STM32F4xx_HAL_Driver/Src/stm32f4xx_hal_gpio.o
 .debug_info    0x0000000000009662      0x904 ./Drivers/STM32F4xx_HAL_Driver/Src/stm32f4xx_hal_rcc.o
 .debug_info    0x0000000000009f66     0x1530 ./Drivers/STM32F4xx_HAL_Driver/Src/stm32f4xx_hal_spi.o
 .debug_info    0x000000000000b496     0x2996 ./Drivers/STM32F4xx_HAL_Driver/Src/stm32f4xx_hal_tim.o
 .debug_info    0x000000000000de2c     0x14d4 ./Drivers/STM32F4xx_HAL_Driver/Src/stm32f4xx_hal_tim_ex.o
 .debug_info    0x000000000000f300     0x21e1 ./Middlewares/Third_Party/FreeRTOS/Source/CMSIS_RTOS/cmsis_os.o
 .debug_info    0x00000000000114e1      0x2af ./Middlewares/Third_Party/FreeRTOS/Source/list.o
 .debug_info    0x0000000000011790     0x17cd ./Middlewares/Third_Party/FreeRTOS/Source/queue.o
 .debug_info    0x0000000000012f5d     0x239d ./Middlewares/Third_Party/FreeRTOS/Source/tasks.o
 .debug_info    0x00000000000152fa      0x4de ./Middlewares/Third_Party/FreeRTOS/Source/portable/GCC/ARM_CM4F/port.o
 .debug_info    0x00000000000157d8      0x4d5 ./Middlewares/Third_Party/FreeRTOS/Source/portable/MemMang/heap_4.o

.debug_abbrev   0x0000000000000000     0x3757
 .debug_abbrev  0x0000000000000000      0x16f ./Core/Src/freertos.o
 .debug_abbrev  0x000000000000016f      0x3a5 ./Core/Src/main.o
 .debug_abbrev  0x0000000000000514      0x20a ./Core/Src/stm32f4xx_hal_msp.o
 .debug_abbrev  0x000000000000071e      0x207 ./Core/Src/stm32f4xx_hal_timebase_tim.o
 .debug_abbrev  0x0000000000000925      0x194 ./Core/Src/stm32f4xx_it.o
 .debug_abbrev  0x0000000000000ab9      0x11a ./Core/Src/system_stm32f4xx.o
 .debug_abbrev  0x0000000000000bd3       0x12 ./Core/Startup/startup_stm32f411retx.o
 .debug_abbrev  0x0000000000000be5      0x1cb ./Drivers/Ethernet_w5500/W5500/w5500.o
 .debug_abbrev  0x0000000000000db0      0x1c5 ./Drivers/Ethernet_w5500/socket.o
 .debug_abbrev  0x0000000000000f75      0x320 ./Drivers/Ethernet_w5500/wizchip_conf.o
 .debug_abbrev  0x0000000000001295      0x24b ./Drivers/STM32F4xx_HAL_Driver/Src/stm32f4xx_hal.o
 .debug_abbrev  0x00000000000014e0      0x31d ./Drivers/STM32F4xx_HAL_Driver/Src/stm32f4xx_hal_cortex.o
 .debug_abbrev  0x00000000000017fd      0x221 ./Drivers/STM32F4xx_HAL_Driver/Src/stm32f4xx_hal_dma.o
 .debug_abbrev  0x0000000000001a1e      0x1d3 ./Drivers/STM32F4xx_HAL_Driver/Src/stm32f4xx_hal_gpio.o
 .debug_abbrev  0x0000000000001bf1      0x2b6 ./Drivers/STM32F4xx_HAL_Driver/Src/stm32f4xx_hal_rcc.o
 .debug_abbrev  0x0000000000001ea7      0x276 ./Drivers/STM32F4xx_HAL_Driver/Src/stm32f4xx_hal_spi.o
 .debug_abbrev  0x000000000000211d      0x28b ./Drivers/STM32F4xx_HAL_Driver/Src/stm32f4xx_hal_tim.o
 .debug_abbrev  0x00000000000023a8      0x296 ./Drivers/STM32F4xx_HAL_Driver/Src/stm32f4xx_hal_tim_ex.o
 .debug_abbrev  0x000000000000263e      0x426 ./Middlewares/Third_Party/FreeRTOS/Source/CMSIS_RTOS/cmsis_os.o
 .debug_abbrev  0x0000000000002a64       0xf5 ./Middlewares/Third_Party/FreeRTOS/Source/list.o
 .debug_abbrev  0x0000000000002b59      0x3b5 ./Middlewares/Third_Party/FreeRTOS/Source/queue.o
 .debug_abbrev  0x0000000000002f0e      0x3d0 ./Middlewares/Third_Party/FreeRTOS/Source/tasks.o
 .debug_abbrev  0x00000000000032de      0x25c ./Middlewares/Third_Party/FreeRTOS/Source/portable/GCC/ARM_CM4F/port.o
 .debug_abbrev  0x000000000000353a      0x21d ./Middlewares/Third_Party/FreeRTOS/Source/portable/MemMang/heap_4.o

.debug_aranges  0x0000000000000000     0x1488
 .debug_aranges
                0x0000000000000000       0x20 ./Core/Src/freertos.o
 .debug_aranges
                0x0000000000000020       0xa0 ./Core/Src/main.o
 .debug_aranges
                0x00000000000000c0       0x30 ./Core/Src/stm32f4xx_hal_msp.o
 .debug_aranges
                0x00000000000000f0       0x30 ./Core/Src/stm32f4xx_hal_timebase_tim.o
 .debug_aranges
                0x0000000000000120       0x60 ./Core/Src/stm32f4xx_it.o
 .debug_aranges
                0x0000000000000180       0x28 ./Core/Src/system_stm32f4xx.o
 .debug_aranges
                0x00000000000001a8       0x28 ./Core/Startup/startup_stm32f411retx.o
 .debug_aranges
                0x00000000000001d0       0x60 ./Drivers/Ethernet_w5500/W5500/w5500.o
 .debug_aranges
                0x0000000000000230       0xa8 ./Drivers/Ethernet_w5500/socket.o
 .debug_aranges
                0x00000000000002d8      0x168 ./Drivers/Ethernet_w5500/wizchip_conf.o
 .debug_aranges
                0x0000000000000440       0xf0 ./Drivers/STM32F4xx_HAL_Driver/Src/stm32f4xx_hal.o
 .debug_aranges
                0x0000000000000530      0x130 ./Drivers/STM32F4xx_HAL_Driver/Src/stm32f4xx_hal_cortex.o
 .debug_aranges
                0x0000000000000660       0x90 ./Drivers/STM32F4xx_HAL_Driver/Src/stm32f4xx_hal_dma.o
 .debug_aranges
                0x00000000000006f0       0x58 ./Drivers/STM32F4xx_HAL_Driver/Src/stm32f4xx_hal_gpio.o
 .debug_aranges
                0x0000000000000748       0x88 ./Drivers/STM32F4xx_HAL_Driver/Src/stm32f4xx_hal_rcc.o
 .debug_aranges
                0x00000000000007d0      0x1d0 ./Drivers/STM32F4xx_HAL_Driver/Src/stm32f4xx_hal_spi.o
 .debug_aranges
                0x00000000000009a0      0x3d0 ./Drivers/STM32F4xx_HAL_Driver/Src/stm32f4xx_hal_tim.o
 .debug_aranges
                0x0000000000000d70      0x168 ./Drivers/STM32F4xx_HAL_Driver/Src/stm32f4xx_hal_tim_ex.o
 .debug_aranges
                0x0000000000000ed8      0x1d8 ./Middlewares/Third_Party/FreeRTOS/Source/CMSIS_RTOS/cmsis_os.o
 .debug_aranges
                0x00000000000010b0       0x40 ./Middlewares/Third_Party/FreeRTOS/Source/list.o
 .debug_aranges
                0x00000000000010f0      0x108 ./Middlewares/Third_Party/FreeRTOS/Source/queue.o
 .debug_aranges
                0x00000000000011f8      0x1b8 ./Middlewares/Third_Party/FreeRTOS/Source/tasks.o
 .debug_aranges
                0x00000000000013b0       0x80 ./Middlewares/Third_Party/FreeRTOS/Source/portable/GCC/ARM_CM4F/port.o
 .debug_aranges
                0x0000000000001430       0x58 ./Middlewares/Third_Party/FreeRTOS/Source/portable/MemMang/heap_4.o

.debug_rnglists
                0x0000000000000000      0xfe1
 .debug_rnglists
                0x0000000000000000       0x13 ./Core/Src/freertos.o
 .debug_rnglists
                0x0000000000000013       0x78 ./Core/Src/main.o
 .debug_rnglists
                0x000000000000008b       0x20 ./Core/Src/stm32f4xx_hal_msp.o
 .debug_rnglists
                0x00000000000000ab       0x20 ./Core/Src/stm32f4xx_hal_timebase_tim.o
 .debug_rnglists
                0x00000000000000cb       0x43 ./Core/Src/stm32f4xx_it.o
 .debug_rnglists
                0x000000000000010e       0x1a ./Core/Src/system_stm32f4xx.o
 .debug_rnglists
                0x0000000000000128       0x19 ./Core/Startup/startup_stm32f411retx.o
 .debug_rnglists
                0x0000000000000141       0x4c ./Drivers/Ethernet_w5500/W5500/w5500.o
 .debug_rnglists
                0x000000000000018d       0x91 ./Drivers/Ethernet_w5500/socket.o
 .debug_rnglists
                0x000000000000021e      0x111 ./Drivers/Ethernet_w5500/wizchip_conf.o
 .debug_rnglists
                0x000000000000032f       0xaf ./Drivers/STM32F4xx_HAL_Driver/Src/stm32f4xx_hal.o
 .debug_rnglists
                0x00000000000003de       0xe0 ./Drivers/STM32F4xx_HAL_Driver/Src/stm32f4xx_hal_cortex.o
 .debug_rnglists
                0x00000000000004be       0x70 ./Drivers/STM32F4xx_HAL_Driver/Src/stm32f4xx_hal_dma.o
 .debug_rnglists
                0x000000000000052e       0x3f ./Drivers/STM32F4xx_HAL_Driver/Src/stm32f4xx_hal_gpio.o
 .debug_rnglists
                0x000000000000056d       0x66 ./Drivers/STM32F4xx_HAL_Driver/Src/stm32f4xx_hal_rcc.o
 .debug_rnglists
                0x00000000000005d3      0x16f ./Drivers/STM32F4xx_HAL_Driver/Src/stm32f4xx_hal_spi.o
 .debug_rnglists
                0x0000000000000742      0x31a ./Drivers/STM32F4xx_HAL_Driver/Src/stm32f4xx_hal_tim.o
 .debug_rnglists
                0x0000000000000a5c      0x125 ./Drivers/STM32F4xx_HAL_Driver/Src/stm32f4xx_hal_tim_ex.o
 .debug_rnglists
                0x0000000000000b81      0x16a ./Middlewares/Third_Party/FreeRTOS/Source/CMSIS_RTOS/cmsis_os.o
 .debug_rnglists
                0x0000000000000ceb       0x2b ./Middlewares/Third_Party/FreeRTOS/Source/list.o
 .debug_rnglists
                0x0000000000000d16       0xcd ./Middlewares/Third_Party/FreeRTOS/Source/queue.o
 .debug_rnglists
                0x0000000000000de3      0x15f ./Middlewares/Third_Party/FreeRTOS/Source/tasks.o
 .debug_rnglists
                0x0000000000000f42       0x5d ./Middlewares/Third_Party/FreeRTOS/Source/portable/GCC/ARM_CM4F/port.o
 .debug_rnglists
                0x0000000000000f9f       0x42 ./Middlewares/Third_Party/FreeRTOS/Source/portable/MemMang/heap_4.o

.debug_macro    0x0000000000000000    0x18c17
 .debug_macro   0x0000000000000000      0x2dd ./Core/Src/freertos.o
 .debug_macro   0x00000000000002dd      0xaa8 ./Core/Src/freertos.o
 .debug_macro   0x0000000000000d85      0x174 ./Core/Src/freertos.o
 .debug_macro   0x0000000000000ef9       0x22 ./Core/Src/freertos.o
 .debug_macro   0x0000000000000f1b       0x8e ./Core/Src/freertos.o
 .debug_macro   0x0000000000000fa9       0x51 ./Core/Src/freertos.o
 .debug_macro   0x0000000000000ffa      0x103 ./Core/Src/freertos.o
 .debug_macro   0x00000000000010fd       0x6a ./Core/Src/freertos.o
 .debug_macro   0x0000000000001167      0x1df ./Core/Src/freertos.o
 .debug_macro   0x0000000000001346       0xf1 ./Core/Src/freertos.o
 .debug_macro   0x0000000000001437      0x15a ./Core/Src/freertos.o
 .debug_macro   0x0000000000001591       0xde ./Core/Src/freertos.o
 .debug_macro   0x000000000000166f       0x1c ./Core/Src/freertos.o
 .debug_macro   0x000000000000168b       0x26 ./Core/Src/freertos.o
 .debug_macro   0x00000000000016b1       0x61 ./Core/Src/freertos.o
 .debug_macro   0x0000000000001712       0x2a ./Core/Src/freertos.o
 .debug_macro   0x000000000000173c       0x43 ./Core/Src/freertos.o
 .debug_macro   0x000000000000177f       0x34 ./Core/Src/freertos.o
 .debug_macro   0x00000000000017b3       0x16 ./Core/Src/freertos.o
 .debug_macro   0x00000000000017c9       0x43 ./Core/Src/freertos.o
 .debug_macro   0x000000000000180c       0x34 ./Core/Src/freertos.o
 .debug_macro   0x0000000000001840       0x10 ./Core/Src/freertos.o
 .debug_macro   0x0000000000001850       0x58 ./Core/Src/freertos.o
 .debug_macro   0x00000000000018a8       0x8e ./Core/Src/freertos.o
 .debug_macro   0x0000000000001936       0x1c ./Core/Src/freertos.o
 .debug_macro   0x0000000000001952      0x177 ./Core/Src/freertos.o
 .debug_macro   0x0000000000001ac9       0x10 ./Core/Src/freertos.o
 .debug_macro   0x0000000000001ad9       0x35 ./Core/Src/freertos.o
 .debug_macro   0x0000000000001b0e      0x4fe ./Core/Src/freertos.o
 .debug_macro   0x000000000000200c       0xb5 ./Core/Src/freertos.o
 .debug_macro   0x00000000000020c1       0xaa ./Core/Src/freertos.o
 .debug_macro   0x000000000000216b      0x29b ./Core/Src/freertos.o
 .debug_macro   0x0000000000002406       0x2e ./Core/Src/freertos.o
 .debug_macro   0x0000000000002434       0x28 ./Core/Src/freertos.o
 .debug_macro   0x000000000000245c       0x1c ./Core/Src/freertos.o
 .debug_macro   0x0000000000002478       0x22 ./Core/Src/freertos.o
 .debug_macro   0x000000000000249a       0xfb ./Core/Src/freertos.o
 .debug_macro   0x0000000000002595     0x1011 ./Core/Src/freertos.o
 .debug_macro   0x00000000000035a6      0x11f ./Core/Src/freertos.o
 .debug_macro   0x00000000000036c5     0xb968 ./Core/Src/freertos.o
 .debug_macro   0x000000000000f02d       0x6d ./Core/Src/freertos.o
 .debug_macro   0x000000000000f09a     0x3693 ./Core/Src/freertos.o
 .debug_macro   0x000000000001272d       0x5c ./Core/Src/freertos.o
 .debug_macro   0x0000000000012789      0x45c ./Core/Src/freertos.o
 .debug_macro   0x0000000000012be5      0x9e9 ./Core/Src/freertos.o
 .debug_macro   0x00000000000135ce      0x115 ./Core/Src/freertos.o
 .debug_macro   0x00000000000136e3      0x11b ./Core/Src/freertos.o
 .debug_macro   0x00000000000137fe       0xa5 ./Core/Src/freertos.o
 .debug_macro   0x00000000000138a3      0x15f ./Core/Src/freertos.o
 .debug_macro   0x0000000000013a02      0x287 ./Core/Src/freertos.o
 .debug_macro   0x0000000000013c89       0x5f ./Core/Src/freertos.o
 .debug_macro   0x0000000000013ce8      0x236 ./Core/Src/freertos.o
 .debug_macro   0x0000000000013f1e      0x132 ./Core/Src/freertos.o
 .debug_macro   0x0000000000014050      0x264 ./Core/Src/freertos.o
 .debug_macro   0x00000000000142b4       0x2e ./Core/Src/freertos.o