../Core/Src/main.c:50:6:W5500_Select	8	static
../Core/Src/main.c:51:6:W5500_Deselect	8	static
../Core/Src/main.c:52:6:HAL_SPI_TxCpltCallback	16	static
../Core/Src/main.c:53:6:HAL_SPI_RxCpltCallback	16	static
../Core/Src/main.c:54:6:W5500_ReadBuff_OS	16	static
../Core/Src/main.c:55:6:W5500_WriteBuff_OS	16	static
../Core/Src/main.c:56:9:W5500_ReadByte	16	static
../Core/Src/main.c:57:6:W5500_WriteByte	16	static
../Core/Src/main.c:59:5:main	72	static
../Core/Src/main.c:78:6:StartTaskRouter	64	static
../Core/Src/main.c:161:6:SystemClock_Config	88	static
../Core/Src/main.c:184:13:MX_SPI1_Init	8	static
../Core/Src/main.c:221:13:MX_GPIO_Init	48	static
../Core/Src/main.c:247:13:MX_DMA_Init	16	static
../Core/Src/main.c:255:6:StartDefaultTask	16	static
../Core/Src/main.c:256:6:HAL_TIM_PeriodElapsedCallback	16	static
../Core/Src/main.c:257:6:Error_Handler	4	static,ignoring_inline_asm
