Archive member included to satisfy reference by file (symbol)

C:\Users\orhan\STM32CubeIDE\workspace_1.13.1\chip_headers\CMSIS\Lib\GCC\libarm_cortexM4lf_math.a(arm_rfft_fast_init_f32.o)
                              ./Core/Src/main.o (arm_rfft_fast_init_f32)
C:\Users\orhan\STM32CubeIDE\workspace_1.13.1\chip_headers\CMSIS\Lib\GCC\libarm_cortexM4lf_math.a(arm_rfft_fast_f32.o)
                              ./Core/Src/main.o (arm_rfft_fast_f32)
C:\Users\orhan\STM32CubeIDE\workspace_1.13.1\chip_headers\CMSIS\Lib\GCC\libarm_cortexM4lf_math.a(arm_cfft_f32.o)
                              C:\Users\orhan\STM32CubeIDE\workspace_1.13.1\chip_headers\CMSIS\Lib\GCC\libarm_cortexM4lf_math.a(arm_rfft_fast_f32.o) (arm_cfft_f32)
C:\Users\orhan\STM32CubeIDE\workspace_1.13.1\chip_headers\CMSIS\Lib\GCC\libarm_cortexM4lf_math.a(arm_cmplx_mag_f32.o)
                              ./Core/Src/main.o (arm_cmplx_mag_f32)
C:\Users\orhan\STM32CubeIDE\workspace_1.13.1\chip_headers\CMSIS\Lib\GCC\libarm_cortexM4lf_math.a(arm_sin_f32.o)
                              ./Core/Src/main.o (arm_sin_f32)
C:\Users\orhan\STM32CubeIDE\workspace_1.13.1\chip_headers\CMSIS\Lib\GCC\libarm_cortexM4lf_math.a(arm_cos_f32.o)
                              ./Core/Src/main.o (arm_cos_f32)
C:\Users\orhan\STM32CubeIDE\workspace_1.13.1\chip_headers\CMSIS\Lib\GCC\libarm_cortexM4lf_math.a(arm_mult_f32.o)
                              ./Core/Src/main.o (arm_mult_f32)
C:\Users\orhan\STM32CubeIDE\workspace_1.13.1\chip_headers\CMSIS\Lib\GCC\libarm_cortexM4lf_math.a(arm_common_tables.o)
                              C:\Users\orhan\STM32CubeIDE\workspace_1.13.1\chip_headers\CMSIS\Lib\GCC\libarm_cortexM4lf_math.a(arm_sin_f32.o) (sinTable_f32)
C:\Users\orhan\STM32CubeIDE\workspace_1.13.1\chip_headers\CMSIS\Lib\GCC\libarm_cortexM4lf_math.a(arm_bitreversal2.o)
                              C:\Users\orhan\STM32CubeIDE\workspace_1.13.1\chip_headers\CMSIS\Lib\GCC\libarm_cortexM4lf_math.a(arm_cfft_f32.o) (arm_bitreversal_32)
C:\Users\orhan\STM32CubeIDE\workspace_1.13.1\chip_headers\CMSIS\Lib\GCC\libarm_cortexM4lf_math.a(arm_cfft_radix8_f32.o)
                              C:\Users\orhan\STM32CubeIDE\workspace_1.13.1\chip_headers\CMSIS\Lib\GCC\libarm_cortexM4lf_math.a(arm_cfft_f32.o) (arm_radix8_butterfly_f32)
C:/ST/STM32CubeIDE_1.13.1/STM32CubeIDE/plugins/com.st.stm32cube.ide.mcu.externaltools.gnu-tools-for-stm32.11.3.rel1.win32_1.1.100.202309141235/tools/bin/../lib/gcc/arm-none-eabi/11.3.1/../../../../arm-none-eabi/lib/thumb/v7e-m+fp/hard\libc_nano.a(libc_a-exit.o)
                              C:/ST/STM32CubeIDE_1.13.1/STM32CubeIDE/plugins/com.st.stm32cube.ide.mcu.externaltools.gnu-tools-for-stm32.11.3.rel1.win32_1.1.100.202309141235/tools/bin/../lib/gcc/arm-none-eabi/11.3.1/../../../../arm-none-eabi/lib/thumb/v7e-m+fp/hard/crt0.o (exit)
C:/ST/STM32CubeIDE_1.13.1/STM32CubeIDE/plugins/com.st.stm32cube.ide.mcu.externaltools.gnu-tools-for-stm32.11.3.rel1.win32_1.1.100.202309141235/tools/bin/../lib/gcc/arm-none-eabi/11.3.1/../../../../arm-none-eabi/lib/thumb/v7e-m+fp/hard\libc_nano.a(libc_a-findfp.o)
                              ./Middlewares/Third_Party/FreeRTOS/Source/tasks.o (__sf)
C:/ST/STM32CubeIDE_1.13.1/STM32CubeIDE/plugins/com.st.stm32cube.ide.mcu.externaltools.gnu-tools-for-stm32.11.3.rel1.win32_1.1.100.202309141235/tools/bin/../lib/gcc/arm-none-eabi/11.3.1/../../../../arm-none-eabi/lib/thumb/v7e-m+fp/hard\libc_nano.a(libc_a-fwalk.o)
                              C:/ST/STM32CubeIDE_1.13.1/STM32CubeIDE/plugins/com.st.stm32cube.ide.mcu.externaltools.gnu-tools-for-stm32.11.3.rel1.win32_1.1.100.202309141235/tools/bin/../lib/gcc/arm-none-eabi/11.3.1/../../../../arm-none-eabi/lib/thumb/v7e-m+fp/hard\libc_nano.a(libc_a-findfp.o) (_fwalk_sglue)
C:/ST/STM32CubeIDE_1.13.1/STM32CubeIDE/plugins/com.st.stm32cube.ide.mcu.externaltools.gnu-tools-for-stm32.11.3.rel1.win32_1.1.100.202309141235/tools/bin/../lib/gcc/arm-none-eabi/11.3.1/../../../../arm-none-eabi/lib/thumb/v7e-m+fp/hard\libc_nano.a(libc_a-stdio.o)
                              C:/ST/STM32CubeIDE_1.13.1/STM32CubeIDE/plugins/com.st.stm32cube.ide.mcu.externaltools.gnu-tools-for-stm32.11.3.rel1.win32_1.1.100.202309141235/tools/bin/../lib/gcc/arm-none-eabi/11.3.1/../../../../arm-none-eabi/lib/thumb/v7e-m+fp/hard\libc_nano.a(libc_a-findfp.o) (__sread)
C:/ST/STM32CubeIDE_1.13.1/STM32CubeIDE/plugins/com.st.stm32cube.ide.mcu.externaltools.gnu-tools-for-stm32.11.3.rel1.win32_1.1.100.202309141235/tools/bin/../lib/gcc/arm-none-eabi/11.3.1/../../../../arm-none-eabi/lib/thumb/v7e-m+fp/hard\libc_nano.a(libc_a-memset.o)
                              C:/ST/STM32CubeIDE_1.13.1/STM32CubeIDE/plugins/com.st.stm32cube.ide.mcu.externaltools.gnu-tools-for-stm32.11.3.rel1.win32_1.1.100.202309141235/tools/bin/../lib/gcc/arm-none-eabi/11.3.1/../../../../arm-none-eabi/lib/thumb/v7e-m+fp/hard/crt0.o (memset)
[...]
Memory Configuration

Name             Origin             Length             Attributes
RAM              0x0000000020000000 0x0000000000010000 xrw
FLASH            0x0000000008000000 0x0000000000040000 xr
*default*        0x0000000000000000 0xffffffffffffffff

Linker script and memory map

LOAD C:/ST/STM32CubeIDE_1.13.1/STM32CubeIDE/plugins/com.st.stm32cube.ide.mcu.externaltools.gnu-tools-for-stm32.11.3.rel1.win32_1.1.100.202309141235/tools/bin/../lib/gcc/arm-none-eabi/11.3.1/thumb/v7e-m+fp/hard/crti.o
LOAD C:/ST/STM32CubeIDE_1.13.1/STM32CubeIDE/plugins/com.st.stm32cube.ide.mcu.externaltools.gnu-tools-for-stm32.11.3.rel1.win32_1.1.100.202309141235/tools/bin/../lib/gcc/arm-none-eabi/11.3.1/thumb/v7e-m+fp/hard/crtbegin.o
LOAD C:/ST/STM32CubeIDE_1.13.1/STM32CubeIDE/plugins/com.st.stm32cube.ide.mcu.externaltools.gnu-tools-for-stm32.11.3.rel1.win32_1.1.100.202309141235/tools/bin/../lib/gcc/arm-none-eabi/11.3.1/../../../../arm-none-eabi/lib/thumb/v7e-m+fp/hard/crt0.o
LOAD ./Core/Src/freertos.o
LOAD ./Core/Src/main.o
LOAD ./Core/Src/stm32f4xx_hal_msp.o
LOAD ./Core/Src/stm32f4xx_hal_timebase_tim.o
LOAD ./Core/Src/stm32f4xx_it.o
LOAD ./Core/Src/syscalls.o
LOAD ./Core/Src/sysmem.o
LOAD ./Core/Src/system_stm32f4xx.o
LOAD ./Core/Startup/startup_stm32f401rctx.o
LOAD ./Drivers/Ethernet_w5500/W5500/w5500.o
LOAD ./Drivers/Ethernet_w5500/socket.o
LOAD ./Drivers/Ethernet_w5500/wizchip_conf.o
LOAD ./Drivers/STM32F4xx_HAL_Driver/Src/stm32f4xx_hal.o
LOAD ./Drivers/STM32F4xx_HAL_Driver/Src/stm32f4xx_hal_cortex.o
LOAD ./Drivers/STM32F4xx_HAL_Driver/Src/stm32f4xx_hal_dma.o
LOAD ./Drivers/STM32F4xx_HAL_Driver/Src/stm32f4xx_hal_dma_ex.o
LOAD ./Drivers/STM32F4xx_HAL_Driver/Src/stm32f4xx_hal_exti.o
LOAD ./Drivers/STM32F4xx_HAL_Driver/Src/stm32f4xx_hal_flash.o
LOAD ./Drivers/STM32F4xx_HAL_Driver/Src/stm32f4xx_hal_flash_ex.o
LOAD ./Drivers/STM32F4xx_HAL_Driver/Src/stm32f4xx_hal_flash_ramfunc.o
LOAD ./Drivers/STM32F4xx_HAL_Driver/Src/stm32f4xx_hal_gpio.o
LOAD ./Drivers/STM32F4xx_HAL_Driver/Src/stm32f4xx_hal_pwr.o
LOAD ./Drivers/STM32F4xx_HAL_Driver/Src/stm32f4xx_hal_pwr_ex.o
LOAD ./Drivers/STM32F4xx_HAL_Driver/Src/stm32f4xx_hal_rcc.o
LOAD ./Drivers/STM32F4xx_HAL_Driver/Src/stm32f4xx_hal_rcc_ex.o
LOAD ./Drivers/STM32F4xx_HAL_Driver/Src/stm32f4xx_hal_spi.o
LOAD ./Drivers/STM32F4xx_HAL_Driver/Src/stm32f4xx_hal_tim.o
LOAD ./Drivers/STM32F4xx_HAL_Driver/Src/stm32f4xx_hal_tim_ex.o
LOAD ./Middlewares/Third_Party/FreeRTOS/Source/CMSIS_RTOS/cmsis_os.o
LOAD ./Middlewares/Third_Party/FreeRTOS/Source/croutine.o
LOAD ./Middlewares/Third_Party/FreeRTOS/Source/event_groups.o
LOAD ./Middlewares/Third_Party/FreeRTOS/Source/list.o
LOAD ./Middlewares/Third_Party/FreeRTOS/Source/queue.o
LOAD ./Middlewares/Third_Party/FreeRTOS/Source/stream_buffer.o
LOAD ./Middlewares/Third_Party/FreeRTOS/Source/tasks.o
LOAD ./Middlewares/Third_Party/FreeRTOS/Source/timers.o
LOAD ./Middlewares/Third_Party/FreeRTOS/Source/portable/GCC/ARM_CM4F/port.o
LOAD ./Middlewares/Third_Party/FreeRTOS/Source/portable/MemMang/heap_4.o
LOAD C:\Users\orhan\STM32CubeIDE\workspace_1.13.1\chip_headers\CMSIS\Lib\GCC\libarm_cortexM4lf_math.a
START GROUP
LOAD C:/ST/STM32CubeIDE_1.13.1/STM32CubeIDE/plugins/com.st.stm32cube.ide.mcu.externaltools.gnu-tools-for-stm32.11.3.rel1.win32_1.1.100.202309141235/tools/bin/../lib/gcc/arm-none-eabi/11.3.1/../../../../arm-none-eabi/lib/thumb/v7e-m+fp/hard\libc_nano.a
LOAD C:/ST/STM32CubeIDE_1.13.1/STM32CubeIDE/plugins/com.st.stm32cube.ide.mcu.externaltools.gnu-tools-for-stm32.11.3.rel1.win32_1.1.100.202309141235/tools/bin/../lib/gcc/arm-none-eabi/11.3.1/../../../../arm-none-eabi/lib/thumb/v7e-m+fp/hard\libm.a
END GROUP
START GROUP
LOAD C:/ST/STM32CubeIDE_1.13.1/STM32CubeIDE/plugins/com.st.stm32cube.ide.mcu.externaltools.gnu-tools-for-stm32.11.3.rel1.win32_1.1.100.202309141235/tools/bin/../lib/gcc/arm-none-eabi/11.3.1/thumb/v7e-m+fp/hard\libgcc.a
LOAD C:/ST/STM32CubeIDE_1.13.1/STM32CubeIDE/plugins/com.st.stm32cube.ide.mcu.externaltools.gnu-tools-for-stm32.11.3.rel1.win32_1.1.100.202309141235/tools/bin/../lib/gcc/arm-none-eabi/11.3.1/../../../../arm-none-eabi/lib/thumb/v7e-m+fp/hard\libc_nano.a
END GROUP
START GROUP
LOAD C:/ST/STM32CubeIDE_1.13.1/STM32CubeIDE/plugins/com.st.stm32cube.ide.mcu.externaltools.gnu-tools-for-stm32.11.3.rel1.win32_1.1.100.202309141235/tools/bin/../lib/gcc/arm-none-eabi/11.3.1/thumb/v7e-m+fp/hard\libgcc.a
LOAD C:/ST/STM32CubeIDE_1.13.1/STM32CubeIDE/plugins/com.st.stm32cube.ide.mcu.externaltools.gnu-tools-for-stm32.11.3.rel1.win32_1.1.100.202309141235/tools/bin/../lib/gcc/arm-none-eabi/11.3.1/../../../../arm-none-eabi/lib/thumb/v7e-m+fp/hard\libc_nano.a
LOAD C:/ST/STM32CubeIDE_1.13.1/STM32CubeIDE/plugins/com.st.stm32cube.ide.mcu.externaltools.gnu-tools-for-stm32.11.3.rel1.win32_1.1.100.202309141235/tools/bin/../lib/gcc/arm-none-eabi/11.3.1/../../../../arm-none-eabi/lib/thumb/v7e-m+fp/hard\libnosys.a
END GROUP
START GROUP
LOAD C:/ST/STM32CubeIDE_1.13.1/STM32CubeIDE/plugins/com.st.stm32cube.ide.mcu.externaltools.gnu-tools-for-stm32.11.3.rel1.win32_1.1.100.202309141235/tools/bin/../lib/gcc/arm-none-eabi/11.3.1/thumb/v7e-m+fp/hard\libgcc.a
LOAD C:/ST/STM32CubeIDE_1.13.1/STM32CubeIDE/plugins/com.st.stm32cube.ide.mcu.externaltools.gnu-tools-for-stm32.11.3.rel1.win32_1.1.100.202309141235/tools/bin/../lib/gcc/arm-none-eabi/11.3.1/../../../../arm-none-eabi/lib/thumb/v7e-m+fp/hard\libc_nano.a
LOAD C:/ST/STM32CubeIDE_1.13.1/STM32CubeIDE/plugins/com.st.stm32cube.ide.mcu.externaltools.gnu-tools-for-stm32.11.3.rel1.win32_1.1.100.202309141235/tools/bin/../lib/gcc/arm-none-eabi/11.3.1/../../../../arm-none-eabi/lib/thumb/v7e-m+fp/hard\libnosys.a
END GROUP
LOAD C:/ST/STM32CubeIDE_1.13.1/STM32CubeIDE/plugins/com.st.stm32cube.ide.mcu.externaltools.gnu-tools-for-stm32.11.3.rel1.win32_1.1.100.202309141235/tools/bin/../lib/gcc/arm-none-eabi/11.3.1/thumb/v7e-m+fp/hard/crtend.o
LOAD C:/ST/STM32CubeIDE_1.13.1/STM32CubeIDE/plugins/com.st.stm32cube.ide.mcu.externaltools.gnu-tools-for-stm32.11.3.rel1.win32_1.1.100.202309141235/tools/bin/../lib/gcc/arm-none-eabi/11.3.1/thumb/v7e-m+fp/hard/crtn.o
                0x0000000020010000                _estack = (ORIGIN (RAM) + LENGTH (RAM))
                0x0000000000000200                _Min_Heap_Size = 0x200
                0x0000000000000400                _Min_Stack_Size = 0x400

.isr_vector     0x0000000008000000      0x194
                0x0000000008000000                . = ALIGN (0x4)
 *(.isr_vector)
 .isr_vector    0x0000000008000000      0x194 ./Core/Startup/startup_stm32f401rctx.o
                0x0000000008000000                g_pfnVectors
                0x0000000008000194                . = ALIGN (0x4)

.text           0x00000000080001a0     0xa2a0
                0x00000000080001a0                . = ALIGN (0x4)
 *(.text)
 .text          0x00000000080001a0       0x40 C:/ST/STM32CubeIDE_1.13.1/STM32CubeIDE/plugins/com.st.stm32cube.ide.mcu.externaltools.gnu-tools-for-stm32.11.3.rel1.win32_1.1.100.202309141235/tools/bin/../lib/gcc/arm-none-eabi/11.3.1/thumb/v7e-m+fp/hard/crtbegin.o
 .text          0x00000000080001e0       0xc0 C:\Users\orhan\STM32CubeIDE\workspace_1.13.1\chip_headers\CMSIS\Lib\GCC\libarm_cortexM4lf_math.a(arm_bitreversal2.o)
                0x00000000080001e0                arm_bitreversal_32
                0x000000000800024a                arm_bitreversal_16
 .text          0x00000000080002a0       0x30 C:/ST/STM32CubeIDE_1.13.1/STM32CubeIDE/plugins/com.st.stm32cube.ide.mcu.externaltools.gnu-tools-for-stm32.11.3.rel1.win32_1.1.100.202309141235/tools/bin/../lib/gcc/arm-none-eabi/11.3.1/thumb/v7e-m+fp/hard\libgcc.a(_aeabi_uldivmod.o)
                0x00000000080002a0                __aeabi_uldivmod
 .text          0x00000000080002d0      0x2c8 C:/ST/STM32CubeIDE_1.13.1/STM32CubeIDE/plugins/com.st.stm32cube.ide.mcu.externaltools.gnu-tools-for-stm32.11.3.rel1.win32_1.1.100.202309141235/tools/bin/../lib/gcc/arm-none-eabi/11.3.1/thumb/v7e-m+fp/hard\libgcc.a(_udivmoddi4.o)
                0x00000000080002d0                __udivmoddi4
 .text          0x0000000008000598        0x4 C:/ST/STM32CubeIDE_1.13.1/STM32CubeIDE/plugins/com.st.stm32cube.ide.mcu.externaltools.gnu-tools-for-stm32.11.3.rel1.win32_1.1.100.202309141235/tools/bin/../lib/gcc/arm-none-eabi/11.3.1/thumb/v7e-m+fp/hard\libgcc.a(_dvmd_tls.o)
                0x0000000008000598                __aeabi_idiv0
                0x0000000008000598                __aeabi_ldiv0
 *(.text*)
 .text.vApplicationGetIdleTaskMemory
                0x000000000800059c       0x34 ./Core/Src/freertos.o
                0x000000000800059c                vApplicationGetIdleTaskMemory
 .text.W5500_Select
                0x00000000080005d0       0x18 ./Core/Src/main.o
                0x00000000080005d0                W5500_Select
 .text.W5500_Deselect
                0x00000000080005e8       0x18 ./Core/Src/main.o
                0x00000000080005e8                W5500_Deselect
 .text.HAL_SPI_TxCpltCallback
                0x0000000008000600       0x20 ./Core/Src/main.o
                0x0000000008000600                HAL_SPI_TxCpltCallback
 .text.HAL_SPI_RxCpltCallback
                0x0000000008000620       0x20 ./Core/Src/main.o
                0x0000000008000620                HAL_SPI_RxCpltCallback
 .text.W5500_ReadBuff_OS
                0x0000000008000640       0x38 ./Core/Src/main.o
                0x0000000008000640                W5500_ReadBuff_OS
 .text.W5500_WriteBuff_OS
                0x0000000008000678       0x38 ./Core/Src/main.o
                0x0000000008000678                W5500_WriteBuff_OS
 .text.W5500_ReadByte
                0x00000000080006b0       0x20 ./Core/Src/main.o
                0x00000000080006b0                W5500_ReadByte
 .text.W5500_WriteByte
                0x00000000080006d0       0x24 ./Core/Src/main.o
                0x00000000080006d0                W5500_WriteByte
 .text.clarke_transform
                0x00000000080006f4       0x4c ./Core/Src/main.o
                0x00000000080006f4                clarke_transform
 .text.park_transform
                0x0000000008000740       0x7e ./Core/Src/main.o
                0x0000000008000740                park_transform
 *fill*         0x00000000080007be        0x2 
 .text.main     0x00000000080007c0      0x2cc ./Core/Src/main.o
                0x00000000080007c0                main
 .text.StartTaskRX
                0x0000000008000a8c      0x1d8 ./Core/Src/main.o
                0x0000000008000a8c                StartTaskRX
 .text.StartTaskDSP
                0x0000000008000c64      0x254 ./Core/Src/main.o
                0x0000000008000c64                StartTaskDSP
 .text.StartTaskTX_F411
                0x0000000008000eb8      0x1b4 ./Core/Src/main.o
                0x0000000008000eb8                StartTaskTX_F411
 .text.StartTaskTX_PC
                0x000000000800106c      0x144 ./Core/Src/main.o
                0x000000000800106c                StartTaskTX_PC
 .text.enable_fpu
                0x00000000080011b0       0x24 ./Core/Src/main.o
 .text.SystemClock_Config
                0x00000000080011d4       0xd4 ./Core/Src/main.o
                0x00000000080011d4                SystemClock_Config
 .text.MX_SPI1_Init
                0x00000000080012a8      0x124 ./Core/Src/main.o
 .text.MX_DMA_Init
                0x00000000080013cc       0x50 ./Core/Src/main.o
 .text.MX_GPIO_Init
                0x000000000800141c       0x84 ./Core/Src/main.o
 .text.HAL_TIM_PeriodElapsedCallback
                0x00000000080014a0       0x24 ./Core/Src/main.o
                0x00000000080014a0                HAL_TIM_PeriodElapsedCallback
 .text.Error_Handler
                0x00000000080014c4        0xa ./Core/Src/main.o
                0x00000000080014c4                Error_Handler
 *fill*         0x00000000080014ce        0x2 
 .text.HAL_MspInit
                0x00000000080014d0       0x58 ./Core/Src/stm32f4xx_hal_msp.o
                0x00000000080014d0                HAL_MspInit
 .text.HAL_SPI_MspInit
                0x0000000008001528      0x15c ./Core/Src/stm32f4xx_hal_msp.o
                0x0000000008001528                HAL_SPI_MspInit
 .text.HAL_InitTick
                0x0000000008001684       0xe4 ./Core/Src/stm32f4xx_hal_timebase_tim.o
                0x0000000008001684                HAL_InitTick
 .text.NMI_Handler
                0x0000000008001768        0x6 ./Core/Src/stm32f4xx_it.o
                0x0000000008001768                NMI_Handler
 .text.HardFault_Handler
                0x000000000800176e        0x6 ./Core/Src/stm32f4xx_it.o
                0x000000000800176e                HardFault_Handler
 .text.MemManage_Handler
                0x0000000008001774        0x6 ./Core/Src/stm32f4xx_it.o
                0x0000000008001774                MemManage_Handler
 .text.BusFault_Handler
                0x000000000800177a        0x6 ./Core/Src/stm32f4xx_it.o
                0x000000000800177a                BusFault_Handler
 .text.UsageFault_Handler
                0x0000000008001780        0x6 ./Core/Src/stm32f4xx_it.o
                0x0000000008001780                UsageFault_Handler
 .text.DebugMon_Handler
                0x0000000008001786        0xe ./Core/Src/stm32f4xx_it.o
                0x0000000008001786                DebugMon_Handler
 .text.TIM1_UP_TIM10_IRQHandler
                0x0000000008001794       0x14 ./Core/Src/stm32f4xx_it.o
                0x0000000008001794                TIM1_UP_TIM10_IRQHandler
 .text.DMA2_Stream0_IRQHandler
                0x00000000080017a8       0x14 ./Core/Src/stm32f4xx_it.o
                0x00000000080017a8                DMA2_Stream0_IRQHandler
 .text.DMA2_Stream3_IRQHandler
                0x00000000080017bc       0x14 ./Core/Src/stm32f4xx_it.o
                0x00000000080017bc                DMA2_Stream3_IRQHandler
 .text.SystemInit
                0x00000000080017d0       0x24 ./Core/Src/system_stm32f4xx.o
                0x00000000080017d0                SystemInit
 .text.Reset_Handler
                0x00000000080017f4       0x50 ./Core/Startup/startup_stm32f401rctx.o
                0x00000000080017f4                Reset_Handler
 .text.Default_Handler
                0x0000000008001844        0x2 ./Core/Startup/startup_stm32f401rctx.o
                0x0000000008001844                RTC_Alarm_IRQHandler
                0x0000000008001844                EXTI2_IRQHandler
                0x0000000008001844                SPI4_IRQHandler
                0x0000000008001844                TIM1_CC_IRQHandler
                0x0000000008001844                DMA2_Stream5_IRQHandler
                0x0000000008001844                DMA1_Stream5_IRQHandler
                0x0000000008001844                PVD_IRQHandler
                0x0000000008001844                SDIO_IRQHandler
                0x0000000008001844                TAMP_STAMP_IRQHandler
                0x0000000008001844                EXTI3_IRQHandler
                0x0000000008001844                I2C3_ER_IRQHandler
                0x0000000008001844                EXTI0_IRQHandler
                0x0000000008001844                I2C2_EV_IRQHandler
                0x0000000008001844                DMA1_Stream2_IRQHandler
                0x0000000008001844                FPU_IRQHandler
                0x0000000008001844                DMA2_Stream2_IRQHandler
                0x0000000008001844                SPI1_IRQHandler
                0x0000000008001844                TIM1_BRK_TIM9_IRQHandler
                0x0000000008001844                USART6_IRQHandler
                0x0000000008001844                TIM4_IRQHandler
                0x0000000008001844                I2C1_EV_IRQHandler
                0x0000000008001844                DMA1_Stream6_IRQHandler
                0x0000000008001844                DMA1_Stream1_IRQHandler
                0x0000000008001844                TIM3_IRQHandler
                0x0000000008001844                RCC_IRQHandler
                0x0000000008001844                Default_Handler
                0x0000000008001844                EXTI15_10_IRQHandler
                0x0000000008001844                ADC_IRQHandler
                0x0000000008001844                DMA1_Stream7_IRQHandler
                0x0000000008001844                TIM5_IRQHandler
                0x0000000008001844                DMA2_Stream7_IRQHandler
                0x0000000008001844                I2C3_EV_IRQHandler
                0x0000000008001844                EXTI9_5_IRQHandler
                0x0000000008001844                RTC_WKUP_IRQHandler
                0x0000000008001844                SPI2_IRQHandler
                0x0000000008001844                DMA1_Stream0_IRQHandler
                0x0000000008001844                EXTI4_IRQHandler
                0x0000000008001844                WWDG_IRQHandler
                0x0000000008001844                TIM2_IRQHandler
                0x0000000008001844                OTG_FS_WKUP_IRQHandler
                0x0000000008001844                TIM1_TRG_COM_TIM11_IRQHandler
                0x0000000008001844                EXTI1_IRQHandler
                0x0000000008001844                USART2_IRQHandler
                0x0000000008001844                I2C2_ER_IRQHandler
                0x0000000008001844                DMA2_Stream1_IRQHandler
                0x0000000008001844                FLASH_IRQHandler
                0x0000000008001844                DMA2_Stream4_IRQHandler
                0x0000000008001844                USART1_IRQHandler
                0x0000000008001844                OTG_FS_IRQHandler
                0x0000000008001844                SPI3_IRQHandler
                0x0000000008001844                DMA1_Stream4_IRQHandler
                0x0000000008001844                I2C1_ER_IRQHandler
                0x0000000008001844                DMA2_Stream6_IRQHandler
                0x0000000008001844                DMA1_Stream3_IRQHandler
 *fill*         0x0000000008001846        0x2 
 .text.WIZCHIP_READ
                0x0000000008001848       0x98 ./Drivers/Ethernet_w5500/W5500/w5500.o
                0x0000000008001848                WIZCHIP_READ
 .text.WIZCHIP_WRITE
                0x00000000080018e0       0x9c ./Drivers/Ethernet_w5500/W5500/w5500.o
                0x00000000080018e0                WIZCHIP_WRITE
 .text.WIZCHIP_READ_BUF
                0x000000000800197c       0xc0 ./Drivers/Ethernet_w5500/W5500/w5500.o
                0x000000000800197c                WIZCHIP_READ_BUF
 .text.WIZCHIP_WRITE_BUF
                0x0000000008001a3c       0xc0 ./Drivers/Ethernet_w5500/W5500/w5500.o
                0x0000000008001a3c                WIZCHIP_WRITE_BUF
 .text.getSn_TX_FSR
                0x0000000008001afc       0x96 ./Drivers/Ethernet_w5500/W5500/w5500.o
                0x0000000008001afc                getSn_TX_FSR
 .text.getSn_RX_RSR
                0x0000000008001b92       0x96 ./Drivers/Ethernet_w5500/W5500/w5500.o
                0x0000000008001b92                getSn_RX_RSR
 .text.wiz_send_data
                0x0000000008001c28       0xb8 ./Drivers/Ethernet_w5500/W5500/w5500.o
                0x0000000008001c28                wiz_send_data
 .text.wiz_recv_data
                0x0000000008001ce0       0xb8 ./Drivers/Ethernet_w5500/W5500/w5500.o
                0x0000000008001ce0                wiz_recv_data
 .text.socket   0x0000000008001d98      0x268 ./Drivers/Ethernet_w5500/socket.o
                0x0000000008001d98                socket
 .text.close    0x0000000008002000       0xdc ./Drivers/Ethernet_w5500/socket.o
                0x0000000008002000                close
 .text.listen   0x00000000080020dc       0xb2 ./Drivers/Ethernet_w5500/socket.o
                0x00000000080020dc                listen
 .text.connect_W5x00
                0x000000000800218e       0x26 ./Drivers/Ethernet_w5500/socket.o
                0x000000000800218e                connect_W5x00
 .text.connect_IO_6
                0x00000000080021b4      0x1e4 ./Drivers/Ethernet_w5500/socket.o
 .text.disconnect
                0x0000000008002398      0x104 ./Drivers/Ethernet_w5500/socket.o
                0x0000000008002398                disconnect
 .text.send     0x000000000800249c      0x2a8 ./Drivers/Ethernet_w5500/socket.o
                0x000000000800249c                send
 .text.recv     0x0000000008002744      0x164 ./Drivers/Ethernet_w5500/socket.o
                0x0000000008002744                recv
 .text.wizchip_cris_enter
                0x00000000080028a8        0xe ./Drivers/Ethernet_w5500/wizchip_conf.o
                0x00000000080028a8                wizchip_cris_enter
 .text.wizchip_cris_exit
                0x00000000080028b6        0xe ./Drivers/Ethernet_w5500/wizchip_conf.o
                0x00000000080028b6                wizchip_cris_exit
 .text.wizchip_cs_select
                0x00000000080028c4        0xe ./Drivers/Ethernet_w5500/wizchip_conf.o
                0x00000000080028c4                wizchip_cs_select
 .text.wizchip_cs_deselect
                0x00000000080028d2        0xe ./Drivers/Ethernet_w5500/wizchip_conf.o
                0x00000000080028d2                wizchip_cs_deselect
 .text.wizchip_bus_readdata
                0x00000000080028e0       0x1a ./Drivers/Ethernet_w5500/wizchip_conf.o
                0x00000000080028e0                wizchip_bus_readdata
 .text.wizchip_bus_writedata
                0x00000000080028fa       0x1e ./Drivers/Ethernet_w5500/wizchip_conf.o
                0x00000000080028fa                wizchip_bus_writedata
 .text.wizchip_spi_readbyte
                0x0000000008002918       0x10 ./Drivers/Ethernet_w5500/wizchip_conf.o
                0x0000000008002918                wizchip_spi_readbyte
 .text.wizchip_spi_writebyte
                0x0000000008002928       0x16 ./Drivers/Ethernet_w5500/wizchip_conf.o
                0x0000000008002928                wizchip_spi_writebyte
 *fill*         0x000000000800293e        0x2 
 .text.wizchip_spi_readburst
                0x0000000008002940       0x40 ./Drivers/Ethernet_w5500/wizchip_conf.o
                0x0000000008002940                wizchip_spi_readburst
 .text.wizchip_spi_writeburst
                0x0000000008002980       0x40 ./Drivers/Ethernet_w5500/wizchip_conf.o
                0x0000000008002980                wizchip_spi_writeburst
 .text.reg_wizchip_cs_cbfunc
                0x00000000080029c0       0x4c ./Drivers/Ethernet_w5500/wizchip_conf.o
                0x00000000080029c0                reg_wizchip_cs_cbfunc
 .text.reg_wizchip_spi_cbfunc
                0x0000000008002a0c       0x58 ./Drivers/Ethernet_w5500/wizchip_conf.o
                0x0000000008002a0c                reg_wizchip_spi_cbfunc
 .text.reg_wizchip_spiburst_cbfunc
                0x0000000008002a64       0x58 ./Drivers/Ethernet_w5500/wizchip_conf.o
                0x0000000008002a64                reg_wizchip_spiburst_cbfunc
 .text.ctlwizchip
                0x0000000008002abc      0x1e4 ./Drivers/Ethernet_w5500/wizchip_conf.o
                0x0000000008002abc                ctlwizchip
 .text.ctlnetwork
                0x0000000008002ca0       0x7c ./Drivers/Ethernet_w5500/wizchip_conf.o
                0x0000000008002ca0                ctlnetwork
 .text.wizchip_sw_reset
                0x0000000008002d1c       0x98 ./Drivers/Ethernet_w5500/wizchip_conf.o
                0x0000000008002d1c                wizchip_sw_reset
 .text.wizchip_init
                0x0000000008002db4      0x118 ./Drivers/Ethernet_w5500/wizchip_conf.o
                0x0000000008002db4                wizchip_init
 .text.wizchip_clrinterrupt
                0x0000000008002ecc       0x68 ./Drivers/Ethernet_w5500/wizchip_conf.o
                0x0000000008002ecc                wizchip_clrinterrupt
 .text.wizchip_getinterrupt
                0x0000000008002f34       0x48 ./Drivers/Ethernet_w5500/wizchip_conf.o
                0x0000000008002f34                wizchip_getinterrupt
 .text.wizchip_setinterruptmask
                0x0000000008002f7c       0x36 ./Drivers/Ethernet_w5500/wizchip_conf.o
                0x0000000008002f7c                wizchip_setinterruptmask
 .text.wizchip_getinterruptmask
                0x0000000008002fb2       0x44 ./Drivers/Ethernet_w5500/wizchip_conf.o
                0x0000000008002fb2                wizchip_getinterruptmask
 .text.wizphy_getphylink
                0x0000000008002ff6       0x2c ./Drivers/Ethernet_w5500/wizchip_conf.o
                0x0000000008002ff6                wizphy_getphylink
 .text.wizphy_getphypmode
                0x0000000008003022       0x32 ./Drivers/Ethernet_w5500/wizchip_conf.o
                0x0000000008003022                wizphy_getphypmode
 .text.wizphy_reset
                0x0000000008003054       0x4e ./Drivers/Ethernet_w5500/wizchip_conf.o
                0x0000000008003054                wizphy_reset
 .text.wizphy_setphyconf
                0x00000000080030a2       0x84 ./Drivers/Ethernet_w5500/wizchip_conf.o
                0x00000000080030a2                wizphy_setphyconf
 *fill*         0x0000000008003126        0x2 
 .text.wizphy_getphyconf
                0x0000000008003128       0xd4 ./Drivers/Ethernet_w5500/wizchip_conf.o
                0x0000000008003128                wizphy_getphyconf
 .text.wizphy_getphystat
                0x00000000080031fc       0x3c ./Drivers/Ethernet_w5500/wizchip_conf.o
                0x00000000080031fc                wizphy_getphystat
 .text.wizphy_setphypmode
                0x0000000008003238       0x94 ./Drivers/Ethernet_w5500/wizchip_conf.o
                0x0000000008003238                wizphy_setphypmode
 .text.wizchip_setnetinfo
                0x00000000080032cc       0x80 ./Drivers/Ethernet_w5500/wizchip_conf.o
                0x00000000080032cc                wizchip_setnetinfo
 .text.wizchip_getnetinfo
                0x000000000800334c       0x80 ./Drivers/Ethernet_w5500/wizchip_conf.o
                0x000000000800334c                wizchip_getnetinfo
 .text.wizchip_setnetmode
                0x00000000080033cc       0x44 ./Drivers/Ethernet_w5500/wizchip_conf.o
                0x00000000080033cc                wizchip_setnetmode
 .text.wizchip_getnetmode
                0x0000000008003410       0x10 ./Drivers/Ethernet_w5500/wizchip_conf.o
                0x0000000008003410                wizchip_getnetmode
 .text.wizchip_settimeout
                0x0000000008003420       0x42 ./Drivers/Ethernet_w5500/wizchip_conf.o
                0x0000000008003420                wizchip_settimeout
 .text.wizchip_gettimeout
                0x0000000008003462       0x44 ./Drivers/Ethernet_w5500/wizchip_conf.o
                0x0000000008003462                wizchip_gettimeout
 *fill*         0x00000000080034a6        0x2 
 .text.HAL_Init
                0x00000000080034a8       0x44 ./Drivers/STM32F4xx_HAL_Driver/Src/stm32f4xx_hal.o
                0x00000000080034a8                HAL_Init
 .text.HAL_IncTick
                0x00000000080034ec       0x28 ./Drivers/STM32F4xx_HAL_Driver/Src/stm32f4xx_hal.o
                0x00000000080034ec                HAL_IncTick
 .text.HAL_GetTick
                0x0000000008003514       0x18 ./Drivers/STM32F4xx_HAL_Driver/Src/stm32f4xx_hal.o
                0x0000000008003514                HAL_GetTick
 .text.HAL_Delay
                0x000000000800352c       0x48 ./Drivers/STM32F4xx_HAL_Driver/Src/stm32f4xx_hal.o
                0x000000000800352c                HAL_Delay
 .text.__NVIC_SetPriorityGrouping
                0x0000000008003574       0x48 ./Drivers/STM32F4xx_HAL_Driver/Src/stm32f4xx_hal_cortex.o
 .text.__NVIC_GetPriorityGrouping
                0x00000000080035bc       0x1c ./Drivers/STM32F4xx_HAL_Driver/Src/stm32f4xx_hal_cortex.o
 .text.__NVIC_EnableIRQ
                0x00000000080035d8       0x3c ./Drivers/STM32F4xx_HAL_Driver/Src/stm32f4xx_hal_cortex.o
 .text.__NVIC_SetPriority
                0x0000000008003614       0x54 ./Drivers/STM32F4xx_HAL_Driver/Src/stm32f4xx_hal_cortex.o
 .text.NVIC_EncodePriority
                0x0000000008003668       0x66 ./Drivers/STM32F4xx_HAL_Driver/Src/stm32f4xx_hal_cortex.o
 .text.HAL_NVIC_SetPriorityGrouping
                0x00000000080036ce       0x16 ./Drivers/STM32F4xx_HAL_Driver/Src/stm32f4xx_hal_cortex.o
                0x00000000080036ce                HAL_NVIC_SetPriorityGrouping
 .text.HAL_NVIC_SetPriority
                0x00000000080036e4       0x38 ./Drivers/STM32F4xx_HAL_Driver/Src/stm32f4xx_hal_cortex.o
                0x00000000080036e4                HAL_NVIC_SetPriority
 .text.HAL_NVIC_EnableIRQ
                0x000000000800371c       0x1c ./Drivers/STM32F4xx_HAL_Driver/Src/stm32f4xx_hal_cortex.o
                0x000000000800371c                HAL_NVIC_EnableIRQ
 .text.HAL_DMA_Init
                0x0000000008003738      0x15c ./Drivers/STM32F4xx_HAL_Driver/Src/stm32f4xx_hal_dma.o
                0x0000000008003738                HAL_DMA_Init
 .text.HAL_DMA_Start_IT
                0x0000000008003894       0xb0 ./Drivers/STM32F4xx_HAL_Driver/Src/stm32f4xx_hal_dma.o
                0x0000000008003894                HAL_DMA_Start_IT
 .text.HAL_DMA_IRQHandler
                0x0000000008003944      0x314 ./Drivers/STM32F4xx_HAL_Driver/Src/stm32f4xx_hal_dma.o
                0x0000000008003944                HAL_DMA_IRQHandler
 .text.DMA_SetConfig
                0x0000000008003c58       0x5c ./Drivers/STM32F4xx_HAL_Driver/Src/stm32f4xx_hal_dma.o
 .text.DMA_CalcBaseAndBitshift
                0x0000000008003cb4       0x6c ./Drivers/STM32F4xx_HAL_Driver/Src/stm32f4xx_hal_dma.o
 .text.DMA_CheckFifoParam
                0x0000000008003d20       0xf8 ./Drivers/STM32F4xx_HAL_Driver/Src/stm32f4xx_hal_dma.o
 .text.HAL_GPIO_Init
                0x0000000008003e18      0x308 ./Drivers/STM32F4xx_HAL_Driver/Src/stm32f4xx_hal_gpio.o
                0x0000000008003e18                HAL_GPIO_Init
 .text.HAL_GPIO_WritePin
                0x0000000008004120       0x32 ./Drivers/STM32F4xx_HAL_Driver/Src/stm32f4xx_hal_gpio.o
                0x0000000008004120                HAL_GPIO_WritePin
 *fill*         0x0000000008004152        0x2 
 .text.HAL_RCC_OscConfig
                0x0000000008004154      0x4f0 ./Drivers/STM32F4xx_HAL_Driver/Src/stm32f4xx_hal_rcc.o
                0x0000000008004154                HAL_RCC_OscConfig
 .text.HAL_RCC_ClockConfig
                0x0000000008004644      0x1cc ./Drivers/STM32F4xx_HAL_Driver/Src/stm32f4xx_hal_rcc.o
                0x0000000008004644                HAL_RCC_ClockConfig
 .text.HAL_RCC_GetSysClockFreq
                0x0000000008004810      0x18c ./Drivers/STM32F4xx_HAL_Driver/Src/stm32f4xx_hal_rcc.o
                0x0000000008004810                HAL_RCC_GetSysClockFreq
 .text.HAL_RCC_GetHCLKFreq
                0x000000000800499c       0x18 ./Drivers/STM32F4xx_HAL_Driver/Src/stm32f4xx_hal_rcc.o
                0x000000000800499c                HAL_RCC_GetHCLKFreq
 .text.HAL_RCC_GetPCLK2Freq
                0x00000000080049b4       0x28 ./Drivers/STM32F4xx_HAL_Driver/Src/stm32f4xx_hal_rcc.o
                0x00000000080049b4                HAL_RCC_GetPCLK2Freq
 .text.HAL_RCC_GetClockConfig
                0x00000000080049dc       0x64 ./Drivers/STM32F4xx_HAL_Driver/Src/stm32f4xx_hal_rcc.o
                0x00000000080049dc                HAL_RCC_GetClockConfig
 .text.HAL_SPI_Init
                0x0000000008004a40      0x112 ./Drivers/STM32F4xx_HAL_Driver/Src/stm32f4xx_hal_spi.o
                0x0000000008004a40                HAL_SPI_Init
 .text.HAL_SPI_Transmit
                0x0000000008004b52      0x288 ./Drivers/STM32F4xx_HAL_Driver/Src/stm32f4xx_hal_spi.o
                0x0000000008004b52                HAL_SPI_Transmit
 .text.HAL_SPI_Receive
                0x0000000008004dda      0x232 ./Drivers/STM32F4xx_HAL_Driver/Src/stm32f4xx_hal_spi.o
                0x0000000008004dda                HAL_SPI_Receive
 .text.HAL_SPI_TransmitReceive
                0x000000000800500c      0x352 ./Drivers/STM32F4xx_HAL_Driver/Src/stm32f4xx_hal_spi.o
                0x000000000800500c                HAL_SPI_TransmitReceive
 *fill*         0x000000000800535e        0x2 
 .text.HAL_SPI_Transmit_DMA
                0x0000000008005360      0x164 ./Drivers/STM32F4xx_HAL_Driver/Src/stm32f4xx_hal_spi.o
                0x0000000008005360                HAL_SPI_Transmit_DMA
 .text.HAL_SPI_Receive_DMA
                0x00000000080054c4      0x188 ./Drivers/STM32F4xx_HAL_Driver/Src/stm32f4xx_hal_spi.o
                0x00000000080054c4                HAL_SPI_Receive_DMA
 .text.HAL_SPI_TransmitReceive_DMA
                0x000000000800564c      0x1f8 ./Drivers/STM32F4xx_HAL_Driver/Src/stm32f4xx_hal_spi.o
                0x000000000800564c                HAL_SPI_TransmitReceive_DMA
 .text.HAL_SPI_TxRxCpltCallback
                0x0000000008005844       0x14 ./Drivers/STM32F4xx_HAL_Driver/Src/stm32f4xx_hal_spi.o
                0x0000000008005844                HAL_SPI_TxRxCpltCallback
 .text.HAL_SPI_TxHalfCpltCallback
                0x0000000008005858       0x14 ./Drivers/STM32F4xx_HAL_Driver/Src/stm32f4xx_hal_spi.o
                0x0000000008005858                HAL_SPI_TxHalfCpltCallback
 .text.HAL_SPI_RxHalfCpltCallback
                0x000000000800586c       0x14 ./Drivers/STM32F4xx_HAL_Driver/Src/stm32f4xx_hal_spi.o
                0x000000000800586c                HAL_SPI_RxHalfCpltCallback
 .text.HAL_SPI_TxRxHalfCpltCallback
                0x0000000008005880       0x14 ./Drivers/STM32F4xx_HAL_Driver/Src/stm32f4xx_hal_spi.o
                0x0000000008005880                HAL_SPI_TxRxHalfCpltCallback
 .text.HAL_SPI_ErrorCallback
                0x0000000008005894       0x14 ./Drivers/STM32F4xx_HAL_Driver/Src/stm32f4xx_hal_spi.o
                0x0000000008005894                HAL_SPI_ErrorCallback
 .text.SPI_DMATransmitCplt
                0x00000000080058a8       0xa8 ./Drivers/STM32F4xx_HAL_Driver/Src/stm32f4xx_hal_spi.o
 .text.SPI_DMAReceiveCplt
                0x0000000008005950       0xa8 ./Drivers/STM32F4xx_HAL_Driver/Src/stm32f4xx_hal_spi.o
 .text.SPI_DMATransmitReceiveCplt
                0x00000000080059f8       0x90 ./Drivers/STM32F4xx_HAL_Driver/Src/stm32f4xx_hal_spi.o
 .text.SPI_DMAHalfTransmitCplt
                0x0000000008005a88       0x1c ./Drivers/STM32F4xx_HAL_Driver/Src/stm32f4xx_hal_spi.o
 .text.SPI_DMAHalfReceiveCplt
                0x0000000008005aa4       0x1c ./Drivers/STM32F4xx_HAL_Driver/Src/stm32f4xx_hal_spi.o
 .text.SPI_DMAHalfTransmitReceiveCplt
                0x0000000008005ac0       0x1c ./Drivers/STM32F4xx_HAL_Driver/Src/stm32f4xx_hal_spi.o
 .text.SPI_DMAError
                0x0000000008005adc       0x40 ./Drivers/STM32F4xx_HAL_Driver/Src/stm32f4xx_hal_spi.o
 .text.SPI_WaitFlagStateUntilTimeout
                0x0000000008005b1c      0x110 ./Drivers/STM32F4xx_HAL_Driver/Src/stm32f4xx_hal_spi.o
 .text.SPI_EndRxTransaction
                0x0000000008005c2c       0xca ./Drivers/STM32F4xx_HAL_Driver/Src/stm32f4xx_hal_spi.o
 *fill*         0x0000000008005cf6        0x2 
 .text.SPI_EndRxTxTransaction
                0x0000000008005cf8       0xa8 ./Drivers/STM32F4xx_HAL_Driver/Src/stm32f4xx_hal_spi.o
 .text.HAL_TIM_Base_Init
                0x0000000008005da0       0x9e ./Drivers/STM32F4xx_HAL_Driver/Src/stm32f4xx_hal_tim.o
                0x0000000008005da0                HAL_TIM_Base_Init
 .text.HAL_TIM_Base_MspInit
                0x0000000008005e3e       0x14 ./Drivers/STM32F4xx_HAL_Driver/Src/stm32f4xx_hal_tim.o
                0x0000000008005e3e                HAL_TIM_Base_MspInit
 *fill*         0x0000000008005e52        0x2 
 .text.HAL_TIM_Base_Start_IT
                0x0000000008005e54       0xc4 ./Drivers/STM32F4xx_HAL_Driver/Src/stm32f4xx_hal_tim.o
                0x0000000008005e54                HAL_TIM_Base_Start_IT
 .text.HAL_TIM_IRQHandler
                0x0000000008005f18      0x1e0 ./Drivers/STM32F4xx_HAL_Driver/Src/stm32f4xx_hal_tim.o
                0x0000000008005f18                HAL_TIM_IRQHandler
 .text.HAL_TIM_OC_DelayElapsedCallback
                0x00000000080060f8       0x14 ./Drivers/STM32F4xx_HAL_Driver/Src/stm32f4xx_hal_tim.o
                0x00000000080060f8                HAL_TIM_OC_DelayElapsedCallback
 .text.HAL_TIM_IC_CaptureCallback
                0x000000000800610c       0x14 ./Drivers/STM32F4xx_HAL_Driver/Src/stm32f4xx_hal_tim.o
                0x000000000800610c                HAL_TIM_IC_CaptureCallback
 .text.HAL_TIM_PWM_PulseFinishedCallback
                0x0000000008006120       0x14 ./Drivers/STM32F4xx_HAL_Driver/Src/stm32f4xx_hal_tim.o
                0x0000000008006120                HAL_TIM_PWM_PulseFinishedCallback
 .text.HAL_TIM_TriggerCallback
                0x0000000008006134       0x14 ./Drivers/STM32F4xx_HAL_Driver/Src/stm32f4xx_hal_tim.o
                0x0000000008006134                HAL_TIM_TriggerCallback
 .text.TIM_Base_SetConfig
                0x0000000008006148      0x10c ./Drivers/STM32F4xx_HAL_Driver/Src/stm32f4xx_hal_tim.o
                0x0000000008006148                TIM_Base_SetConfig
 .text.HAL_TIMEx_CommutCallback
                0x0000000008006254       0x14 ./Drivers/STM32F4xx_HAL_Driver/Src/stm32f4xx_hal_tim_ex.o
                0x0000000008006254                HAL_TIMEx_CommutCallback
 .text.HAL_TIMEx_BreakCallback
                0x0000000008006268       0x14 ./Drivers/STM32F4xx_HAL_Driver/Src/stm32f4xx_hal_tim_ex.o
                0x0000000008006268                HAL_TIMEx_BreakCallback
 .text.makeFreeRtosPriority
                0x000000000800627c       0x30 ./Middlewares/Third_Party/FreeRTOS/Source/CMSIS_RTOS/cmsis_os.o
 .text.inHandlerMode
                0x00000000080062ac       0x24 ./Middlewares/Third_Party/FreeRTOS/Source/CMSIS_RTOS/cmsis_os.o
 .text.osKernelStart
                0x00000000080062d0        0xe ./Middlewares/Third_Party/FreeRTOS/Source/CMSIS_RTOS/cmsis_os.o
                0x00000000080062d0                osKernelStart
 .text.osThreadCreate
                0x00000000080062de       0x98 ./Middlewares/Third_Party/FreeRTOS/Source/CMSIS_RTOS/cmsis_os.o
                0x00000000080062de                osThreadCreate
 *fill*         0x0000000008006376        0x2 
 .text.osThreadYield
                0x0000000008006378       0x24 ./Middlewares/Third_Party/FreeRTOS/Source/CMSIS_RTOS/cmsis_os.o
                0x0000000008006378                osThreadYield
 .text.osDelay  0x000000000800639c       0x28 ./Middlewares/Third_Party/FreeRTOS/Source/CMSIS_RTOS/cmsis_os.o
                0x000000000800639c                osDelay
 .text.osSemaphoreCreate
                0x00000000080063c4       0x64 ./Middlewares/Third_Party/FreeRTOS/Source/CMSIS_RTOS/cmsis_os.o
                0x00000000080063c4                osSemaphoreCreate
 .text.osSemaphoreWait
                0x0000000008006428       0x9c ./Middlewares/Third_Party/FreeRTOS/Source/CMSIS_RTOS/cmsis_os.o
                0x0000000008006428                osSemaphoreWait
 .text.osSemaphoreRelease
                0x00000000080064c4       0x6c ./Middlewares/Third_Party/FreeRTOS/Source/CMSIS_RTOS/cmsis_os.o
                0x00000000080064c4                osSemaphoreRelease
 .text.osMessageCreate
                0x0000000008006530       0x50 ./Middlewares/Third_Party/FreeRTOS/Source/CMSIS_RTOS/cmsis_os.o
                0x0000000008006530                osMessageCreate
 .text.osMessagePut
                0x0000000008006580       0x80 ./Middlewares/Third_Party/FreeRTOS/Source/CMSIS_RTOS/cmsis_os.o
                0x0000000008006580                osMessagePut
 .text.osMessageGet
                0x0000000008006600       0xe8 ./Middlewares/Third_Party/FreeRTOS/Source/CMSIS_RTOS/cmsis_os.o
                0x0000000008006600                osMessageGet
 .text.vListInitialise
                0x00000000080066e8       0x40 ./Middlewares/Third_Party/FreeRTOS/Source/list.o
                0x00000000080066e8                vListInitialise
 .text.vListInitialiseItem
                0x0000000008006728       0x1a ./Middlewares/Third_Party/FreeRTOS/Source/list.o
                0x0000000008006728                vListInitialiseItem
 .text.vListInsertEnd
                0x0000000008006742       0x48 ./Middlewares/Third_Party/FreeRTOS/Source/list.o
                0x0000000008006742                vListInsertEnd
 .text.vListInsert
                0x000000000800678a       0x72 ./Middlewares/Third_Party/FreeRTOS/Source/list.o
                0x000000000800678a                vListInsert
 .text.uxListRemove
                0x00000000080067fc       0x54 ./Middlewares/Third_Party/FreeRTOS/Source/list.o
                0x00000000080067fc                uxListRemove
 .text.xQueueGenericReset
                0x0000000008006850       0xd0 ./Middlewares/Third_Party/FreeRTOS/Source/queue.o
                0x0000000008006850                xQueueGenericReset
 .text.xQueueGenericCreateStatic
                0x0000000008006920       0xf0 ./Middlewares/Third_Party/FreeRTOS/Source/queue.o
                0x0000000008006920                xQueueGenericCreateStatic
 .text.xQueueGenericCreate
                0x0000000008006a10       0x74 ./Middlewares/Third_Party/FreeRTOS/Source/queue.o
                0x0000000008006a10                xQueueGenericCreate
 .text.prvInitialiseNewQueue
                0x0000000008006a84       0x3e ./Middlewares/Third_Party/FreeRTOS/Source/queue.o
 *fill*         0x0000000008006ac2        0x2 
 .text.xQueueGenericSend
                0x0000000008006ac4      0x1fc ./Middlewares/Third_Party/FreeRTOS/Source/queue.o
                0x0000000008006ac4                xQueueGenericSend
 .text.xQueueGenericSendFromISR
                0x0000000008006cc0      0x136 ./Middlewares/Third_Party/FreeRTOS/Source/queue.o
                0x0000000008006cc0                xQueueGenericSendFromISR
 .text.xQueueGiveFromISR
                0x0000000008006df6      0x11a ./Middlewares/Third_Party/FreeRTOS/Source/queue.o
                0x0000000008006df6                xQueueGiveFromISR
 .text.xQueueReceive
                0x0000000008006f10      0x1c0 ./Middlewares/Third_Party/FreeRTOS/Source/queue.o
                0x0000000008006f10                xQueueReceive
 .text.xQueueSemaphoreTake
                0x00000000080070d0      0x218 ./Middlewares/Third_Party/FreeRTOS/Source/queue.o
                0x00000000080070d0                xQueueSemaphoreTake
 .text.xQueueReceiveFromISR
                0x00000000080072e8      0x100 ./Middlewares/Third_Party/FreeRTOS/Source/queue.o
                0x00000000080072e8                xQueueReceiveFromISR
 .text.prvGetDisinheritPriorityAfterTimeout
                0x00000000080073e8       0x30 ./Middlewares/Third_Party/FreeRTOS/Source/queue.o
 .text.prvCopyDataToQueue
                0x0000000008007418       0xd4 ./Middlewares/Third_Party/FreeRTOS/Source/queue.o
 .text.prvCopyDataFromQueue
                0x00000000080074ec       0x4c ./Middlewares/Third_Party/FreeRTOS/Source/queue.o
 .text.prvUnlockQueue
                0x0000000008007538       0xa4 ./Middlewares/Third_Party/FreeRTOS/Source/queue.o
 .text.prvIsQueueEmpty
                0x00000000080075dc       0x2c ./Middlewares/Third_Party/FreeRTOS/Source/queue.o
 .text.prvIsQueueFull
                0x0000000008007608       0x30 ./Middlewares/Third_Party/FreeRTOS/Source/queue.o
 .text.xTaskCreateStatic
                0x0000000008007638       0xba ./Middlewares/Third_Party/FreeRTOS/Source/tasks.o
                0x0000000008007638                xTaskCreateStatic
 .text.xTaskCreate
                0x00000000080076f2       0x8a ./Middlewares/Third_Party/FreeRTOS/Source/tasks.o
                0x00000000080076f2                xTaskCreate
 .text.prvInitialiseNewTask
                0x000000000800777c      0x13c ./Middlewares/Third_Party/FreeRTOS/Source/tasks.o
 .text.prvAddNewTaskToReadyList
                0x00000000080078b8       0xd4 ./Middlewares/Third_Party/FreeRTOS/Source/tasks.o
 .text.vTaskDelay
                0x000000000800798c       0x68 ./Middlewares/Third_Party/FreeRTOS/Source/tasks.o
                0x000000000800798c                vTaskDelay
 .text.vTaskStartScheduler
                0x00000000080079f4       0xd4 ./Middlewares/Third_Party/FreeRTOS/Source/tasks.o
                0x00000000080079f4                vTaskStartScheduler
 .text.vTaskSuspendAll
                0x0000000008007ac8       0x1c ./Middlewares/Third_Party/FreeRTOS/Source/tasks.o
                0x0000000008007ac8                vTaskSuspendAll
 .text.xTaskResumeAll
                0x0000000008007ae4      0x138 ./Middlewares/Third_Party/FreeRTOS/Source/tasks.o
                0x0000000008007ae4                xTaskResumeAll
 .text.xTaskIncrementTick
                0x0000000008007c1c      0x170 ./Middlewares/Third_Party/FreeRTOS/Source/tasks.o
                0x0000000008007c1c                xTaskIncrementTick
 .text.vTaskSwitchContext
                0x0000000008007d8c       0xc4 ./Middlewares/Third_Party/FreeRTOS/Source/tasks.o
                0x0000000008007d8c                vTaskSwitchContext
 .text.vTaskPlaceOnEventList
                0x0000000008007e50       0x48 ./Middlewares/Third_Party/FreeRTOS/Source/tasks.o
                0x0000000008007e50                vTaskPlaceOnEventList
 .text.xTaskRemoveFromEventList
                0x0000000008007e98       0xc4 ./Middlewares/Third_Party/FreeRTOS/Source/tasks.o
                0x0000000008007e98                xTaskRemoveFromEventList
 .text.vTaskInternalSetTimeOutState
                0x0000000008007f5c       0x2c ./Middlewares/Third_Party/FreeRTOS/Source/tasks.o
                0x0000000008007f5c                vTaskInternalSetTimeOutState
 .text.xTaskCheckForTimeOut
                0x0000000008007f88       0xc4 ./Middlewares/Third_Party/FreeRTOS/Source/tasks.o
                0x0000000008007f88                xTaskCheckForTimeOut
 .text.vTaskMissedYield
                0x000000000800804c       0x18 ./Middlewares/Third_Party/FreeRTOS/Source/tasks.o
                0x000000000800804c                vTaskMissedYield
 .text.prvIdleTask
                0x0000000008008064       0x30 ./Middlewares/Third_Party/FreeRTOS/Source/tasks.o
 .text.prvInitialiseTaskLists
                0x0000000008008094       0x80 ./Middlewares/Third_Party/FreeRTOS/Source/tasks.o
 .text.prvCheckTasksWaitingTermination
                0x0000000008008114       0x5c ./Middlewares/Third_Party/FreeRTOS/Source/tasks.o
 .text.prvDeleteTCB
                0x0000000008008170       0x68 ./Middlewares/Third_Party/FreeRTOS/Source/tasks.o
 .text.prvResetNextTaskUnblockTime
                0x00000000080081d8       0x40 ./Middlewares/Third_Party/FreeRTOS/Source/tasks.o
 .text.xTaskGetSchedulerState
                0x0000000008008218       0x3c ./Middlewares/Third_Party/FreeRTOS/Source/tasks.o
                0x0000000008008218                xTaskGetSchedulerState
 .text.xTaskPriorityInherit
                0x0000000008008254       0xec ./Middlewares/Third_Party/FreeRTOS/Source/tasks.o
                0x0000000008008254                xTaskPriorityInherit
 .text.xTaskPriorityDisinherit
                0x0000000008008340      0x10c ./Middlewares/Third_Party/FreeRTOS/Source/tasks.o
                0x0000000008008340                xTaskPriorityDisinherit
 .text.vTaskPriorityDisinheritAfterTimeout
                0x000000000800844c      0x11c ./Middlewares/Third_Party/FreeRTOS/Source/tasks.o
                0x000000000800844c                vTaskPriorityDisinheritAfterTimeout
 .text.pvTaskIncrementMutexHeldCount
                0x0000000008008568       0x28 ./Middlewares/Third_Party/FreeRTOS/Source/tasks.o
                0x0000000008008568                pvTaskIncrementMutexHeldCount
 .text.prvAddCurrentTaskToDelayedList
                0x0000000008008590       0xcc ./Middlewares/Third_Party/FreeRTOS/Source/tasks.o
 .text.pxPortInitialiseStack
                0x000000000800865c       0x68 ./Middlewares/Third_Party/FreeRTOS/Source/portable/GCC/ARM_CM4F/port.o
                0x000000000800865c                pxPortInitialiseStack
 .text.prvTaskExitError
                0x00000000080086c4       0x58 ./Middlewares/Third_Party/FreeRTOS/Source/portable/GCC/ARM_CM4F/port.o
 *fill*         0x000000000800871c        0x4 
 .text.SVC_Handler
                0x0000000008008720       0x28 ./Middlewares/Third_Party/FreeRTOS/Source/portable/GCC/ARM_CM4F/port.o
                0x0000000008008720                SVC_Handler
 .text.prvPortStartFirstTask
                0x0000000008008748       0x28 ./Middlewares/Third_Party/FreeRTOS/Source/portable/GCC/ARM_CM4F/port.o
 .text.xPortStartScheduler
                0x0000000008008770      0x144 ./Middlewares/Third_Party/FreeRTOS/Source/portable/GCC/ARM_CM4F/port.o
                0x0000000008008770                xPortStartScheduler
 .text.vPortEnterCritical
                0x00000000080088b4       0x60 ./Middlewares/Third_Party/FreeRTOS/Source/portable/GCC/ARM_CM4F/port.o
                0x00000000080088b4                vPortEnterCritical
 .text.vPortExitCritical
                0x0000000008008914       0x54 ./Middlewares/Third_Party/FreeRTOS/Source/portable/GCC/ARM_CM4F/port.o
                0x0000000008008914                vPortExitCritical
 *fill*         0x0000000008008968        0x8 
 .text.PendSV_Handler
                0x0000000008008970       0x68 ./Middlewares/Third_Party/FreeRTOS/Source/portable/GCC/ARM_CM4F/port.o
                0x0000000008008970                PendSV_Handler
 .text.SysTick_Handler
                0x00000000080089d8       0x44 ./Middlewares/Third_Party/FreeRTOS/Source/portable/GCC/ARM_CM4F/port.o
                0x00000000080089d8                SysTick_Handler
 .text.vPortSetupTimerInterrupt
                0x0000000008008a1c       0x48 ./Middlewares/Third_Party/FreeRTOS/Source/portable/GCC/ARM_CM4F/port.o
                0x0000000008008a1c                vPortSetupTimerInterrupt
 .text.vPortEnableVFP
                0x0000000008008a64       0x14 ./Middlewares/Third_Party/FreeRTOS/Source/portable/GCC/ARM_CM4F/port.o
 .text.vPortValidateInterruptPriority
                0x0000000008008a78       0x80 ./Middlewares/Third_Party/FreeRTOS/Source/portable/GCC/ARM_CM4F/port.o
                0x0000000008008a78                vPortValidateInterruptPriority
 .text.pvPortMalloc
                0x0000000008008af8      0x198 ./Middlewares/Third_Party/FreeRTOS/Source/portable/MemMang/heap_4.o
                0x0000000008008af8                pvPortMalloc
 .text.vPortFree
                0x0000000008008c90       0xc4 ./Middlewares/Third_Party/FreeRTOS/Source/portable/MemMang/heap_4.o
                0x0000000008008c90                vPortFree
 .text.prvHeapInit
                0x0000000008008d54       0xc4 ./Middlewares/Third_Party/FreeRTOS/Source/portable/MemMang/heap_4.o
 .text.prvInsertBlockIntoFreeList
                0x0000000008008e18       0xb4 ./Middlewares/Third_Party/FreeRTOS/Source/portable/MemMang/heap_4.o
 .text.arm_rfft_fast_init_f32
                0x0000000008008ecc      0x104 C:\Users\orhan\STM32CubeIDE\workspace_1.13.1\chip_headers\CMSIS\Lib\GCC\libarm_cortexM4lf_math.a(arm_rfft_fast_init_f32.o)
                0x0000000008008ecc                arm_rfft_fast_init_f32
 .text.arm_rfft_fast_f32
                0x0000000008008fd0      0x188 C:\Users\orhan\STM32CubeIDE\workspace_1.13.1\chip_headers\CMSIS\Lib\GCC\libarm_cortexM4lf_math.a(arm_rfft_fast_f32.o)
                0x0000000008008fd0                arm_rfft_fast_f32
 .text.arm_cfft_radix8by2_f32
                0x0000000008009158      0x1a0 C:\Users\orhan\STM32CubeIDE\workspace_1.13.1\chip_headers\CMSIS\Lib\GCC\libarm_cortexM4lf_math.a(arm_cfft_f32.o)
                0x0000000008009158                arm_cfft_radix8by2_f32
 .text.arm_cfft_radix8by4_f32
                0x00000000080092f8      0x4bc C:\Users\orhan\STM32CubeIDE\workspace_1.13.1\chip_headers\CMSIS\Lib\GCC\libarm_cortexM4lf_math.a(arm_cfft_f32.o)
                0x00000000080092f8                arm_cfft_radix8by4_f32
 .text.arm_cfft_f32
                0x00000000080097b4       0xf4 C:\Users\orhan\STM32CubeIDE\workspace_1.13.1\chip_headers\CMSIS\Lib\GCC\libarm_cortexM4lf_math.a(arm_cfft_f32.o)
                0x00000000080097b4                arm_cfft_f32
 .text.arm_cmplx_mag_f32
                0x00000000080098a8      0x1d0 C:\Users\orhan\STM32CubeIDE\workspace_1.13.1\chip_headers\CMSIS\Lib\GCC\libarm_cortexM4lf_math.a(arm_cmplx_mag_f32.o)
                0x00000000080098a8                arm_cmplx_mag_f32
 .text.arm_sin_f32
                0x0000000008009a78       0x9c C:\Users\orhan\STM32CubeIDE\workspace_1.13.1\chip_headers\CMSIS\Lib\GCC\libarm_cortexM4lf_math.a(arm_sin_f32.o)
                0x0000000008009a78                arm_sin_f32
 .text.arm_cos_f32
                0x0000000008009b14       0x80 C:\Users\orhan\STM32CubeIDE\workspace_1.13.1\chip_headers\CMSIS\Lib\GCC\libarm_cortexM4lf_math.a(arm_cos_f32.o)
                0x0000000008009b14                arm_cos_f32
 .text.arm_mult_f32
                0x0000000008009b94       0x8c C:\Users\orhan\STM32CubeIDE\workspace_1.13.1\chip_headers\CMSIS\Lib\GCC\libarm_cortexM4lf_math.a(arm_mult_f32.o)
                0x0000000008009b94                arm_mult_f32
 .text.arm_radix8_butterfly_f32
                0x0000000008009c20      0x5e4 C:\Users\orhan\STM32CubeIDE\workspace_1.13.1\chip_headers\CMSIS\Lib\GCC\libarm_cortexM4lf_math.a(arm_cfft_radix8_f32.o)
                0x0000000008009c20                arm_radix8_butterfly_f32
 .text.memset   0x000000000800a204       0x10 C:/ST/STM32CubeIDE_1.13.1/STM32CubeIDE/plugins/com.st.stm32cube.ide.mcu.externaltools.gnu-tools-for-stm32.11.3.rel1.win32_1.1.100.202309141235/tools/bin/../lib/gcc/arm-none-eabi/11.3.1/../../../../arm-none-eabi/lib/thumb/v7e-m+fp/hard\libc_nano.a(libc_a-memset.o)
                0x000000000800a204                memset
 .text._reclaim_reent
                0x000000000800a214       0xac C:/ST/STM32CubeIDE_1.13.1/STM32CubeIDE/plugins/com.st.stm32cube.ide.mcu.externaltools.gnu-tools-for-stm32.11.3.rel1.win32_1.1.100.202309141235/tools/bin/../lib/gcc/arm-none-eabi/11.3.1/../../../../arm-none-eabi/lib/thumb/v7e-m+fp/hard\libc_nano.a(libc_a-reent.o)
                0x000000000800a214                _reclaim_reent
 .text.__errno  0x000000000800a2c0        0xc C:/ST/STM32CubeIDE_1.13.1/STM32CubeIDE/plugins/com.st.stm32cube.ide.mcu.externaltools.gnu-tools-for-stm32.11.3.rel1.win32_1.1.100.202309141235/tools/bin/../lib/gcc/arm-none-eabi/11.3.1/../../../../arm-none-eabi/lib/thumb/v7e-m+fp/hard\libc_nano.a(libc_a-errno.o)
                0x000000000800a2c0                __errno
 .text.__libc_init_array
                0x000000000800a2cc       0x48 C:/ST/STM32CubeIDE_1.13.1/STM32CubeIDE/plugins/com.st.stm32cube.ide.mcu.externaltools.gnu-tools-for-stm32.11.3.rel1.win32_1.1.100.202309141235/tools/bin/../lib/gcc/arm-none-eabi/11.3.1/../../../../arm-none-eabi/lib/thumb/v7e-m+fp/hard\libc_nano.a(libc_a-init.o)
                0x000000000800a2cc                __libc_init_array
 .text.__retarget_lock_acquire_recursive
                0x000000000800a314        0x2 C:/ST/STM32CubeIDE_1.13.1/STM32CubeIDE/plugins/com.st.stm32cube.ide.mcu.externaltools.gnu-tools-for-stm32.11.3.rel1.win32_1.1.100.202309141235/tools/bin/../lib/gcc/arm-none-eabi/11.3.1/../../../../arm-none-eabi/lib/thumb/v7e-m+fp/hard\libc_nano.a(libc_a-lock.o)
                0x000000000800a314                __retarget_lock_acquire_recursive
 .text.__retarget_lock_release_recursive
                0x000000000800a316        0x2 C:/ST/STM32CubeIDE_1.13.1/STM32CubeIDE/plugins/com.st.stm32cube.ide.mcu.externaltools.gnu-tools-for-stm32.11.3.rel1.win32_1.1.100.202309141235/tools/bin/../lib/gcc/arm-none-eabi/11.3.1/../../../../arm-none-eabi/lib/thumb/v7e-m+fp/hard\libc_nano.a(libc_a-lock.o)
                0x000000000800a316                __retarget_lock_release_recursive
 .text.memcpy   0x000000000800a318       0x1c C:/ST/STM32CubeIDE_1.13.1/STM32CubeIDE/plugins/com.st.stm32cube.ide.mcu.externaltools.gnu-tools-for-stm32.11.3.rel1.win32_1.1.100.202309141235/tools/bin/../lib/gcc/arm-none-eabi/11.3.1/../../../../arm-none-eabi/lib/thumb/v7e-m+fp/hard\libc_nano.a(libc_a-memcpy-stub.o)
                0x000000000800a318                memcpy
 .text._free_r  0x000000000800a334       0x98 C:/ST/STM32CubeIDE_1.13.1/STM32CubeIDE/plugins/com.st.stm32cube.ide.mcu.externaltools.gnu-tools-for-stm32.11.3.rel1.win32_1.1.100.202309141235/tools/bin/../lib/gcc/arm-none-eabi/11.3.1/../../../../arm-none-eabi/lib/thumb/v7e-m+fp/hard\libc_nano.a(libc_a-freer.o)
                0x000000000800a334                _free_r
 .text.__malloc_lock
                0x000000000800a3cc        0xc C:/ST/STM32CubeIDE_1.13.1/STM32CubeIDE/plugins/com.st.stm32cube.ide.mcu.externaltools.gnu-tools-for-stm32.11.3.rel1.win32_1.1.100.202309141235/tools/bin/../lib/gcc/arm-none-eabi/11.3.1/../../../../arm-none-eabi/lib/thumb/v7e-m+fp/hard\libc_nano.a(libc_a-mlock.o)
                0x000000000800a3cc                __malloc_lock
 .text.__malloc_unlock
                0x000000000800a3d8        0xc C:/ST/STM32CubeIDE_1.13.1/STM32CubeIDE/plugins/com.st.stm32cube.ide.mcu.externaltools.gnu-tools-for-stm32.11.3.rel1.win32_1.1.100.202309141235/tools/bin/../lib/gcc/arm-none-eabi/11.3.1/../../../../arm-none-eabi/lib/thumb/v7e-m+fp/hard\libc_nano.a(libc_a-mlock.o)
                0x000000000800a3d8                __malloc_unlock
 .text.sqrtf    0x000000000800a3e4       0x3c C:/ST/STM32CubeIDE_1.13.1/STM32CubeIDE/plugins/com.st.stm32cube.ide.mcu.externaltools.gnu-tools-for-stm32.11.3.rel1.win32_1.1.100.202309141235/tools/bin/../lib/gcc/arm-none-eabi/11.3.1/../../../../arm-none-eabi/lib/thumb/v7e-m+fp/hard\libm.a(libm_a-wf_sqrt.o)
                0x000000000800a3e4                sqrtf
 .text.__ieee754_sqrtf
                0x000000000800a420        0x6 C:/ST/STM32CubeIDE_1.13.1/STM32CubeIDE/plugins/com.st.stm32cube.ide.mcu.externaltools.gnu-tools-for-stm32.11.3.rel1.win32_1.1.100.202309141235/tools/bin/../lib/gcc/arm-none-eabi/11.3.1/../../../../arm-none-eabi/lib/thumb/v7e-m+fp/hard\libm.a(libm_a-ef_sqrt.o)
                0x000000000800a420                __ieee754_sqrtf
 *(.glue_7)
 .glue_7        0x000000000800a426        0x0 linker stubs
 *(.glue_7t)
 .glue_7t       0x000000000800a426        0x0 linker stubs
 *(.eh_frame)
 *fill*         0x000000000800a426        0x2 
 .eh_frame      0x000000000800a428        0x0 C:/ST/STM32CubeIDE_1.13.1/STM32CubeIDE/plugins/com.st.stm32cube.ide.mcu.externaltools.gnu-tools-for-stm32.11.3.rel1.win32_1.1.100.202309141235/tools/bin/../lib/gcc/arm-none-eabi/11.3.1/thumb/v7e-m+fp/hard/crtbegin.o
 *(.init)
 .init          0x000000000800a428        0x4 C:/ST/STM32CubeIDE_1.13.1/STM32CubeIDE/plugins/com.st.stm32cube.ide.mcu.externaltools.gnu-tools-for-stm32.11.3.rel1.win32_1.1.100.202309141235/tools/bin/../lib/gcc/arm-none-eabi/11.3.1/thumb/v7e-m+fp/hard/crti.o
                0x000000000800a428                _init
 .init          0x000000000800a42c        0x8 C:/ST/STM32CubeIDE_1.13.1/STM32CubeIDE/plugins/com.st.stm32cube.ide.mcu.externaltools.gnu-tools-for-stm32.11.3.rel1.win32_1.1.100.202309141235/tools/bin/../lib/gcc/arm-none-eabi/11.3.1/thumb/v7e-m+fp/hard/crtn.o
 *(.fini)
 .fini          0x000000000800a434        0x4 C:/ST/STM32CubeIDE_1.13.1/STM32CubeIDE/plugins/com.st.stm32cube.ide.mcu.externaltools.gnu-tools-for-stm32.11.3.rel1.win32_1.1.100.202309141235/tools/bin/../lib/gcc/arm-none-eabi/11.3.1/thumb/v7e-m+fp/hard/crti.o
                0x000000000800a434                _fini
 .fini          0x000000000800a438        0x8 C:/ST/STM32CubeIDE_1.13.1/STM32CubeIDE/plugins/com.st.stm32cube.ide.mcu.externaltools.gnu-tools-for-stm32.11.3.rel1.win32_1.1.100.202309141235/tools/bin/../lib/gcc/arm-none-eabi/11.3.1/thumb/v7e-m+fp/hard/crtn.o
                0x000000000800a440                . = ALIGN (0x4)
                0x000000000800a440                _etext = .

.vfp11_veneer   0x000000000800a440        0x0
 .vfp11_veneer  0x000000000800a440        0x0 linker stubs

.v4_bx          0x000000000800a440        0x0
 .v4_bx         0x000000000800a440        0x0 linker stubs

.iplt           0x000000000800a440        0x0
 .iplt          0x000000000800a440        0x0 C:/ST/STM32CubeIDE_1.13.1/STM32CubeIDE/plugins/com.st.stm32cube.ide.mcu.externaltools.gnu-tools-for-stm32.11.3.rel1.win32_1.1.100.202309141235/tools/bin/../lib/gcc/arm-none-eabi/11.3.1/thumb/v7e-m+fp/hard/crtbegin.o

.rodata         0x000000000800a440    0x13d40
                0x000000000800a440                . = ALIGN (0x4)
 *(.rodata)
 .rodata        0x000000000800a440       0xbc ./Core/Src/main.o
 .rodata        0x000000000800a4fc        0x5 ./Middlewares/Third_Party/FreeRTOS/Source/tasks.o
 *(.rodata*)
 *fill*         0x000000000800a501        0x3 
 .rodata.AHBPrescTable
                0x000000000800a504       0x10 ./Core/Src/system_stm32f4xx.o
                0x000000000800a504                AHBPrescTable
 .rodata.APBPrescTable
                0x000000000800a514        0x8 ./Core/Src/system_stm32f4xx.o
                0x000000000800a514                APBPrescTable
 .rodata.flagBitshiftOffset.0
                0x000000000800a51c        0x8 ./Drivers/STM32F4xx_HAL_Driver/Src/stm32f4xx_hal_dma.o
 .rodata.twiddleCoef_2048
                0x000000000800a524     0x4000 C:\Users\orhan\STM32CubeIDE\workspace_1.13.1\chip_headers\CMSIS\Lib\GCC\libarm_cortexM4lf_math.a(arm_common_tables.o)
                0x000000000800a524                twiddleCoef_2048
 .rodata.twiddleCoef_rfft_64
                0x000000000800e524      0x100 C:\Users\orhan\STM32CubeIDE\workspace_1.13.1\chip_headers\CMSIS\Lib\GCC\libarm_cortexM4lf_math.a(arm_common_tables.o)
                0x000000000800e524                twiddleCoef_rfft_64
 .rodata.armBitRevIndexTable64
                0x000000000800e624       0x70 C:\Users\orhan\STM32CubeIDE\workspace_1.13.1\chip_headers\CMSIS\Lib\GCC\libarm_cortexM4lf_math.a(arm_common_tables.o)
                0x000000000800e624                armBitRevIndexTable64
 .rodata.twiddleCoef_rfft_2048
                0x000000000800e694     0x2000 C:\Users\orhan\STM32CubeIDE\workspace_1.13.1\chip_headers\CMSIS\Lib\GCC\libarm_cortexM4lf_math.a(arm_common_tables.o)
                0x000000000800e694                twiddleCoef_rfft_2048
 .rodata.twiddleCoef_rfft_4096
                0x0000000008010694     0x4000 C:\Users\orhan\STM32CubeIDE\workspace_1.13.1\chip_headers\CMSIS\Lib\GCC\libarm_cortexM4lf_math.a(arm_common_tables.o)
                0x0000000008010694                twiddleCoef_rfft_4096
 .rodata.twiddleCoef_256
                0x0000000008014694      0x800 C:\Users\orhan\STM32CubeIDE\workspace_1.13.1\chip_headers\CMSIS\Lib\GCC\libarm_cortexM4lf_math.a(arm_common_tables.o)
                0x0000000008014694                twiddleCoef_256
 .rodata.twiddleCoef_16
                0x0000000008014e94       0x80 C:\Users\orhan\STM32CubeIDE\workspace_1.13.1\chip_headers\CMSIS\Lib\GCC\libarm_cortexM4lf_math.a(arm_common_tables.o)
                0x0000000008014e94                twiddleCoef_16
 .rodata.twiddleCoef_1024
                0x0000000008014f14     0x2000 C:\Users\orhan\STM32CubeIDE\workspace_1.13.1\chip_headers\CMSIS\Lib\GCC\libarm_cortexM4lf_math.a(arm_common_tables.o)
                0x0000000008014f14                twiddleCoef_1024
 .rodata.twiddleCoef_32
                0x0000000008016f14      0x100 C:\Users\orhan\STM32CubeIDE\workspace_1.13.1\chip_headers\CMSIS\Lib\GCC\libarm_cortexM4lf_math.a(arm_common_tables.o)
                0x0000000008016f14                twiddleCoef_32
 .rodata.armBitRevIndexTable1024
                0x0000000008017014      0xe10 C:\Users\orhan\STM32CubeIDE\workspace_1.13.1\chip_headers\CMSIS\Lib\GCC\libarm_cortexM4lf_math.a(arm_common_tables.o)
                0x0000000008017014                armBitRevIndexTable1024
 .rodata.armBitRevIndexTable16
                0x0000000008017e24       0x28 C:\Users\orhan\STM32CubeIDE\workspace_1.13.1\chip_headers\CMSIS\Lib\GCC\libarm_cortexM4lf_math.a(arm_common_tables.o)
                0x0000000008017e24                armBitRevIndexTable16
 .rodata.twiddleCoef_rfft_32
                0x0000000008017e4c       0x80 C:\Users\orhan\STM32CubeIDE\workspace_1.13.1\chip_headers\CMSIS\Lib\GCC\libarm_cortexM4lf_math.a(arm_common_tables.o)
                0x0000000008017e4c                twiddleCoef_rfft_32
 .rodata.armBitRevIndexTable32
                0x0000000008017ecc       0x60 C:\Users\orhan\STM32CubeIDE\workspace_1.13.1\chip_headers\CMSIS\Lib\GCC\libarm_cortexM4lf_math.a(arm_common_tables.o)
                0x0000000008017ecc                armBitRevIndexTable32
 .rodata.sinTable_f32
                0x0000000008017f2c      0x804 C:\Users\orhan\STM32CubeIDE\workspace_1.13.1\chip_headers\CMSIS\Lib\GCC\libarm_cortexM4lf_math.a(arm_common_tables.o)
                0x0000000008017f2c                sinTable_f32
 .rodata.twiddleCoef_128
                0x0000000008018730      0x400 C:\Users\orhan\STM32CubeIDE\workspace_1.13.1\chip_headers\CMSIS\Lib\GCC\libarm_cortexM4lf_math.a(arm_common_tables.o)
                0x0000000008018730                twiddleCoef_128
 .rodata.twiddleCoef_512
                0x0000000008018b30     0x1000 C:\Users\orhan\STM32CubeIDE\workspace_1.13.1\chip_headers\CMSIS\Lib\GCC\libarm_cortexM4lf_math.a(arm_common_tables.o)
                0x0000000008018b30                twiddleCoef_512
 .rodata.armBitRevIndexTable2048
                0x0000000008019b30     0x1dc0 C:\Users\orhan\STM32CubeIDE\workspace_1.13.1\chip_headers\CMSIS\Lib\GCC\libarm_cortexM4lf_math.a(arm_common_tables.o)
                0x0000000008019b30                armBitRevIndexTable2048
 .rodata.twiddleCoef_64
                0x000000000801b8f0      0x200 C:\Users\orhan\STM32CubeIDE\workspace_1.13.1\chip_headers\CMSIS\Lib\GCC\libarm_cortexM4lf_math.a(arm_common_tables.o)
                0x000000000801b8f0                twiddleCoef_64
 .rodata.twiddleCoef_rfft_512
                0x000000000801baf0      0x800 C:\Users\orhan\STM32CubeIDE\workspace_1.13.1\chip_headers\CMSIS\Lib\GCC\libarm_cortexM4lf_math.a(arm_common_tables.o)
                0x000000000801baf0                twiddleCoef_rfft_512
 .rodata.armBitRevIndexTable512
                0x000000000801c2f0      0x380 C:\Users\orhan\STM32CubeIDE\workspace_1.13.1\chip_headers\CMSIS\Lib\GCC\libarm_cortexM4lf_math.a(arm_common_tables.o)
                0x000000000801c2f0                armBitRevIndexTable512
 .rodata.twiddleCoef_rfft_1024
                0x000000000801c670     0x1000 C:\Users\orhan\STM32CubeIDE\workspace_1.13.1\chip_headers\CMSIS\Lib\GCC\libarm_cortexM4lf_math.a(arm_common_tables.o)
                0x000000000801c670                twiddleCoef_rfft_1024
 .rodata.twiddleCoef_rfft_256
                0x000000000801d670      0x400 C:\Users\orhan\STM32CubeIDE\workspace_1.13.1\chip_headers\CMSIS\Lib\GCC\libarm_cortexM4lf_math.a(arm_common_tables.o)
                0x000000000801d670                twiddleCoef_rfft_256
 .rodata.armBitRevIndexTable256
                0x000000000801da70      0x370 C:\Users\orhan\STM32CubeIDE\workspace_1.13.1\chip_headers\CMSIS\Lib\GCC\libarm_cortexM4lf_math.a(arm_common_tables.o)
                0x000000000801da70                armBitRevIndexTable256
 .rodata.twiddleCoef_rfft_128
                0x000000000801dde0      0x200 C:\Users\orhan\STM32CubeIDE\workspace_1.13.1\chip_headers\CMSIS\Lib\GCC\libarm_cortexM4lf_math.a(arm_common_tables.o)
                0x000000000801dde0                twiddleCoef_rfft_128
 .rodata.armBitRevIndexTable128
                0x000000000801dfe0      0x1a0 C:\Users\orhan\STM32CubeIDE\workspace_1.13.1\chip_headers\CMSIS\Lib\GCC\libarm_cortexM4lf_math.a(arm_common_tables.o)
                0x000000000801dfe0                armBitRevIndexTable128
                0x000000000801e180                . = ALIGN (0x4)

.ARM.extab      0x000000000801e180        0x0
                0x000000000801e180                . = ALIGN (0x4)
 *(.ARM.extab* .gnu.linkonce.armextab.*)
                0x000000000801e180                . = ALIGN (0x4)

.ARM            0x000000000801e180        0x8
                0x000000000801e180                . = ALIGN (0x4)
                0x000000000801e180                __exidx_start = .
 *(.ARM.exidx*)
 .ARM.exidx     0x000000000801e180        0x8 C:/ST/STM32CubeIDE_1.13.1/STM32CubeIDE/plugins/com.st.stm32cube.ide.mcu.externaltools.gnu-tools-for-stm32.11.3.rel1.win32_1.1.100.202309141235/tools/bin/../lib/gcc/arm-none-eabi/11.3.1/thumb/v7e-m+fp/hard\libgcc.a(_udivmoddi4.o)
                0x000000000801e188                __exidx_end = .
                0x000000000801e188                . = ALIGN (0x4)

.rel.dyn        0x000000000801e188        0x0
 .rel.iplt      0x000000000801e188        0x0 C:/ST/STM32CubeIDE_1.13.1/STM32CubeIDE/plugins/com.st.stm32cube.ide.mcu.externaltools.gnu-tools-for-stm32.11.3.rel1.win32_1.1.100.202309141235/tools/bin/../lib/gcc/arm-none-eabi/11.3.1/thumb/v7e-m+fp/hard/crtbegin.o

.preinit_array  0x000000000801e188        0x0
                0x000000000801e188                . = ALIGN (0x4)
                0x000000000801e188                PROVIDE (__preinit_array_start = .)
 *(.preinit_array*)
                0x000000000801e188                PROVIDE (__preinit_array_end = .)
                0x000000000801e188                . = ALIGN (0x4)

.init_array     0x000000000801e188        0x4
                0x000000000801e188                . = ALIGN (0x4)
                0x000000000801e188                PROVIDE (__init_array_start = .)
 *(SORT_BY_NAME(.init_array.*))
 *(.init_array*)
 .init_array    0x000000000801e188        0x4 C:/ST/STM32CubeIDE_1.13.1/STM32CubeIDE/plugins/com.st.stm32cube.ide.mcu.externaltools.gnu-tools-for-stm32.11.3.rel1.win32_1.1.100.202309141235/tools/bin/../lib/gcc/arm-none-eabi/11.3.1/thumb/v7e-m+fp/hard/crtbegin.o
                0x000000000801e18c                PROVIDE (__init_array_end = .)
                0x000000000801e18c                . = ALIGN (0x4)

.fini_array     0x000000000801e18c        0x4
                0x000000000801e18c                . = ALIGN (0x4)
                [!provide]                        PROVIDE (__fini_array_start = .)
 *(SORT_BY_NAME(.fini_array.*))
 *(.fini_array*)
 .fini_array    0x000000000801e18c        0x4 C:/ST/STM32CubeIDE_1.13.1/STM32CubeIDE/plugins/com.st.stm32cube.ide.mcu.externaltools.gnu-tools-for-stm32.11.3.rel1.win32_1.1.100.202309141235/tools/bin/../lib/gcc/arm-none-eabi/11.3.1/thumb/v7e-m+fp/hard/crtbegin.o
                [!provide]                        PROVIDE (__fini_array_end = .)
                0x000000000801e190                . = ALIGN (0x4)
                0x000000000801e190                _sidata = LOADADDR (.data)

.data           0x0000000020000000       0xb0 load address 0x000000000801e190
                0x0000000020000000                . = ALIGN (0x4)
                0x0000000020000000                _sdata = .
 *(.data)
 *(.data*)
 .data.destIP_PC
                0x0000000020000000        0x4 ./Core/Src/main.o
                0x0000000020000000                destIP_PC
 .data.destIP_F411
                0x0000000020000004        0x4 ./Core/Src/main.o
                0x0000000020000004                destIP_F411
 .data.netInfo  0x0000000020000008       0x17 ./Core/Src/main.o
                0x0000000020000008                netInfo
 *fill*         0x000000002000001f        0x1 
 .data.SystemCoreClock
                0x0000000020000020        0x4 ./Core/Src/system_stm32f4xx.o
                0x0000000020000020                SystemCoreClock
 .data.sock_any_port
                0x0000000020000024        0x2 ./Drivers/Ethernet_w5500/socket.o
 *fill*         0x0000000020000026        0x2 
 .data.WIZCHIP  0x0000000020000028       0x2c ./Drivers/Ethernet_w5500/wizchip_conf.o
                0x0000000020000028                WIZCHIP
 .data.uwTickPrio
                0x0000000020000054        0x4 ./Drivers/STM32F4xx_HAL_Driver/Src/stm32f4xx_hal.o
                0x0000000020000054                uwTickPrio
 .data.uwTickFreq
                0x0000000020000058        0x1 ./Drivers/STM32F4xx_HAL_Driver/Src/stm32f4xx_hal.o
                0x0000000020000058                uwTickFreq
 *fill*         0x0000000020000059        0x3 
 .data.uxCriticalNesting
                0x000000002000005c        0x4 ./Middlewares/Third_Party/FreeRTOS/Source/portable/GCC/ARM_CM4F/port.o
 .data._impure_data
                0x0000000020000060       0x4c C:/ST/STM32CubeIDE_1.13.1/STM32CubeIDE/plugins/com.st.stm32cube.ide.mcu.externaltools.gnu-tools-for-stm32.11.3.rel1.win32_1.1.100.202309141235/tools/bin/../lib/gcc/arm-none-eabi/11.3.1/../../../../arm-none-eabi/lib/thumb/v7e-m+fp/hard\libc_nano.a(libc_a-impure.o)
                0x0000000020000060                _impure_data
 .data._impure_ptr
                0x00000000200000ac        0x4 C:/ST/STM32CubeIDE_1.13.1/STM32CubeIDE/plugins/com.st.stm32cube.ide.mcu.externaltools.gnu-tools-for-stm32.11.3.rel1.win32_1.1.100.202309141235/tools/bin/../lib/gcc/arm-none-eabi/11.3.1/../../../../arm-none-eabi/lib/thumb/v7e-m+fp/hard\libc_nano.a(libc_a-impure.o)
                0x00000000200000ac                _impure_ptr
 *(.RamFunc)
 *(.RamFunc*)
                0x00000000200000b0                . = ALIGN (0x4)
                0x00000000200000b0                _edata = .

.igot.plt       0x00000000200000b0        0x0 load address 0x000000000801e240
 .igot.plt      0x00000000200000b0        0x0 C:/ST/STM32CubeIDE_1.13.1/STM32CubeIDE/plugins/com.st.stm32cube.ide.mcu.externaltools.gnu-tools-for-stm32.11.3.rel1.win32_1.1.100.202309141235/tools/bin/../lib/gcc/arm-none-eabi/11.3.1/thumb/v7e-m+fp/hard/crtbegin.o
                0x00000000200000b0                . = ALIGN (0x4)

.bss            0x00000000200000b0     0xb088 load address 0x000000000801e240
                0x00000000200000b0                _sbss = .
                0x00000000200000b0                __bss_start__ = _sbss
 *(.bss)
 .bss           0x00000000200000b0       0x1c C:/ST/STM32CubeIDE_1.13.1/STM32CubeIDE/plugins/com.st.stm32cube.ide.mcu.externaltools.gnu-tools-for-stm32.11.3.rel1.win32_1.1.100.202309141235/tools/bin/../lib/gcc/arm-none-eabi/11.3.1/thumb/v7e-m+fp/hard/crtbegin.o
 *(.bss*)
 .bss.xIdleTaskTCBBuffer
                0x00000000200000cc       0xa0 ./Core/Src/freertos.o
 .bss.xIdleStack
                0x000000002000016c      0x200 ./Core/Src/freertos.o
 .bss.hspi1     0x000000002000036c       0x58 ./Core/Src/main.o
                0x000000002000036c                hspi1
 .bss.hdma_spi1_rx
                0x00000000200003c4       0x60 ./Core/Src/main.o
                0x00000000200003c4                hdma_spi1_rx
 .bss.hdma_spi1_tx
                0x0000000020000424       0x60 ./Core/Src/main.o
                0x0000000020000424                hdma_spi1_tx
 .bss.TaskRXHandle
                0x0000000020000484        0x4 ./Core/Src/main.o
                0x0000000020000484                TaskRXHandle
 .bss.TaskDSPHandle
                0x0000000020000488        0x4 ./Core/Src/main.o
                0x0000000020000488                TaskDSPHandle
 .bss.TaskTX_F411Handle
                0x000000002000048c        0x4 ./Core/Src/main.o
                0x000000002000048c                TaskTX_F411Handle
 .bss.TaskTX_PCHandle
                0x0000000020000490        0x4 ./Core/Src/main.o
                0x0000000020000490                TaskTX_PCHandle
 .bss.rawDataQueue
                0x0000000020000494        0x4 ./Core/Src/main.o
                0x0000000020000494                rawDataQueue
 .bss.f411Queue
                0x0000000020000498        0x4 ./Core/Src/main.o
                0x0000000020000498                f411Queue
 .bss.pcFFTQueue
                0x000000002000049c        0x4 ./Core/Src/main.o
                0x000000002000049c                pcFFTQueue
 .bss.spiMutex  0x00000000200004a0        0x4 ./Core/Src/main.o
                0x00000000200004a0                spiMutex
 .bss.dmaTxSem  0x00000000200004a4        0x4 ./Core/Src/main.o
                0x00000000200004a4                dmaTxSem
 .bss.dmaRxSem  0x00000000200004a8        0x4 ./Core/Src/main.o
                0x00000000200004a8                dmaRxSem
 .bss.rxPool    0x00000000200004ac      0x970 ./Core/Src/main.o
                0x00000000200004ac                rxPool
 .bss.iq_buf    0x0000000020000e1c     0x2000 ./Core/Src/main.o
                0x0000000020000e1c                iq_buf
 .bss.fft_mag_iq
                0x0000000020002e1c     0x1000 ./Core/Src/main.o
                0x0000000020002e1c                fft_mag_iq
 .bss.hanning_window
                0x0000000020003e1c     0x2000 ./Core/Src/main.o
                0x0000000020003e1c                hanning_window
 .bss.fft_instance
                0x0000000020005e1c       0x18 ./Core/Src/main.o
                0x0000000020005e1c                fft_instance
 .bss.htim1     0x0000000020005e34       0x48 ./Core/Src/stm32f4xx_hal_timebase_tim.o
                0x0000000020005e34                htim1
 .bss.sock_io_mode
                0x0000000020005e7c        0x2 ./Drivers/Ethernet_w5500/socket.o
 .bss.sock_is_sending
                0x0000000020005e7e        0x2 ./Drivers/Ethernet_w5500/socket.o
 .bss.sock_remained_size
                0x0000000020005e80       0x10 ./Drivers/Ethernet_w5500/socket.o
 .bss.sock_pack_info
                0x0000000020005e90        0x8 ./Drivers/Ethernet_w5500/socket.o
                0x0000000020005e90                sock_pack_info
 .bss._DNS_     0x0000000020005e98        0x4 ./Drivers/Ethernet_w5500/wizchip_conf.o
 .bss._DHCP_    0x0000000020005e9c        0x1 ./Drivers/Ethernet_w5500/wizchip_conf.o
 *fill*         0x0000000020005e9d        0x3 
 .bss.uwTick    0x0000000020005ea0        0x4 ./Drivers/STM32F4xx_HAL_Driver/Src/stm32f4xx_hal.o
                0x0000000020005ea0                uwTick
 .bss.pxCurrentTCB
                0x0000000020005ea4        0x4 ./Middlewares/Third_Party/FreeRTOS/Source/tasks.o
                0x0000000020005ea4                pxCurrentTCB
 .bss.pxReadyTasksLists
                0x0000000020005ea8       0x8c ./Middlewares/Third_Party/FreeRTOS/Source/tasks.o
 .bss.xDelayedTaskList1
                0x0000000020005f34       0x14 ./Middlewares/Third_Party/FreeRTOS/Source/tasks.o
 .bss.xDelayedTaskList2
                0x0000000020005f48       0x14 ./Middlewares/Third_Party/FreeRTOS/Source/tasks.o
 .bss.pxDelayedTaskList
                0x0000000020005f5c        0x4 ./Middlewares/Third_Party/FreeRTOS/Source/tasks.o
 .bss.pxOverflowDelayedTaskList
                0x0000000020005f60        0x4 ./Middlewares/Third_Party/FreeRTOS/Source/tasks.o
 .bss.xPendingReadyList
                0x0000000020005f64       0x14 ./Middlewares/Third_Party/FreeRTOS/Source/tasks.o
 .bss.xTasksWaitingTermination
                0x0000000020005f78       0x14 ./Middlewares/Third_Party/FreeRTOS/Source/tasks.o
 .bss.uxDeletedTasksWaitingCleanUp
                0x0000000020005f8c        0x4 ./Middlewares/Third_Party/FreeRTOS/Source/tasks.o
 .bss.xSuspendedTaskList
                0x0000000020005f90       0x14 ./Middlewares/Third_Party/FreeRTOS/Source/tasks.o
 .bss.uxCurrentNumberOfTasks
                0x0000000020005fa4        0x4 ./Middlewares/Third_Party/FreeRTOS/Source/tasks.o
 .bss.xTickCount
                0x0000000020005fa8        0x4 ./Middlewares/Third_Party/FreeRTOS/Source/tasks.o
 .bss.uxTopReadyPriority
                0x0000000020005fac        0x4 ./Middlewares/Third_Party/FreeRTOS/Source/tasks.o
 .bss.xSchedulerRunning
                0x0000000020005fb0        0x4 ./Middlewares/Third_Party/FreeRTOS/Source/tasks.o
 .bss.xPendedTicks
                0x0000000020005fb4        0x4 ./Middlewares/Third_Party/FreeRTOS/Source/tasks.o
 .bss.xYieldPending
                0x0000000020005fb8        0x4 ./Middlewares/Third_Party/FreeRTOS/Source/tasks.o
 .bss.xNumOfOverflows
                0x0000000020005fbc        0x4 ./Middlewares/Third_Party/FreeRTOS/Source/tasks.o
 .bss.uxTaskNumber
                0x0000000020005fc0        0x4 ./Middlewares/Third_Party/FreeRTOS/Source/tasks.o
 .bss.xNextTaskUnblockTime
                0x0000000020005fc4        0x4 ./Middlewares/Third_Party/FreeRTOS/Source/tasks.o
 .bss.xIdleTaskHandle
                0x0000000020005fc8        0x4 ./Middlewares/Third_Party/FreeRTOS/Source/tasks.o
 .bss.uxSchedulerSuspended
                0x0000000020005fcc        0x4 ./Middlewares/Third_Party/FreeRTOS/Source/tasks.o
 .bss.ucMaxSysCallPriority
                0x0000000020005fd0        0x1 ./Middlewares/Third_Party/FreeRTOS/Source/portable/GCC/ARM_CM4F/port.o
 *fill*         0x0000000020005fd1        0x3 
 .bss.ulMaxPRIGROUPValue
                0x0000000020005fd4        0x4 ./Middlewares/Third_Party/FreeRTOS/Source/portable/GCC/ARM_CM4F/port.o
 .bss.ucHeap    0x0000000020005fd8     0x5000 ./Middlewares/Third_Party/FreeRTOS/Source/portable/MemMang/heap_4.o
 .bss.xStart    0x000000002000afd8        0x8 ./Middlewares/Third_Party/FreeRTOS/Source/portable/MemMang/heap_4.o
 .bss.pxEnd     0x000000002000afe0        0x4 ./Middlewares/Third_Party/FreeRTOS/Source/portable/MemMang/heap_4.o
 .bss.xFreeBytesRemaining
                0x000000002000afe4        0x4 ./Middlewares/Third_Party/FreeRTOS/Source/portable/MemMang/heap_4.o
 .bss.xMinimumEverFreeBytesRemaining
                0x000000002000afe8        0x4 ./Middlewares/Third_Party/FreeRTOS/Source/portable/MemMang/heap_4.o
 .bss.xNumberOfSuccessfulAllocations
                0x000000002000afec        0x4 ./Middlewares/Third_Party/FreeRTOS/Source/portable/MemMang/heap_4.o
 .bss.xNumberOfSuccessfulFrees
                0x000000002000aff0        0x4 ./Middlewares/Third_Party/FreeRTOS/Source/portable/MemMang/heap_4.o
 .bss.xBlockAllocatedBit
                0x000000002000aff4        0x4 ./Middlewares/Third_Party/FreeRTOS/Source/portable/MemMang/heap_4.o
 .bss.__sf      0x000000002000aff8      0x138 C:/ST/STM32CubeIDE_1.13.1/STM32CubeIDE/plugins/com.st.stm32cube.ide.mcu.externaltools.gnu-tools-for-stm32.11.3.rel1.win32_1.1.100.202309141235/tools/bin/../lib/gcc/arm-none-eabi/11.3.1/../../../../arm-none-eabi/lib/thumb/v7e-m+fp/hard\libc_nano.a(libc_a-findfp.o)
                0x000000002000aff8                __sf
 .bss.__lock___malloc_recursive_mutex
                0x000000002000b130        0x1 C:/ST/STM32CubeIDE_1.13.1/STM32CubeIDE/plugins/com.st.stm32cube.ide.mcu.externaltools.gnu-tools-for-stm32.11.3.rel1.win32_1.1.100.202309141235/tools/bin/../lib/gcc/arm-none-eabi/11.3.1/../../../../arm-none-eabi/lib/thumb/v7e-m+fp/hard\libc_nano.a(libc_a-lock.o)
                0x000000002000b130                __lock___malloc_recursive_mutex
 *fill*         0x000000002000b131        0x3 
 .bss.__malloc_free_list
                0x000000002000b134        0x4 C:/ST/STM32CubeIDE_1.13.1/STM32CubeIDE/plugins/com.st.stm32cube.ide.mcu.externaltools.gnu-tools-for-stm32.11.3.rel1.win32_1.1.100.202309141235/tools/bin/../lib/gcc/arm-none-eabi/11.3.1/../../../../arm-none-eabi/lib/thumb/v7e-m+fp/hard\libc_nano.a(libc_a-mallocr.o)
                0x000000002000b134                __malloc_free_list
 *(COMMON)
                0x000000002000b138                . = ALIGN (0x4)
                0x000000002000b138                _ebss = .
                0x000000002000b138                __bss_end__ = _ebss

._user_heap_stack
                0x000000002000b138      0x600 load address 0x000000000801e240
                0x000000002000b138                . = ALIGN (0x8)
                [!provide]                        PROVIDE (end = .)
                0x000000002000b138                PROVIDE (_end = .)
                0x000000002000b338                . = (. + _Min_Heap_Size)
 *fill*         0x000000002000b138      0x200 
                0x000000002000b738                . = (. + _Min_Stack_Size)
 *fill*         0x000000002000b338      0x400 
                0x000000002000b738                . = ALIGN (0x8)

/DISCARD/
 libc.a(*)
 libm.a(*)
 libgcc.a(*)

.ARM.attributes
                0x0000000000000000       0x30
 *(.ARM.attributes)
 .ARM.attributes
                0x0000000000000000       0x1e C:/ST/STM32CubeIDE_1.13.1/STM32CubeIDE/plugins/com.st.stm32cube.ide.mcu.externaltools.gnu-tools-for-stm32.11.3.rel1.win32_1.1.100.202309141235/tools/bin/../lib/gcc/arm-none-eabi/11.3.1/thumb/v7e-m+fp/hard/crti.o
 .ARM.attributes
                0x000000000000001e       0x34 C:/ST/STM32CubeIDE_1.13.1/STM32CubeIDE/plugins/com.st.stm32cube.ide.mcu.externaltools.gnu-tools-for-stm32.11.3.rel1.win32_1.1.100.202309141235/tools/bin/../lib/gcc/arm-none-eabi/11.3.1/thumb/v7e-m+fp/hard/crtbegin.o
 .ARM.attributes
                0x0000000000000052       0x34 ./Core/Src/freertos.o
 .ARM.attributes
                0x0000000000000086       0x34 ./Core/Src/main.o
 .ARM.attributes
                0x00000000000000ba       0x34 ./Core/Src/stm32f4xx_hal_msp.o
 .ARM.attributes
                0x00000000000000ee       0x34 ./Core/Src/stm32f4xx_hal_timebase_tim.o
 .ARM.attributes
                0x0000000000000122       0x34 ./Core/Src/stm32f4xx_it.o
 .ARM.attributes
                0x0000000000000156       0x34 ./Core/Src/system_stm32f4xx.o
 .ARM.attributes
                0x000000000000018a       0x21 ./Core/Startup/startup_stm32f401rctx.o
 .ARM.attributes
                0x00000000000001ab       0x34 ./Drivers/Ethernet_w5500/W5500/w5500.o
 .ARM.attributes
                0x00000000000001df       0x34 ./Drivers/Ethernet_w5500/socket.o
 .ARM.attributes
                0x0000000000000213       0x34 ./Drivers/Ethernet_w5500/wizchip_conf.o
 .ARM.attributes
                0x0000000000000247       0x34 ./Drivers/STM32F4xx_HAL_Driver/Src/stm32f4xx_hal.o
 .ARM.attributes
                0x000000000000027b       0x34 ./Drivers/STM32F4xx_HAL_Driver/Src/stm32f4xx_hal_cortex.o
 .ARM.attributes
                0x00000000000002af       0x34 ./Drivers/STM32F4xx_HAL_Driver/Src/stm32f4xx_hal_dma.o
 .ARM.attributes
                0x00000000000002e3       0x34 ./Drivers/STM32F4xx_HAL_Driver/Src/stm32f4xx_hal_gpio.o
 .ARM.attributes
                0x0000000000000317       0x34 ./Drivers/STM32F4xx_HAL_Driver/Src/stm32f4xx_hal_rcc.o
 .ARM.attributes
                0x000000000000034b       0x34 ./Drivers/STM32F4xx_HAL_Driver/Src/stm32f4xx_hal_spi.o
 .ARM.attributes
                0x000000000000037f       0x34 ./Drivers/STM32F4xx_HAL_Driver/Src/stm32f4xx_hal_tim.o
 .ARM.attributes
                0x00000000000003b3       0x34 ./Drivers/STM32F4xx_HAL_Driver/Src/stm32f4xx_hal_tim_ex.o
 .ARM.attributes
                0x00000000000003e7       0x34 ./Middlewares/Third_Party/FreeRTOS/Source/CMSIS_RTOS/cmsis_os.o
 .ARM.attributes
                0x000000000000041b       0x34 ./Middlewares/Third_Party/FreeRTOS/Source/list.o
 .ARM.attributes
                0x000000000000044f       0x34 ./Middlewares/Third_Party/FreeRTOS/Source/queue.o
 .ARM.attributes
                0x0000000000000483       0x34 ./Middlewares/Third_Party/FreeRTOS/Source/tasks.o
 .ARM.attributes
                0x00000000000004b7       0x34 ./Middlewares/Third_Party/FreeRTOS/Source/portable/GCC/ARM_CM4F/port.o
 .ARM.attributes
                0x00000000000004eb       0x34 ./Middlewares/Third_Party/FreeRTOS/Source/portable/MemMang/heap_4.o
 .ARM.attributes
                0x000000000000051f       0x39 C:\Users\orhan\STM32CubeIDE\workspace_1.13.1\chip_headers\CMSIS\Lib\GCC\libarm_cortexM4lf_math.a(arm_rfft_fast_init_f32.o)
 .ARM.attributes
                0x0000000000000558       0x39 C:\Users\orhan\STM32CubeIDE\workspace_1.13.1\chip_headers\CMSIS\Lib\GCC\libarm_cortexM4lf_math.a(arm_rfft_fast_f32.o)
 .ARM.attributes
                0x0000000000000591       0x39 C:\Users\orhan\STM32CubeIDE\workspace_1.13.1\chip_headers\CMSIS\Lib\GCC\libarm_cortexM4lf_math.a(arm_cfft_f32.o)
 .ARM.attributes
                0x00000000000005ca       0x39 C:\Users\orhan\STM32CubeIDE\workspace_1.13.1\chip_headers\CMSIS\Lib\GCC\libarm_cortexM4lf_math.a(arm_cmplx_mag_f32.o)
 .ARM.attributes
                0x0000000000000603       0x39 C:\Users\orhan\STM32CubeIDE\workspace_1.13.1\chip_headers\CMSIS\Lib\GCC\libarm_cortexM4lf_math.a(arm_sin_f32.o)
 .ARM.attributes
                0x000000000000063c       0x39 C:\Users\orhan\STM32CubeIDE\workspace_1.13.1\chip_headers\CMSIS\Lib\GCC\libarm_cortexM4lf_math.a(arm_cos_f32.o)
 .ARM.attributes
                0x0000000000000675       0x39 C:\Users\orhan\STM32CubeIDE\workspace_1.13.1\chip_headers\CMSIS\Lib\GCC\libarm_cortexM4lf_math.a(arm_mult_f32.o)
 .ARM.attributes
                0x00000000000006ae       0x39 C:\Users\orhan\STM32CubeIDE\workspace_1.13.1\chip_headers\CMSIS\Lib\GCC\libarm_cortexM4lf_math.a(arm_common_tables.o)
 .ARM.attributes
                0x00000000000006e7       0x25 C:\Users\orhan\STM32CubeIDE\workspace_1.13.1\chip_headers\CMSIS\Lib\GCC\libarm_cortexM4lf_math.a(arm_bitreversal2.o)
 .ARM.attributes
                0x000000000000070c       0x39 C:\Users\orhan\STM32CubeIDE\workspace_1.13.1\chip_headers\CMSIS\Lib\GCC\libarm_cortexM4lf_math.a(arm_cfft_radix8_f32.o)
 .ARM.attributes
                0x0000000000000745       0x34 C:/ST/STM32CubeIDE_1.13.1/STM32CubeIDE/plugins/com.st.stm32cube.ide.mcu.externaltools.gnu-tools-for-stm32.11.3.rel1.win32_1.1.100.202309141235/tools/bin/../lib/gcc/arm-none-eabi/11.3.1/../../../../arm-none-eabi/lib/thumb/v7e-m+fp/hard\libc_nano.a(libc_a-findfp.o)
 .ARM.attributes
                0x0000000000000779       0x34 C:/ST/STM32CubeIDE_1.13.1/STM32CubeIDE/plugins/com.st.stm32cube.ide.mcu.externaltools.gnu-tools-for-stm32.11.3.rel1.win32_1.1.100.202309141235/tools/bin/../lib/gcc/arm-none-eabi/11.3.1/../../../../arm-none-eabi/lib/thumb/v7e-m+fp/hard\libc_nano.a(libc_a-memset.o)
 .ARM.attributes
                0x00000000000007ad       0x34 C:/ST/STM32CubeIDE_1.13.1/STM32CubeIDE/plugins/com.st.stm32cube.ide.mcu.externaltools.gnu-tools-for-stm32.11.3.rel1.win32_1.1.100.202309141235/tools/bin/../lib/gcc/arm-none-eabi/11.3.1/../../../../arm-none-eabi/lib/thumb/v7e-m+fp/hard\libc_nano.a(libc_a-reent.o)
 .ARM.attributes
                0x00000000000007e1       0x34 C:/ST/STM32CubeIDE_1.13.1/STM32CubeIDE/plugins/com.st.stm32cube.ide.mcu.externaltools.gnu-tools-for-stm32.11.3.rel1.win32_1.1.100.202309141235/tools/bin/../lib/gcc/arm-none-eabi/11.3.1/../../../../arm-none-eabi/lib/thumb/v7e-m+fp/hard\libc_nano.a(libc_a-impure.o)
 .ARM.attributes
                0x0000000000000815       0x34 C:/ST/STM32CubeIDE_1.13.1/STM32CubeIDE/plugins/com.st.stm32cube.ide.mcu.externaltools.gnu-tools-for-stm32.11.3.rel1.win32_1.1.100.202309141235/tools/bin/../lib/gcc/arm-none-eabi/11.3.1/../../../../arm-none-eabi/lib/thumb/v7e-m+fp/hard\libc_nano.a(libc_a-errno.o)
 .ARM.attributes
                0x0000000000000849       0x34 C:/ST/STM32CubeIDE_1.13.1/STM32CubeIDE/plugins/com.st.stm32cube.ide.mcu.externaltools.gnu-tools-for-stm32.11.3.rel1.win32_1.1.100.202309141235/tools/bin/../lib/gcc/arm-none-eabi/11.3.1/../../../../arm-none-eabi/lib/thumb/v7e-m+fp/hard\libc_nano.a(libc_a-init.o)
 .ARM.attributes
                0x000000000000087d       0x34 C:/ST/STM32CubeIDE_1.13.1/STM32CubeIDE/plugins/com.st.stm32cube.ide.mcu.externaltools.gnu-tools-for-stm32.11.3.rel1.win32_1.1.100.202309141235/tools/bin/../lib/gcc/arm-none-eabi/11.3.1/../../../../arm-none-eabi/lib/thumb/v7e-m+fp/hard\libc_nano.a(libc_a-lock.o)
 .ARM.attributes
                0x00000000000008b1       0x34 C:/ST/STM32CubeIDE_1.13.1/STM32CubeIDE/plugins/com.st.stm32cube.ide.mcu.externaltools.gnu-tools-for-stm32.11.3.rel1.win32_1.1.100.202309141235/tools/bin/../lib/gcc/arm-none-eabi/11.3.1/../../../../arm-none-eabi/lib/thumb/v7e-m+fp/hard\libc_nano.a(libc_a-memcpy-stub.o)
 .ARM.attributes
                0x00000000000008e5       0x34 C:/ST/STM32CubeIDE_1.13.1/STM32CubeIDE/plugins/com.st.stm32cube.ide.mcu.externaltools.gnu-tools-for-stm32.11.3.rel1.win32_1.1.100.202309141235/tools/bin/../lib/gcc/arm-none-eabi/11.3.1/../../../../arm-none-eabi/lib/thumb/v7e-m+fp/hard\libc_nano.a(libc_a-freer.o)
 .ARM.attributes
                0x0000000000000919       0x34 C:/ST/STM32CubeIDE_1.13.1/STM32CubeIDE/plugins/com.st.stm32cube.ide.mcu.externaltools.gnu-tools-for-stm32.11.3.rel1.win32_1.1.100.202309141235/tools/bin/../lib/gcc/arm-none-eabi/11.3.1/../../../../arm-none-eabi/lib/thumb/v7e-m+fp/hard\libc_nano.a(libc_a-mallocr.o)
 .ARM.attributes
                0x000000000000094d       0x34 C:/ST/STM32CubeIDE_1.13.1/STM32CubeIDE/plugins/com.st.stm32cube.ide.mcu.externaltools.gnu-tools-for-stm32.11.3.rel1.win32_1.1.100.202309141235/tools/bin/../lib/gcc/arm-none-eabi/11.3.1/../../../../arm-none-eabi/lib/thumb/v7e-m+fp/hard\libc_nano.a(libc_a-mlock.o)
 .ARM.attributes
                0x0000000000000981       0x34 C:/ST/STM32CubeIDE_1.13.1/STM32CubeIDE/plugins/com.st.stm32cube.ide.mcu.externaltools.gnu-tools-for-stm32.11.3.rel1.win32_1.1.100.202309141235/tools/bin/../lib/gcc/arm-none-eabi/11.3.1/../../../../arm-none-eabi/lib/thumb/v7e-m+fp/hard\libm.a(libm_a-wf_sqrt.o)
 .ARM.attributes
                0x00000000000009b5       0x34 C:/ST/STM32CubeIDE_1.13.1/STM32CubeIDE/plugins/com.st.stm32cube.ide.mcu.externaltools.gnu-tools-for-stm32.11.3.rel1.win32_1.1.100.202309141235/tools/bin/../lib/gcc/arm-none-eabi/11.3.1/../../../../arm-none-eabi/lib/thumb/v7e-m+fp/hard\libm.a(libm_a-ef_sqrt.o)
 .ARM.attributes
                0x00000000000009e9       0x1e C:/ST/STM32CubeIDE_1.13.1/STM32CubeIDE/plugins/com.st.stm32cube.ide.mcu.externaltools.gnu-tools-for-stm32.11.3.rel1.win32_1.1.100.202309141235/tools/bin/../lib/gcc/arm-none-eabi/11.3.1/thumb/v7e-m+fp/hard\libgcc.a(_aeabi_uldivmod.o)
 .ARM.attributes
                0x0000000000000a07       0x34 C:/ST/STM32CubeIDE_1.13.1/STM32CubeIDE/plugins/com.st.stm32cube.ide.mcu.externaltools.gnu-tools-for-stm32.11.3.rel1.win32_1.1.100.202309141235/tools/bin/../lib/gcc/arm-none-eabi/11.3.1/thumb/v7e-m+fp/hard\libgcc.a(_udivmoddi4.o)
 .ARM.attributes
                0x0000000000000a3b       0x1e C:/ST/STM32CubeIDE_1.13.1/STM32CubeIDE/plugins/com.st.stm32cube.ide.mcu.externaltools.gnu-tools-for-stm32.11.3.rel1.win32_1.1.100.202309141235/tools/bin/../lib/gcc/arm-none-eabi/11.3.1/thumb/v7e-m+fp/hard\libgcc.a(_dvmd_tls.o)
 .ARM.attributes
                0x0000000000000a59       0x1e C:/ST/STM32CubeIDE_1.13.1/STM32CubeIDE/plugins/com.st.stm32cube.ide.mcu.externaltools.gnu-tools-for-stm32.11.3.rel1.win32_1.1.100.202309141235/tools/bin/../lib/gcc/arm-none-eabi/11.3.1/thumb/v7e-m+fp/hard/crtn.o
OUTPUT(f401_fft_rtos_deneme_nohaldsp.elf elf32-littlearm)
LOAD linker stubs
LOAD C:/ST/STM32CubeIDE_1.13.1/STM32CubeIDE/plugins/com.st.stm32cube.ide.mcu.externaltools.gnu-tools-for-stm32.11.3.rel1.win32_1.1.100.202309141235/tools/bin/../lib/gcc/arm-none-eabi/11.3.1/../../../../arm-none-eabi/lib/thumb/v7e-m+fp/hard\libc.a